Component: ARM Compiler 5.06 update 7 (build 960) Tool: armlink [4d3601]

==============================================================================

Section Cross References

    startup_stm32f334x8.o(RESET) refers to startup_stm32f334x8.o(STACK) for __initial_sp
    startup_stm32f334x8.o(RESET) refers to startup_stm32f334x8.o(.text) for Reset_Handler
    startup_stm32f334x8.o(RESET) refers to stm32f3xx_it.o(i.NMI_Handler) for NMI_Handler
    startup_stm32f334x8.o(RESET) refers to stm32f3xx_it.o(i.HardFault_Handler) for HardFault_Handler
    startup_stm32f334x8.o(RESET) refers to stm32f3xx_it.o(i.MemManage_Handler) for MemManage_Handler
    startup_stm32f334x8.o(RESET) refers to stm32f3xx_it.o(i.BusFault_Handler) for BusFault_Handler
    startup_stm32f334x8.o(RESET) refers to stm32f3xx_it.o(i.UsageFault_Handler) for UsageFault_Handler
    startup_stm32f334x8.o(RESET) refers to stm32f3xx_it.o(i.SVC_Handler) for SVC_Handler
    startup_stm32f334x8.o(RESET) refers to stm32f3xx_it.o(i.DebugMon_Handler) for DebugMon_Handler
    startup_stm32f334x8.o(RESET) refers to stm32f3xx_it.o(i.PendSV_Handler) for PendSV_Handler
    startup_stm32f334x8.o(RESET) refers to stm32f3xx_it.o(i.SysTick_Handler) for SysTick_Handler
    startup_stm32f334x8.o(RESET) refers to stm32f3xx_it.o(i.PVD_IRQHandler) for PVD_IRQHandler
    startup_stm32f334x8.o(RESET) refers to stm32f3xx_it.o(i.RCC_IRQHandler) for RCC_IRQHandler
    startup_stm32f334x8.o(RESET) refers to stm32f3xx_it.o(i.DMA1_Channel4_IRQHandler) for DMA1_Channel4_IRQHandler
    startup_stm32f334x8.o(RESET) refers to stm32f3xx_it.o(i.DMA1_Channel5_IRQHandler) for DMA1_Channel5_IRQHandler
    startup_stm32f334x8.o(RESET) refers to stm32f3xx_it.o(i.TIM1_BRK_TIM15_IRQHandler) for TIM1_BRK_TIM15_IRQHandler
    startup_stm32f334x8.o(RESET) refers to stm32f3xx_it.o(i.TIM2_IRQHandler) for TIM2_IRQHandler
    startup_stm32f334x8.o(RESET) refers to stm32f3xx_it.o(i.TIM3_IRQHandler) for TIM3_IRQHandler
    startup_stm32f334x8.o(.text) refers to system_stm32f3xx.o(i.SystemInit) for SystemInit
    startup_stm32f334x8.o(.text) refers to entry.o(.ARM.Collect$$$$00000000) for __main
    main.o(i.SystemClock_Config) refers to stm32f3xx_ll_utils.o(i.LL_Init1msTick) for LL_Init1msTick
    main.o(i.SystemClock_Config) refers to stm32f3xx_ll_utils.o(i.LL_SetSystemCoreClock) for LL_SetSystemCoreClock
    main.o(i.main) refers to main.o(i.__NVIC_GetPriorityGrouping) for __NVIC_GetPriorityGrouping
    main.o(i.main) refers to main.o(i.NVIC_EncodePriority) for NVIC_EncodePriority
    main.o(i.main) refers to main.o(i.__NVIC_SetPriority) for __NVIC_SetPriority
    main.o(i.main) refers to main.o(i.__NVIC_EnableIRQ) for __NVIC_EnableIRQ
    main.o(i.main) refers to main.o(i.SystemClock_Config) for SystemClock_Config
    main.o(i.main) refers to gpio.o(i.MX_GPIO_Init) for MX_GPIO_Init
    main.o(i.main) refers to dma.o(i.MX_DMA_Init) for MX_DMA_Init
    main.o(i.main) refers to tim.o(i.MX_TIM2_Init) for MX_TIM2_Init
    main.o(i.main) refers to tim.o(i.MX_TIM3_Init) for MX_TIM3_Init
    main.o(i.main) refers to usart.o(i.MX_USART1_UART_Init) for MX_USART1_UART_Init
    main.o(i.main) refers to spi.o(i.MX_SPI1_Init) for MX_SPI1_Init
    main.o(i.main) refers to crc.o(i.MX_CRC_Init) for MX_CRC_Init
    main.o(i.main) refers to iwdg.o(i.MX_IWDG_Init) for MX_IWDG_Init
    main.o(i.main) refers to tim.o(i.MX_TIM15_Init) for MX_TIM15_Init
    main.o(i.main) refers to power.o(i.SleepAfterWatchDog) for SleepAfterWatchDog
    main.o(i.main) refers to config.o(i.StartUpConfig) for StartUpConfig
    main.o(i.main) refers to periphery.o(i.ScanButton) for ScanButton
    main.o(i.main) refers to st7735.o(i.DisplayOut) for DisplayOut
    main.o(i.main) refers to sound.o(i.Sound_Player) for Sound_Player
    main.o(i.main) refers to config.o(.data) for weight
    main.o(i.main) refers to config.o(.data) for speed
    main.o(i.main) refers to config.o(.data) for battery
    main.o(i.main) refers to sound.o(.data) for Sound_track
    gpio.o(i.MX_GPIO_Init) refers to memseta.o(.text) for __aeabi_memclr4
    gpio.o(i.MX_GPIO_Init) refers to gpio.o(i.LL_AHB1_GRP1_EnableClock) for LL_AHB1_GRP1_EnableClock
    gpio.o(i.MX_GPIO_Init) refers to stm32f3xx_ll_gpio.o(i.LL_GPIO_Init) for LL_GPIO_Init
    dma.o(i.MX_DMA_Init) refers to dma.o(i.NVIC_EncodePriority) for NVIC_EncodePriority
    dma.o(i.MX_DMA_Init) refers to dma.o(i.__NVIC_SetPriority) for __NVIC_SetPriority
    dma.o(i.MX_DMA_Init) refers to dma.o(i.__NVIC_EnableIRQ) for __NVIC_EnableIRQ
    spi.o(i.MX_SPI1_Init) refers to memseta.o(.text) for __aeabi_memclr4
    spi.o(i.MX_SPI1_Init) refers to stm32f3xx_ll_gpio.o(i.LL_GPIO_Init) for LL_GPIO_Init
    spi.o(i.MX_SPI1_Init) refers to stm32f3xx_ll_spi.o(i.LL_SPI_Init) for LL_SPI_Init
    tim.o(i.MX_TIM15_Init) refers to memseta.o(.text) for __aeabi_memclr4
    tim.o(i.MX_TIM15_Init) refers to tim.o(i.NVIC_EncodePriority) for NVIC_EncodePriority
[...]
    entry.o(.ARM.Collect$$$$00000000) refers (Special) to entry10a.o(.ARM.Collect$$$$0000000F) for __rt_final_cpp
    entry.o(.ARM.Collect$$$$00000000) refers (Special) to entry11a.o(.ARM.Collect$$$$00000011) for __rt_final_exit
    entry.o(.ARM.Collect$$$$00000000) refers (Special) to entry12b.o(.ARM.Collect$$$$0000000E) for __rt_lib_shutdown_fini
    entry.o(.ARM.Collect$$$$00000000) refers (Special) to entry7b.o(.ARM.Collect$$$$00000008) for _main_clock
    entry.o(.ARM.Collect$$$$00000000) refers (Special) to entry8b.o(.ARM.Collect$$$$0000000A) for _main_cpp_init
    entry.o(.ARM.Collect$$$$00000000) refers (Special) to entry9a.o(.ARM.Collect$$$$0000000B) for _main_init
    entry.o(.ARM.Collect$$$$00000000) refers (Special) to entry5.o(.ARM.Collect$$$$00000004) for _main_scatterload
    entry.o(.ARM.Collect$$$$00000000) refers (Special) to entry2.o(.ARM.Collect$$$$00000001) for _main_stk
    entry2.o(.ARM.Collect$$$$00000001) refers to entry2.o(.ARM.Collect$$$$00002712) for __lit__00000000
    entry2.o(.ARM.Collect$$$$00002712) refers to startup_stm32f334x8.o(STACK) for __initial_sp
    entry2.o(__vectab_stack_and_reset_area) refers to startup_stm32f334x8.o(STACK) for __initial_sp
    entry2.o(__vectab_stack_and_reset_area) refers to entry.o(.ARM.Collect$$$$00000000) for __main
    entry5.o(.ARM.Collect$$$$00000004) refers to init.o(.text) for __scatterload
    entry9a.o(.ARM.Collect$$$$0000000B) refers to main.o(i.main) for main
    entry9b.o(.ARM.Collect$$$$0000000C) refers to main.o(i.main) for main
    init.o(.text) refers to entry5.o(.ARM.Collect$$$$00000004) for __main_after_scatterload
    st7735.o(i.delayNs) refers to st7735.o(.data) for .data


==============================================================================

Removing Unused input sections from the image.

    Removing startup_stm32f334x8.o(HEAP), (512 bytes).
    Removing main.o(.rev16_text), (4 bytes).
    Removing main.o(.revsh_text), (4 bytes).
    Removing main.o(.rrx_text), (6 bytes).
    Removing main.o(i.Error_Handler), (2 bytes).
    Removing gpio.o(.rev16_text), (4 bytes).
    Removing gpio.o(.revsh_text), (4 bytes).
    Removing gpio.o(.rrx_text), (6 bytes).
    Removing crc.o(.rev16_text), (4 bytes).
    Removing crc.o(.revsh_text), (4 bytes).
    Removing crc.o(.rrx_text), (6 bytes).
    Removing dma.o(.rev16_text), (4 bytes).
    Removing dma.o(.revsh_text), (4 bytes).
    Removing dma.o(.rrx_text), (6 bytes).
    Removing iwdg.o(.rev16_text), (4 bytes).
    Removing iwdg.o(.revsh_text), (4 bytes).
    Removing iwdg.o(.rrx_text), (6 bytes).
    Removing spi.o(.rev16_text), (4 bytes).
    Removing spi.o(.revsh_text), (4 bytes).
    Removing spi.o(.rrx_text), (6 bytes).
    Removing tim.o(.rev16_text), (4 bytes).
    Removing tim.o(.revsh_text), (4 bytes).
    Removing tim.o(.rrx_text), (6 bytes).
    Removing usart.o(.rev16_text), (4 bytes).
    Removing usart.o(.revsh_text), (4 bytes).
    Removing usart.o(.rrx_text), (6 bytes).
    Removing stm32f3xx_it.o(.rev16_text), (4 bytes).
    Removing stm32f3xx_it.o(.revsh_text), (4 bytes).
    Removing stm32f3xx_it.o(.rrx_text), (6 bytes).
    Removing digits.o(.rev16_text), (4 bytes).
    Removing digits.o(.revsh_text), (4 bytes).
    Removing digits.o(.rrx_text), (6 bytes).
    Removing periphery.o(.rev16_text), (4 bytes).
    Removing periphery.o(.revsh_text), (4 bytes).
    Removing periphery.o(.rrx_text), (6 bytes).
    Removing periphery.o(i.Vibro_touch), (24 bytes).
    Removing power.o(.rev16_text), (4 bytes).
    Removing power.o(.revsh_text), (4 bytes).
    Removing power.o(.rrx_text), (6 bytes).
    Removing power.o(i.DebugOnStandByMode), (32 bytes).
    Removing power.o(i.ResetTIM_Sleep), (52 bytes).
    Removing power.o(i.__NVIC_DisableIRQ), (34 bytes).
    Removing power.o(i.__NVIC_EnableIRQ), (26 bytes).
    Removing power.o(i.__NVIC_SetPriority), (32 bytes).
    Removing power.o(i.irq_disable), (18 bytes).
    Removing power.o(i.irq_enable), (34 bytes).
    Removing st7735.o(.rev16_text), (4 bytes).
    Removing st7735.o(.revsh_text), (4 bytes).
    Removing st7735.o(.rrx_text), (6 bytes).
    Removing st7735.o(i.abs), (10 bytes).
    Removing st7735.o(i.lcd_format_int), (288 bytes).
    Removing st7735.o(i.lcd_st7735s_RES_0), (12 bytes).
    Removing st7735.o(i.lcd_st7735s_img), (66 bytes).
    Removing st7735.o(i.lcd_st7735s_line), (140 bytes).
    Removing st7735.o(i.lcd_st7735s_rect), (68 bytes).
    Removing rs485.o(.rev16_text), (4 bytes).
    Removing rs485.o(.revsh_text), (4 bytes).
    Removing rs485.o(.rrx_text), (6 bytes).
    Removing rs485.o(i.ClearButtonGlobalFlagRX), (20 bytes).
    Removing rs485.o(i.ClearButtonGlobalFlagTX), (20 bytes).
    Removing rs485.o(i.DMA1_RecieveComplete), (4 bytes).
    Removing rs485.o(i.DMA_Disable), (12 bytes).
    Removing rs485.o(i.DMA_Enable), (10 bytes).
    Removing rs485.o(i.DMA_GetCurrentDataCounter), (4 bytes).
    Removing config.o(.rev16_text), (4 bytes).
    Removing config.o(.revsh_text), (4 bytes).
    Removing config.o(.rrx_text), (6 bytes).
    Removing config.o(i.Config_SysTick), (44 bytes).
    Removing config.o(.data), (1 bytes).
    Removing config.o(.data), (1 bytes).
    Removing crc_work.o(.rev16_text), (4 bytes).
    Removing crc_work.o(.revsh_text), (4 bytes).
    Removing crc_work.o(.rrx_text), (6 bytes).
    Removing crc_work.o(i.crc32_zlib), (44 bytes).
    Removing crc_work.o(i.crc_after_recive), (68 bytes).
    Removing crc_work.o(i.crc_before_transmit), (40 bytes).
    Removing crc_work.o(.data), (8 bytes).
    Removing sound.o(.rev16_text), (4 bytes).
    Removing sound.o(.revsh_text), (4 bytes).
    Removing sound.o(.rrx_text), (6 bytes).
    Removing stm32f3xx_ll_utils.o(.rev16_text), (4 bytes).
    Removing stm32f3xx_ll_utils.o(.revsh_text), (4 bytes).
    Removing stm32f3xx_ll_utils.o(.rrx_text), (6 bytes).
    Removing stm32f3xx_ll_utils.o(i.LL_PLL_ConfigSystemClock_HSE), (108 bytes).
    Removing stm32f3xx_ll_utils.o(i.LL_PLL_ConfigSystemClock_HSI), (88 bytes).
    Removing stm32f3xx_ll_utils.o(i.LL_RCC_PLL_ConfigDomain_SYS), (36 bytes).
    Removing stm32f3xx_ll_utils.o(i.LL_SetFlashLatency), (80 bytes).
    Removing stm32f3xx_ll_utils.o(i.UTILS_EnablePLLAndSwitchSystem), (184 bytes).
    Removing stm32f3xx_ll_utils.o(i.UTILS_GetPLLOutputFrequency), (34 bytes).
    Removing stm32f3xx_ll_utils.o(i.UTILS_PLL_IsBusy), (24 bytes).
    Removing stm32f3xx_ll_exti.o(.rev16_text), (4 bytes).
    Removing stm32f3xx_ll_exti.o(.revsh_text), (4 bytes).
    Removing stm32f3xx_ll_exti.o(.rrx_text), (6 bytes).
    Removing stm32f3xx_ll_exti.o(i.LL_EXTI_Init), (316 bytes).
    Removing stm32f3xx_ll_exti.o(i.LL_EXTI_StructInit), (16 bytes).
    Removing stm32f3xx_ll_gpio.o(.rev16_text), (4 bytes).
    Removing stm32f3xx_ll_gpio.o(.revsh_text), (4 bytes).
    Removing stm32f3xx_ll_gpio.o(.rrx_text), (6 bytes).
    Removing stm32f3xx_ll_gpio.o(i.LL_AHB1_GRP1_ForceReset), (16 bytes).
    Removing stm32f3xx_ll_gpio.o(i.LL_AHB1_GRP1_ReleaseReset), (16 bytes).
    Removing stm32f3xx_ll_gpio.o(i.LL_GPIO_DeInit), (96 bytes).
    Removing stm32f3xx_ll_gpio.o(i.LL_GPIO_StructInit), (22 bytes).
    Removing stm32f3xx_ll_crc.o(.rev16_text), (4 bytes).
    Removing stm32f3xx_ll_crc.o(.revsh_text), (4 bytes).
    Removing stm32f3xx_ll_crc.o(.rrx_text), (6 bytes).
    Removing stm32f3xx_ll_crc.o(i.LL_CRC_DeInit), (68 bytes).
    Removing stm32f3xx_ll_rcc.o(.rev16_text), (4 bytes).
    Removing stm32f3xx_ll_rcc.o(.revsh_text), (4 bytes).
    Removing stm32f3xx_ll_rcc.o(.rrx_text), (6 bytes).
    Removing stm32f3xx_ll_rcc.o(i.LL_RCC_DeInit), (124 bytes).
    Removing stm32f3xx_ll_rcc.o(i.LL_RCC_GetADCClockFreq), (76 bytes).
    Removing stm32f3xx_ll_rcc.o(i.LL_RCC_GetHRTIMClockFreq), (40 bytes).
    Removing stm32f3xx_ll_rcc.o(i.LL_RCC_GetI2CClockFreq), (56 bytes).
    Removing stm32f3xx_ll_rcc.o(i.LL_RCC_GetTIMClockFreq), (52 bytes).
    Removing stm32f3xx_ll_rcc.o(.constdata), (32 bytes).
    Removing stm32f3xx_ll_dma.o(.rev16_text), (4 bytes).
    Removing stm32f3xx_ll_dma.o(.revsh_text), (4 bytes).
    Removing stm32f3xx_ll_dma.o(.rrx_text), (6 bytes).
    Removing stm32f3xx_ll_dma.o(i.LL_DMA_DeInit), (164 bytes).
    Removing stm32f3xx_ll_dma.o(i.LL_DMA_Init), (92 bytes).
    Removing stm32f3xx_ll_dma.o(i.LL_DMA_StructInit), (24 bytes).
    Removing stm32f3xx_ll_dma.o(.constdata), (7 bytes).
    Removing stm32f3xx_ll_spi.o(.rev16_text), (4 bytes).
    Removing stm32f3xx_ll_spi.o(.revsh_text), (4 bytes).
    Removing stm32f3xx_ll_spi.o(.rrx_text), (6 bytes).
    Removing stm32f3xx_ll_spi.o(i.LL_SPI_DeInit), (40 bytes).
    Removing stm32f3xx_ll_spi.o(i.LL_SPI_StructInit), (30 bytes).
    Removing stm32f3xx_ll_tim.o(.rev16_text), (4 bytes).
    Removing stm32f3xx_ll_tim.o(.revsh_text), (4 bytes).
    Removing stm32f3xx_ll_tim.o(.rrx_text), (6 bytes).
    Removing stm32f3xx_ll_tim.o(i.LL_APB1_GRP1_ForceReset), (16 bytes).
    Removing stm32f3xx_ll_tim.o(i.LL_APB1_GRP1_ReleaseReset), (16 bytes).
    Removing stm32f3xx_ll_tim.o(i.LL_APB2_GRP1_ForceReset), (16 bytes).
    Removing stm32f3xx_ll_tim.o(i.LL_APB2_GRP1_ReleaseReset), (16 bytes).
    Removing stm32f3xx_ll_tim.o(i.LL_TIM_BDTR_Init), (100 bytes).
    Removing stm32f3xx_ll_tim.o(i.LL_TIM_BDTR_StructInit), (26 bytes).
    Removing stm32f3xx_ll_tim.o(i.LL_TIM_DeInit), (164 bytes).
    Removing stm32f3xx_ll_tim.o(i.LL_TIM_ENCODER_Init), (100 bytes).
    Removing stm32f3xx_ll_tim.o(i.LL_TIM_ENCODER_StructInit), (28 bytes).
    Removing stm32f3xx_ll_tim.o(i.LL_TIM_HALLSENSOR_Init), (96 bytes).
    Removing stm32f3xx_ll_tim.o(i.LL_TIM_HALLSENSOR_StructInit), (12 bytes).
    Removing stm32f3xx_ll_tim.o(i.LL_TIM_IC_Init), (224 bytes).
    Removing stm32f3xx_ll_tim.o(i.LL_TIM_IC_StructInit), (16 bytes).
    Removing stm32f3xx_ll_tim.o(i.LL_TIM_OC_StructInit), (20 bytes).
    Removing stm32f3xx_ll_tim.o(i.LL_TIM_StructInit), (16 bytes).
    Removing stm32f3xx_ll_usart.o(.rev16_text), (4 bytes).
    Removing stm32f3xx_ll_usart.o(.revsh_text), (4 bytes).
    Removing stm32f3xx_ll_usart.o(.rrx_text), (6 bytes).
    Removing stm32f3xx_ll_usart.o(i.LL_USART_ClockInit), (56 bytes).
    Removing stm32f3xx_ll_usart.o(i.LL_USART_ClockStructInit), (12 bytes).
    Removing stm32f3xx_ll_usart.o(i.LL_USART_DeInit), (96 bytes).
    Removing stm32f3xx_ll_usart.o(i.LL_USART_StructInit), (24 bytes).
    Removing system_stm32f3xx.o(.rev16_text), (4 bytes).
    Removing system_stm32f3xx.o(.revsh_text), (4 bytes).
    Removing system_stm32f3xx.o(.rrx_text), (6 bytes).
    Removing system_stm32f3xx.o(i.SystemCoreClockUpdate), (112 bytes).

156 unused section(s) (total 5011 bytes) removed from the image.

==============================================================================

Image Symbol Table

    Local Symbols

    Symbol Name                              Value     Ov Type        Size  Object(Section)

    ../Core/Src/crc.c                        0x00000000   Number         0  crc.o ABSOLUTE
    ../Core/Src/dma.c                        0x00000000   Number         0  dma.o ABSOLUTE
    ../Core/Src/gpio.c                       0x00000000   Number         0  gpio.o ABSOLUTE
    ../Core/Src/iwdg.c                       0x00000000   Number         0  iwdg.o ABSOLUTE
    ../Core/Src/main.c                       0x00000000   Number         0  main.o ABSOLUTE
    ../Core/Src/spi.c                        0x00000000   Number         0  spi.o ABSOLUTE
    ../Core/Src/stm32f3xx_it.c               0x00000000   Number         0  stm32f3xx_it.o ABSOLUTE
    ../Core/Src/system_stm32f3xx.c           0x00000000   Number         0  system_stm32f3xx.o ABSOLUTE
    ../Core/Src/tim.c                        0x00000000   Number         0  tim.o ABSOLUTE
    ../Core/Src/usart.c                      0x00000000   Number         0  usart.o ABSOLUTE
    ../Drivers/STM32F3xx_HAL_Driver/Src/stm32f3xx_ll_crc.c 0x00000000   Number         0  stm32f3xx_ll_crc.o ABSOLUTE
    ../Drivers/STM32F3xx_HAL_Driver/Src/stm32f3xx_ll_dma.c 0x00000000   Number         0  stm32f3xx_ll_dma.o ABSOLUTE
    ../Drivers/STM32F3xx_HAL_Driver/Src/stm32f3xx_ll_exti.c 0x00000000   Number         0  stm32f3xx_ll_exti.o ABSOLUTE
    ../Drivers/STM32F3xx_HAL_Driver/Src/stm32f3xx_ll_gpio.c 0x00000000   Number         0  stm32f3xx_ll_gpio.o ABSOLUTE
    ../Drivers/STM32F3xx_HAL_Driver/Src/stm32f3xx_ll_rcc.c 0x00000000   Number         0  stm32f3xx_ll_rcc.o ABSOLUTE
    ../Drivers/STM32F3xx_HAL_Driver/Src/stm32f3xx_ll_spi.c 0x00000000   Number         0  stm32f3xx_ll_spi.o ABSOLUTE
    ../Drivers/STM32F3xx_HAL_Driver/Src/stm32f3xx_ll_tim.c 0x00000000   Number         0  stm32f3xx_ll_tim.o ABSOLUTE
    ../Drivers/STM32F3xx_HAL_Driver/Src/stm32f3xx_ll_usart.c 0x00000000   Number         0  stm32f3xx_ll_usart.o ABSOLUTE
    ../Drivers/STM32F3xx_HAL_Driver/Src/stm32f3xx_ll_utils.c 0x00000000   Number         0  stm32f3xx_ll_utils.o ABSOLUTE
    ../clib/../cmprslib/zerorunl2.c          0x00000000   Number         0  __dczerorl2.o ABSOLUTE
    ../clib/microlib/init/entry.s            0x00000000   Number         0  entry7a.o ABSOLUTE
    ../clib/microlib/init/entry.s            0x00000000   Number         0  entry11a.o ABSOLUTE
    ../clib/microlib/init/entry.s            0x00000000   Number         0  entry.o ABSOLUTE
    ../clib/microlib/init/entry.s            0x00000000   Number         0  entry2.o ABSOLUTE
    ../clib/microlib/init/entry.s            0x00000000   Number         0  entry10b.o ABSOLUTE
    ../clib/microlib/init/entry.s            0x00000000   Number         0  entry10a.o ABSOLUTE
    ../clib/microlib/init/entry.s            0x00000000   Number         0  entry9b.o ABSOLUTE
    ../clib/microlib/init/entry.s            0x00000000   Number         0  entry5.o ABSOLUTE
    ../clib/microlib/init/entry.s            0x00000000   Number         0  entry12b.o ABSOLUTE
    ../clib/microlib/init/entry.s            0x00000000   Number         0  entry12a.o ABSOLUTE
    ../clib/microlib/init/entry.s            0x00000000   Number         0  entry11b.o ABSOLUTE
    ../clib/microlib/init/entry.s            0x00000000   Number         0  entry9a.o ABSOLUTE
    ../clib/microlib/init/entry.s            0x00000000   Number         0  entry8b.o ABSOLUTE
    ../clib/microlib/init/entry.s            0x00000000   Number         0  entry8a.o ABSOLUTE
    ../clib/microlib/init/entry.s            0x00000000   Number         0  entry7b.o ABSOLUTE
    ../clib/microlib/string/memset.c         0x00000000   Number         0  memseta.o ABSOLUTE
    ..\Core\Src\crc.c                        0x00000000   Number         0  crc.o ABSOLUTE
    ..\Core\Src\dma.c                        0x00000000   Number         0  dma.o ABSOLUTE
    ..\Core\Src\gpio.c                       0x00000000   Number         0  gpio.o ABSOLUTE
    ..\Core\Src\iwdg.c                       0x00000000   Number         0  iwdg.o ABSOLUTE
    ..\Core\Src\main.c                       0x00000000   Number         0  main.o ABSOLUTE
    ..\Core\Src\spi.c                        0x00000000   Number         0  spi.o ABSOLUTE
    ..\Core\Src\stm32f3xx_it.c               0x00000000   Number         0  stm32f3xx_it.o ABSOLUTE
    ..\Core\Src\system_stm32f3xx.c           0x00000000   Number         0  system_stm32f3xx.o ABSOLUTE
    ..\Core\Src\tim.c                        0x00000000   Number         0  tim.o ABSOLUTE
    ..\Core\Src\usart.c                      0x00000000   Number         0  usart.o ABSOLUTE
    ..\Drivers\STM32F3xx_HAL_Driver\Src\stm32f3xx_ll_crc.c 0x00000000   Number         0  stm32f3xx_ll_crc.o ABSOLUTE
    ..\Drivers\STM32F3xx_HAL_Driver\Src\stm32f3xx_ll_dma.c 0x00000000   Number         0  stm32f3xx_ll_dma.o ABSOLUTE
    ..\Drivers\STM32F3xx_HAL_Driver\Src\stm32f3xx_ll_exti.c 0x00000000   Number         0  stm32f3xx_ll_exti.o ABSOLUTE
    ..\Drivers\STM32F3xx_HAL_Driver\Src\stm32f3xx_ll_gpio.c 0x00000000   Number         0  stm32f3xx_ll_gpio.o ABSOLUTE
    ..\Drivers\STM32F3xx_HAL_Driver\Src\stm32f3xx_ll_rcc.c 0x00000000   Number         0  stm32f3xx_ll_rcc.o ABSOLUTE
    ..\Drivers\STM32F3xx_HAL_Driver\Src\stm32f3xx_ll_spi.c 0x00000000   Number         0  stm32f3xx_ll_spi.o ABSOLUTE
    ..\Drivers\STM32F3xx_HAL_Driver\Src\stm32f3xx_ll_tim.c 0x00000000   Number         0  stm32f3xx_ll_tim.o ABSOLUTE
    ..\Drivers\STM32F3xx_HAL_Driver\Src\stm32f3xx_ll_usart.c 0x00000000   Number         0  stm32f3xx_ll_usart.o ABSOLUTE
    ..\Drivers\STM32F3xx_HAL_Driver\Src\stm32f3xx_ll_utils.c 0x00000000   Number         0  stm32f3xx_ll_utils.o ABSOLUTE
    ..\User\Src\config.c                     0x00000000   Number         0  config.o ABSOLUTE
    ..\User\Src\crc_work.c                   0x00000000   Number         0  crc_work.o ABSOLUTE
    ..\User\Src\digits.c                     0x00000000   Number         0  digits.o ABSOLUTE
    ..\User\Src\periphery.c                  0x00000000   Number         0  periphery.o ABSOLUTE
    ..\User\Src\power.c                      0x00000000   Number         0  power.o ABSOLUTE
    ..\User\Src\rs485.c                      0x00000000   Number         0  rs485.o ABSOLUTE
    ..\User\Src\sound.c                      0x00000000   Number         0  sound.o ABSOLUTE
    ..\User\Src\st7735.c                     0x00000000   Number         0  st7735.o ABSOLUTE
    ..\\User\\Src\\config.c                  0x00000000   Number         0  config.o ABSOLUTE
    ..\\User\\Src\\crc_work.c                0x00000000   Number         0  crc_work.o ABSOLUTE
    ..\\User\\Src\\digits.c                  0x00000000   Number         0  digits.o ABSOLUTE
    ..\\User\\Src\\periphery.c               0x00000000   Number         0  periphery.o ABSOLUTE
    ..\\User\\Src\\power.c                   0x00000000   Number         0  power.o ABSOLUTE
    ..\\User\\Src\\rs485.c                   0x00000000   Number         0  rs485.o ABSOLUTE
    ..\\User\\Src\\sound.c                   0x00000000   Number         0  sound.o ABSOLUTE
    ..\\User\\Src\\st7735.c                  0x00000000   Number         0  st7735.o ABSOLUTE
    dc.s                                     0x00000000   Number         0  dc.o ABSOLUTE
    handlers.s                               0x00000000   Number         0  handlers.o ABSOLUTE
    init.s                                   0x00000000   Number         0  init.o ABSOLUTE
    startup_stm32f334x8.s                    0x00000000   Number         0  startup_stm32f334x8.o ABSOLUTE
    RESET                                    0x08000000   Section      392  startup_stm32f334x8.o(RESET)
    .ARM.Collect$$$$00000000                 0x08000188   Section        0  entry.o(.ARM.Collect$$$$00000000)
    .ARM.Collect$$$$00000001                 0x08000188   Section        4  entry2.o(.ARM.Collect$$$$00000001)
    .ARM.Collect$$$$00000004                 0x0800018c   Section        4  entry5.o(.ARM.Collect$$$$00000004)
    .ARM.Collect$$$$00000008                 0x08000190   Section        0  entry7b.o(.ARM.Collect$$$$00000008)
    .ARM.Collect$$$$0000000A                 0x08000190   Section        0  entry8b.o(.ARM.Collect$$$$0000000A)
    .ARM.Collect$$$$0000000B                 0x08000190   Section        8  entry9a.o(.ARM.Collect$$$$0000000B)
    .ARM.Collect$$$$0000000E                 0x08000198   Section        4  entry12b.o(.ARM.Collect$$$$0000000E)
    .ARM.Collect$$$$0000000F                 0x0800019c   Section        0  entry10a.o(.ARM.Collect$$$$0000000F)
    .ARM.Collect$$$$00000011                 0x0800019c   Section        0  entry11a.o(.ARM.Collect$$$$00000011)
    .ARM.Collect$$$$00002712                 0x0800019c   Section        4  entry2.o(.ARM.Collect$$$$00002712)
    __lit__00000000                          0x0800019c   Data           4  entry2.o(.ARM.Collect$$$$00002712)
    .text                                    0x080001a0   Section       36  startup_stm32f334x8.o(.text)
    $v0                                      0x080001a0   Number         0  startup_stm32f334x8.o(.text)
    .text                                    0x080001c4   Section        0  memseta.o(.text)
    .text                                    0x080001e8   Section       36  init.o(.text)
    .text                                    0x0800020c   Section        0  __dczerorl2.o(.text)
    i.BusFault_Handler                       0x08000262   Section        0  stm32f3xx_it.o(i.BusFault_Handler)
    i.Convert2Array                          0x08000264   Section        0  st7735.o(i.Convert2Array)
    i.CorrectRX                              0x080002a0   Section        0  rs485.o(i.CorrectRX)
    i.CorrectTX                              0x08000320   Section        0  rs485.o(i.CorrectTX)
    i.DMA1_Channel4_IRQHandler               0x08000350   Section        0  stm32f3xx_it.o(i.DMA1_Channel4_IRQHandler)
    i.DMA1_Channel5_IRQHandler               0x0800035c   Section        0  stm32f3xx_it.o(i.DMA1_Channel5_IRQHandler)
    i.DMA1_Errors                            0x08000368   Section        0  rs485.o(i.DMA1_Errors)
    i.DMA1_RX_ClearFlag                      0x08000380   Section        0  rs485.o(i.DMA1_RX_ClearFlag)
    i.DMA1_RX_InitStart                      0x0800039c   Section        0  rs485.o(i.DMA1_RX_InitStart)
    i.DMA1_RX_Stop                           0x080003fc   Section        0  rs485.o(i.DMA1_RX_Stop)
    i.DMA1_TX_ClearFlag                      0x08000410   Section        0  rs485.o(i.DMA1_TX_ClearFlag)
    i.DMA1_TX_InitStart                      0x0800042c   Section        0  rs485.o(i.DMA1_TX_InitStart)
    i.DMA1_TX_Stop                           0x08000484   Section        0  rs485.o(i.DMA1_TX_Stop)
    i.DMA1_TransmitComplete                  0x08000498   Section        0  rs485.o(i.DMA1_TransmitComplete)
    i.DMA_DeInit                             0x080004a8   Section        0  rs485.o(i.DMA_DeInit)
    i.DMA_IRQHandler_Callback                0x08000534   Section        0  rs485.o(i.DMA_IRQHandler_Callback)
    i.DMA_Init                               0x08000570   Section        0  rs485.o(i.DMA_Init)
    i.DebugMon_Handler                       0x08000588   Section        0  stm32f3xx_it.o(i.DebugMon_Handler)
    i.DisplayOut                             0x0800058c   Section        0  st7735.o(i.DisplayOut)
    i.DisplayOutLowBattery                   0x08000610   Section        0  st7735.o(i.DisplayOutLowBattery)
    i.DisplayOutMenu                         0x08000664   Section        0  st7735.o(i.DisplayOutMenu)
    i.DisplayOutPrepering                    0x080008f8   Section        0  st7735.o(i.DisplayOutPrepering)
    i.DisplayOutStop                         0x08000930   Section        0  st7735.o(i.DisplayOutStop)
    i.GoToStandbyMode                        0x08000954   Section        0  power.o(i.GoToStandbyMode)
    i.HardFault_Handler                      0x080009e0   Section        0  stm32f3xx_it.o(i.HardFault_Handler)
    i.LL_AHB1_GRP1_EnableClock               0x08000a38   Section        0  gpio.o(i.LL_AHB1_GRP1_EnableClock)
    LL_AHB1_GRP1_EnableClock                 0x08000a39   Thumb Code    18  gpio.o(i.LL_AHB1_GRP1_EnableClock)
    i.LL_APB1_GRP1_EnableClock               0x08000a50   Section        0  tim.o(i.LL_APB1_GRP1_EnableClock)
    LL_APB1_GRP1_EnableClock                 0x08000a51   Thumb Code    18  tim.o(i.LL_APB1_GRP1_EnableClock)
    i.LL_DMA_SetChannelPriorityLevel         0x08000a68   Section        0  usart.o(i.LL_DMA_SetChannelPriorityLevel)
    LL_DMA_SetChannelPriorityLevel           0x08000a69   Thumb Code    20  usart.o(i.LL_DMA_SetChannelPriorityLevel)
    i.LL_DMA_SetDataTransferDirection        0x08000a80   Section        0  usart.o(i.LL_DMA_SetDataTransferDirection)
    LL_DMA_SetDataTransferDirection          0x08000a81   Thumb Code    24  usart.o(i.LL_DMA_SetDataTransferDirection)
    i.LL_DMA_SetMemoryIncMode                0x08000a9c   Section        0  usart.o(i.LL_DMA_SetMemoryIncMode)
    LL_DMA_SetMemoryIncMode                  0x08000a9d   Thumb Code    20  usart.o(i.LL_DMA_SetMemoryIncMode)
    i.LL_DMA_SetMemorySize                   0x08000ab4   Section        0  usart.o(i.LL_DMA_SetMemorySize)
    LL_DMA_SetMemorySize                     0x08000ab5   Thumb Code    20  usart.o(i.LL_DMA_SetMemorySize)
    i.LL_DMA_SetMode                         0x08000acc   Section        0  usart.o(i.LL_DMA_SetMode)
    LL_DMA_SetMode                           0x08000acd   Thumb Code    20  usart.o(i.LL_DMA_SetMode)
    i.LL_DMA_SetPeriphIncMode                0x08000ae4   Section        0  usart.o(i.LL_DMA_SetPeriphIncMode)
    LL_DMA_SetPeriphIncMode                  0x08000ae5   Thumb Code    20  usart.o(i.LL_DMA_SetPeriphIncMode)
    i.LL_DMA_SetPeriphSize                   0x08000afc   Section        0  usart.o(i.LL_DMA_SetPeriphSize)
    LL_DMA_SetPeriphSize                     0x08000afd   Thumb Code    20  usart.o(i.LL_DMA_SetPeriphSize)
    i.LL_EXTI_DeInit                         0x08000b14   Section        0  stm32f3xx_ll_exti.o(i.LL_EXTI_DeInit)
    i.LL_GPIO_Init                           0x08000b60   Section        0  stm32f3xx_ll_gpio.o(i.LL_GPIO_Init)
    i.LL_GPIO_IsInputPinSet                  0x08000c9e   Section        0  periphery.o(i.LL_GPIO_IsInputPinSet)
    LL_GPIO_IsInputPinSet                    0x08000c9f   Thumb Code    14  periphery.o(i.LL_GPIO_IsInputPinSet)
    i.LL_Init1msTick                         0x08000cac   Section        0  stm32f3xx_ll_utils.o(i.LL_Init1msTick)
    i.LL_RCC_GetSystemClocksFreq             0x08000cc6   Section        0  stm32f3xx_ll_rcc.o(i.LL_RCC_GetSystemClocksFreq)
    i.LL_RCC_GetUSARTClockFreq               0x08000ce8   Section        0  stm32f3xx_ll_rcc.o(i.LL_RCC_GetUSARTClockFreq)
    i.LL_SPI_Init                            0x08000d44   Section        0  stm32f3xx_ll_spi.o(i.LL_SPI_Init)
    i.LL_SetSystemCoreClock                  0x08000db4   Section        0  stm32f3xx_ll_utils.o(i.LL_SetSystemCoreClock)
    i.LL_TIM_Init                            0x08000dc0   Section        0  stm32f3xx_ll_tim.o(i.LL_TIM_Init)
    i.LL_TIM_OC_Init                         0x08000e44   Section        0  stm32f3xx_ll_tim.o(i.LL_TIM_OC_Init)
    i.LL_USART_Init                          0x08001138   Section        0  stm32f3xx_ll_usart.o(i.LL_USART_Init)
    i.LL_mDelay                              0x080011ec   Section        0  stm32f3xx_ll_utils.o(i.LL_mDelay)
    i.MX_CRC_Init                            0x0800120c   Section        0  crc.o(i.MX_CRC_Init)
    i.MX_DMA_Init                            0x08001254   Section        0  dma.o(i.MX_DMA_Init)
    i.MX_GPIO_Init                           0x080012b0   Section        0  gpio.o(i.MX_GPIO_Init)
    i.MX_IWDG_Init                           0x08001390   Section        0  iwdg.o(i.MX_IWDG_Init)
    i.MX_SPI1_Init                           0x080013b8   Section        0  spi.o(i.MX_SPI1_Init)
    i.MX_TIM15_Init                          0x0800145c   Section        0  tim.o(i.MX_TIM15_Init)
    i.MX_TIM2_Init                           0x08001504   Section        0  tim.o(i.MX_TIM2_Init)
    i.MX_TIM3_Init                           0x08001584   Section        0  tim.o(i.MX_TIM3_Init)
    i.MX_USART1_UART_Init                    0x0800168c   Section        0  usart.o(i.MX_USART1_UART_Init)
    i.MemManage_Handler                      0x080017d0   Section        0  stm32f3xx_it.o(i.MemManage_Handler)
    i.NMI_Handler                            0x080017d2   Section        0  stm32f3xx_it.o(i.NMI_Handler)
    i.NVIC_EncodePriority                    0x080017d4   Section        0  main.o(i.NVIC_EncodePriority)
    NVIC_EncodePriority                      0x080017d5   Thumb Code    50  main.o(i.NVIC_EncodePriority)
    i.NVIC_EncodePriority                    0x08001806   Section        0  dma.o(i.NVIC_EncodePriority)
    NVIC_EncodePriority                      0x08001807   Thumb Code    50  dma.o(i.NVIC_EncodePriority)
    i.NVIC_EncodePriority                    0x08001838   Section        0  tim.o(i.NVIC_EncodePriority)
    NVIC_EncodePriority                      0x08001839   Thumb Code    50  tim.o(i.NVIC_EncodePriority)
    i.PVD_IRQHandler                         0x0800186a   Section        0  stm32f3xx_it.o(i.PVD_IRQHandler)
    i.PendSV_Handler                         0x0800186c   Section        0  stm32f3xx_it.o(i.PendSV_Handler)
    i.RCC_GetHCLKClockFreq                   0x08001870   Section        0  stm32f3xx_ll_rcc.o(i.RCC_GetHCLKClockFreq)
    i.RCC_GetPCLK1ClockFreq                  0x0800188c   Section        0  stm32f3xx_ll_rcc.o(i.RCC_GetPCLK1ClockFreq)
    i.RCC_GetPCLK2ClockFreq                  0x080018a8   Section        0  stm32f3xx_ll_rcc.o(i.RCC_GetPCLK2ClockFreq)
    i.RCC_GetSystemClockFreq                 0x080018c4   Section        0  stm32f3xx_ll_rcc.o(i.RCC_GetSystemClockFreq)
    i.RCC_IRQHandler                         0x080018e8   Section        0  stm32f3xx_it.o(i.RCC_IRQHandler)
    i.RCC_PLL_GetFreqDomain_SYS              0x080018ec   Section        0  stm32f3xx_ll_rcc.o(i.RCC_PLL_GetFreqDomain_SYS)
    i.SVC_Handler                            0x08001930   Section        0  stm32f3xx_it.o(i.SVC_Handler)
    i.ScanButton                             0x08001934   Section        0  periphery.o(i.ScanButton)
    i.SleepAfterWatchDog                     0x08001a6c   Section        0  power.o(i.SleepAfterWatchDog)
    i.Sound_IRQHandler                       0x08001a84   Section        0  sound.o(i.Sound_IRQHandler)
    i.Sound_PWM                              0x08001ad0   Section        0  sound.o(i.Sound_PWM)
    i.Sound_Play                             0x08001b2c   Section        0  sound.o(i.Sound_Play)
    i.Sound_Player                           0x08001b48   Section        0  sound.o(i.Sound_Player)
    i.StandbyMode_IRQHandler                 0x08001b98   Section        0  power.o(i.StandbyMode_IRQHandler)
    i.StartUpConfig                          0x08001bd4   Section        0  config.o(i.StartUpConfig)
    i.SysTick_Handler                        0x08001c34   Section        0  stm32f3xx_it.o(i.SysTick_Handler)
    i.SystemClock_Config                     0x08001c38   Section        0  main.o(i.SystemClock_Config)
    i.SystemInit                             0x08001cf8   Section        0  system_stm32f3xx.o(i.SystemInit)
    i.TIM1_BRK_TIM15_IRQHandler              0x08001d08   Section        0  stm32f3xx_it.o(i.TIM1_BRK_TIM15_IRQHandler)
    i.TIM2_IRQHandler                        0x08001d0c   Section        0  stm32f3xx_it.o(i.TIM2_IRQHandler)
    i.TIM3_IRQHandler                        0x08001d24   Section        0  stm32f3xx_it.o(i.TIM3_IRQHandler)
    i.UsageFault_Handler                     0x08001d28   Section        0  stm32f3xx_it.o(i.UsageFault_Handler)
    i.__NVIC_EnableIRQ                       0x08001d2a   Section        0  main.o(i.__NVIC_EnableIRQ)
    __NVIC_EnableIRQ                         0x08001d2b   Thumb Code    26  main.o(i.__NVIC_EnableIRQ)
    i.__NVIC_EnableIRQ                       0x08001d44   Section        0  dma.o(i.__NVIC_EnableIRQ)
    __NVIC_EnableIRQ                         0x08001d45   Thumb Code    26  dma.o(i.__NVIC_EnableIRQ)
    i.__NVIC_EnableIRQ                       0x08001d5e   Section        0  tim.o(i.__NVIC_EnableIRQ)
    __NVIC_EnableIRQ                         0x08001d5f   Thumb Code    26  tim.o(i.__NVIC_EnableIRQ)
    i.__NVIC_GetPriorityGrouping             0x08001d78   Section        0  main.o(i.__NVIC_GetPriorityGrouping)
    __NVIC_GetPriorityGrouping               0x08001d79   Thumb Code    10  main.o(i.__NVIC_GetPriorityGrouping)
    i.__NVIC_SetPriority                     0x08001d88   Section        0  main.o(i.__NVIC_SetPriority)
    __NVIC_SetPriority                       0x08001d89   Thumb Code    32  main.o(i.__NVIC_SetPriority)
    i.__NVIC_SetPriority                     0x08001da8   Section        0  dma.o(i.__NVIC_SetPriority)
    __NVIC_SetPriority                       0x08001da9   Thumb Code    32  dma.o(i.__NVIC_SetPriority)
    i.__NVIC_SetPriority                     0x08001dc8   Section        0  tim.o(i.__NVIC_SetPriority)
    __NVIC_SetPriority                       0x08001dc9   Thumb Code    32  tim.o(i.__NVIC_SetPriority)
    i.__scatterload_copy                     0x08001de8   Section       14  handlers.o(i.__scatterload_copy)
    i.__scatterload_null                     0x08001df6   Section        2  handlers.o(i.__scatterload_null)
    i.__scatterload_zeroinit                 0x08001df8   Section       14  handlers.o(i.__scatterload_zeroinit)
    i.delayNs                                0x08001e08   Section        0  st7735.o(i.delayNs)
    i.delaySetNs                             0x08001e24   Section        0  st7735.o(i.delaySetNs)
    i.lcd_st7735s_CS_0                       0x08001e5c   Section        0  st7735.o(i.lcd_st7735s_CS_0)
    i.lcd_st7735s_CS_1                       0x08001e68   Section        0  st7735.o(i.lcd_st7735s_CS_1)
    i.lcd_st7735s_RES_1                      0x08001e74   Section        0  st7735.o(i.lcd_st7735s_RES_1)
    i.lcd_st7735s_at                         0x08001e80   Section        0  st7735.o(i.lcd_st7735s_at)
    i.lcd_st7735s_fillrect                   0x08001ec8   Section        0  st7735.o(i.lcd_st7735s_fillrect)
    i.lcd_st7735s_img8                       0x08001f10   Section        0  st7735.o(i.lcd_st7735s_img8)
    i.lcd_st7735s_init                       0x08001f60   Section        0  st7735.o(i.lcd_st7735s_init)
    i.lcd_st7735s_putpix                     0x08001fb4   Section        0  st7735.o(i.lcd_st7735s_putpix)
    i.lcd_st7735s_send                       0x08001fc8   Section        0  st7735.o(i.lcd_st7735s_send)
    i.lcd_st7735s_send_cmd                   0x08001fd8   Section        0  st7735.o(i.lcd_st7735s_send_cmd)
    i.lcd_st7735s_send_data                  0x08001fe4   Section        0  st7735.o(i.lcd_st7735s_send_data)
    i.main                                   0x08001ff4   Section        0  main.o(i.main)
    i.rs485_StartUp                          0x08002178   Section        0  rs485.o(i.rs485_StartUp)
    i.st7735_StartUp                         0x08002190   Section        0  st7735.o(i.st7735_StartUp)
    .constdata                               0x08002244   Section       18  tim.o(.constdata)
    OFFSET_TAB_CCMRx                         0x08002244   Data           9  tim.o(.constdata)
    SHIFT_TAB_OCxx                           0x0800224d   Data           9  tim.o(.constdata)
    .constdata                               0x08002256   Section        7  usart.o(.constdata)
    CHANNEL_OFFSET_TAB                       0x08002256   Data           7  usart.o(.constdata)
    .constdata                               0x0800225d   Section      780  digits.o(.constdata)
    .constdata                               0x08002569   Section      780  digits.o(.constdata)
    .constdata                               0x08002875   Section      780  digits.o(.constdata)
    .constdata                               0x08002b81   Section      780  digits.o(.constdata)
    .constdata                               0x08002e8d   Section      780  digits.o(.constdata)
    .constdata                               0x08003199   Section      780  digits.o(.constdata)
    .constdata                               0x080034a5   Section      780  digits.o(.constdata)
    .constdata                               0x080037b1   Section      780  digits.o(.constdata)
    .constdata                               0x08003abd   Section      780  digits.o(.constdata)
    .constdata                               0x08003dc9   Section      780  digits.o(.constdata)
    .constdata                               0x080040d5   Section      666  digits.o(.constdata)
    .constdata                               0x0800436f   Section     2968  digits.o(.constdata)
    .constdata                               0x08004f07   Section     2240  digits.o(.constdata)
    .constdata                               0x080057c7   Section      240  digits.o(.constdata)
    .constdata                               0x080058b7   Section    20480  digits.o(.constdata)
    .constdata                               0x0800a8b7   Section     2596  digits.o(.constdata)
    .constdata                               0x0800b2db   Section     7018  digits.o(.constdata)
    .constdata                               0x0800ce46   Section      512  st7735.o(.constdata)
    .constdata                               0x0800d046   Section       23  rs485.o(.constdata)
    rxStrKeyUp                               0x0800d046   Data           7  rs485.o(.constdata)
    rxStrKeyDown                             0x0800d04d   Data          16  rs485.o(.constdata)
    .constdata                               0x0800d05d   Section       16  system_stm32f3xx.o(.constdata)
    .constdata                               0x0800d06d   Section        8  system_stm32f3xx.o(.constdata)
    .data                                    0x20000000   Section        1  digits.o(.data)
    .data                                    0x20000001   Section        1  digits.o(.data)
    .data                                    0x20000002   Section        1  digits.o(.data)
    .data                                    0x20000003   Section        1  digits.o(.data)
    .data                                    0x20000004   Section        1  digits.o(.data)
    .data                                    0x20000005   Section        1  digits.o(.data)
    .data                                    0x20000006   Section        1  digits.o(.data)
    .data                                    0x20000007   Section        1  digits.o(.data)
    .data                                    0x20000008   Section        1  digits.o(.data)
    .data                                    0x20000009   Section        1  digits.o(.data)
    .data                                    0x2000000a   Section        1  digits.o(.data)
    .data                                    0x2000000b   Section        1  digits.o(.data)
    .data                                    0x2000000c   Section        1  digits.o(.data)
    .data                                    0x2000000d   Section        1  digits.o(.data)
    .data                                    0x2000000e   Section        1  digits.o(.data)
    .data                                    0x2000000f   Section        1  digits.o(.data)
    .data                                    0x20000010   Section        1  digits.o(.data)
    .data                                    0x20000011   Section        1  digits.o(.data)
    .data                                    0x20000012   Section        1  digits.o(.data)
    .data                                    0x20000013   Section        1  digits.o(.data)
    .data                                    0x20000014   Section        1  digits.o(.data)
    .data                                    0x20000015   Section        1  digits.o(.data)
    .data                                    0x20000016   Section        1  digits.o(.data)
    .data                                    0x20000017   Section        1  digits.o(.data)
    .data                                    0x20000018   Section        1  digits.o(.data)
    .data                                    0x20000019   Section        1  digits.o(.data)
    .data                                    0x2000001a   Section        1  digits.o(.data)
    .data                                    0x2000001b   Section        1  digits.o(.data)
    .data                                    0x2000001c   Section        1  digits.o(.data)
    .data                                    0x2000001d   Section        1  digits.o(.data)
    .data                                    0x2000001e   Section        1  digits.o(.data)
    .data                                    0x2000001f   Section        1  digits.o(.data)
    .data                                    0x20000020   Section        1  digits.o(.data)
    .data                                    0x20000021   Section        1  digits.o(.data)
    .data                                    0x20000022   Section        1  periphery.o(.data)
    .data                                    0x20000023   Section        2  power.o(.data)
    .data                                    0x20000028   Section      132  st7735.o(.data)
    .data                                    0x200000ac   Section       32  config.o(.data)
    .data                                    0x200000cc   Section        1  config.o(.data)
    .data                                    0x200000cd   Section        1  config.o(.data)
    .data                                    0x200000ce   Section        1  config.o(.data)
    .data                                    0x200000d0   Section        4  config.o(.data)
    .data                                    0x200000d4   Section        4  config.o(.data)
    .data                                    0x200000d8   Section        1  config.o(.data)
    .data                                    0x200000dc   Section       86  sound.o(.data)
    .data                                    0x20000132   Section        6  sound.o(.data)
    .data                                    0x20000138   Section        6  sound.o(.data)
    .data                                    0x2000013e   Section        4  sound.o(.data)
    .data                                    0x20000142   Section        4  sound.o(.data)
    .data                                    0x20000148   Section        4  system_stm32f3xx.o(.data)
    .bss                                     0x2000014c   Section       32  config.o(.bss)
    STACK                                    0x20000170   Section     1024  startup_stm32f334x8.o(STACK)

    Global Symbols

    Symbol Name                              Value     Ov Type        Size  Object(Section)

    BuildAttributes$$THM_ISAv4$E$P$D$K$B$S$7EM$VFPi3$EXTD16$VFPS$VFMA$PE$A:L22UL41UL21$X:L11$S22US41US21$IEEE1$IW$USESV6$~STKCKD$USESV7$~SHL$OSPACE$EBA8$MICROLIB$REQ8$PRES8$EABIv2 0x00000000   Number         0  anon$$obj.o ABSOLUTE
    __ARM_use_no_argv                        0x00000000   Number         0  main.o ABSOLUTE
    __arm_fini_                               - Undefined Weak Reference
    __cpp_initialize__aeabi_                  - Undefined Weak Reference
    __cxa_finalize                            - Undefined Weak Reference
    _clock_init                               - Undefined Weak Reference
    _microlib_exit                            - Undefined Weak Reference
    __Vectors_Size                           0x00000188   Number         0  startup_stm32f334x8.o ABSOLUTE
    __Vectors                                0x08000000   Data           4  startup_stm32f334x8.o(RESET)
    __Vectors_End                            0x08000188   Data           0  startup_stm32f334x8.o(RESET)
    __main                                   0x08000189   Thumb Code     0  entry.o(.ARM.Collect$$$$00000000)
    _main_stk                                0x08000189   Thumb Code     0  entry2.o(.ARM.Collect$$$$00000001)
    _main_scatterload                        0x0800018d   Thumb Code     0  entry5.o(.ARM.Collect$$$$00000004)
    __main_after_scatterload                 0x08000191   Thumb Code     0  entry5.o(.ARM.Collect$$$$00000004)
    _main_clock                              0x08000191   Thumb Code     0  entry7b.o(.ARM.Collect$$$$00000008)
    _main_cpp_init                           0x08000191   Thumb Code     0  entry8b.o(.ARM.Collect$$$$0000000A)
    _main_init                               0x08000191   Thumb Code     0  entry9a.o(.ARM.Collect$$$$0000000B)
    __rt_lib_shutdown_fini                   0x08000199   Thumb Code     0  entry12b.o(.ARM.Collect$$$$0000000E)
    __rt_final_cpp                           0x0800019d   Thumb Code     0  entry10a.o(.ARM.Collect$$$$0000000F)
    __rt_final_exit                          0x0800019d   Thumb Code     0  entry11a.o(.ARM.Collect$$$$00000011)
    Reset_Handler                            0x080001a1   Thumb Code     8  startup_stm32f334x8.o(.text)
    ADC1_2_IRQHandler                        0x080001bb   Thumb Code     0  startup_stm32f334x8.o(.text)
    CAN_RX0_IRQHandler                       0x080001bb   Thumb Code     0  startup_stm32f334x8.o(.text)
    CAN_RX1_IRQHandler                       0x080001bb   Thumb Code     0  startup_stm32f334x8.o(.text)
    CAN_SCE_IRQHandler                       0x080001bb   Thumb Code     0  startup_stm32f334x8.o(.text)
    CAN_TX_IRQHandler                        0x080001bb   Thumb Code     0  startup_stm32f334x8.o(.text)
    COMP2_IRQHandler                         0x080001bb   Thumb Code     0  startup_stm32f334x8.o(.text)
    COMP4_6_IRQHandler                       0x080001bb   Thumb Code     0  startup_stm32f334x8.o(.text)
    DMA1_Channel1_IRQHandler                 0x080001bb   Thumb Code     0  startup_stm32f334x8.o(.text)
    DMA1_Channel2_IRQHandler                 0x080001bb   Thumb Code     0  startup_stm32f334x8.o(.text)
    DMA1_Channel3_IRQHandler                 0x080001bb   Thumb Code     0  startup_stm32f334x8.o(.text)
    DMA1_Channel6_IRQHandler                 0x080001bb   Thumb Code     0  startup_stm32f334x8.o(.text)
    DMA1_Channel7_IRQHandler                 0x080001bb   Thumb Code     0  startup_stm32f334x8.o(.text)
    EXTI0_IRQHandler                         0x080001bb   Thumb Code     0  startup_stm32f334x8.o(.text)
    EXTI15_10_IRQHandler                     0x080001bb   Thumb Code     0  startup_stm32f334x8.o(.text)
    EXTI1_IRQHandler                         0x080001bb   Thumb Code     0  startup_stm32f334x8.o(.text)
    EXTI2_TSC_IRQHandler                     0x080001bb   Thumb Code     0  startup_stm32f334x8.o(.text)
    EXTI3_IRQHandler                         0x080001bb   Thumb Code     0  startup_stm32f334x8.o(.text)
    EXTI4_IRQHandler                         0x080001bb   Thumb Code     0  startup_stm32f334x8.o(.text)
    EXTI9_5_IRQHandler                       0x080001bb   Thumb Code     0  startup_stm32f334x8.o(.text)
    FLASH_IRQHandler                         0x080001bb   Thumb Code     0  startup_stm32f334x8.o(.text)
    FPU_IRQHandler                           0x080001bb   Thumb Code     0  startup_stm32f334x8.o(.text)
    HRTIM1_FLT_IRQHandler                    0x080001bb   Thumb Code     0  startup_stm32f334x8.o(.text)
    HRTIM1_Master_IRQHandler                 0x080001bb   Thumb Code     0  startup_stm32f334x8.o(.text)
    HRTIM1_TIMA_IRQHandler                   0x080001bb   Thumb Code     0  startup_stm32f334x8.o(.text)
    HRTIM1_TIMB_IRQHandler                   0x080001bb   Thumb Code     0  startup_stm32f334x8.o(.text)
    HRTIM1_TIMC_IRQHandler                   0x080001bb   Thumb Code     0  startup_stm32f334x8.o(.text)
    HRTIM1_TIMD_IRQHandler                   0x080001bb   Thumb Code     0  startup_stm32f334x8.o(.text)
    HRTIM1_TIME_IRQHandler                   0x080001bb   Thumb Code     0  startup_stm32f334x8.o(.text)
    I2C1_ER_IRQHandler                       0x080001bb   Thumb Code     0  startup_stm32f334x8.o(.text)
    I2C1_EV_IRQHandler                       0x080001bb   Thumb Code     0  startup_stm32f334x8.o(.text)
    RTC_Alarm_IRQHandler                     0x080001bb   Thumb Code     0  startup_stm32f334x8.o(.text)
    RTC_WKUP_IRQHandler                      0x080001bb   Thumb Code     0  startup_stm32f334x8.o(.text)
    SPI1_IRQHandler                          0x080001bb   Thumb Code     0  startup_stm32f334x8.o(.text)
    TAMP_STAMP_IRQHandler                    0x080001bb   Thumb Code     0  startup_stm32f334x8.o(.text)
    TIM1_CC_IRQHandler                       0x080001bb   Thumb Code     0  startup_stm32f334x8.o(.text)
    TIM1_TRG_COM_TIM17_IRQHandler            0x080001bb   Thumb Code     0  startup_stm32f334x8.o(.text)
    TIM1_UP_TIM16_IRQHandler                 0x080001bb   Thumb Code     0  startup_stm32f334x8.o(.text)
    TIM6_DAC1_IRQHandler                     0x080001bb   Thumb Code     0  startup_stm32f334x8.o(.text)
    TIM7_DAC2_IRQHandler                     0x080001bb   Thumb Code     0  startup_stm32f334x8.o(.text)
    USART1_IRQHandler                        0x080001bb   Thumb Code     0  startup_stm32f334x8.o(.text)
    USART2_IRQHandler                        0x080001bb   Thumb Code     0  startup_stm32f334x8.o(.text)
    USART3_IRQHandler                        0x080001bb   Thumb Code     0  startup_stm32f334x8.o(.text)
    WWDG_IRQHandler                          0x080001bb   Thumb Code     0  startup_stm32f334x8.o(.text)
    __aeabi_memset                           0x080001c5   Thumb Code    14  memseta.o(.text)
    __aeabi_memset4                          0x080001c5   Thumb Code     0  memseta.o(.text)
    __aeabi_memset8                          0x080001c5   Thumb Code     0  memseta.o(.text)
    __aeabi_memclr                           0x080001d3   Thumb Code     4  memseta.o(.text)
    __aeabi_memclr4                          0x080001d3   Thumb Code     0  memseta.o(.text)
    __aeabi_memclr8                          0x080001d3   Thumb Code     0  memseta.o(.text)
    _memset$wrapper                          0x080001d7   Thumb Code    18  memseta.o(.text)
    __scatterload                            0x080001e9   Thumb Code    28  init.o(.text)
    __scatterload_rt2                        0x080001e9   Thumb Code     0  init.o(.text)
    __decompress                             0x0800020d   Thumb Code     0  __dczerorl2.o(.text)
    __decompress1                            0x0800020d   Thumb Code    86  __dczerorl2.o(.text)
    BusFault_Handler                         0x08000263   Thumb Code     2  stm32f3xx_it.o(i.BusFault_Handler)
    Convert2Array                            0x08000265   Thumb Code    56  st7735.o(i.Convert2Array)
    CorrectRX                                0x080002a1   Thumb Code    98  rs485.o(i.CorrectRX)
    CorrectTX                                0x08000321   Thumb Code    34  rs485.o(i.CorrectTX)
    DMA1_Channel4_IRQHandler                 0x08000351   Thumb Code     6  stm32f3xx_it.o(i.DMA1_Channel4_IRQHandler)
    DMA1_Channel5_IRQHandler                 0x0800035d   Thumb Code     6  stm32f3xx_it.o(i.DMA1_Channel5_IRQHandler)
    DMA1_Errors                              0x08000369   Thumb Code    22  rs485.o(i.DMA1_Errors)
    DMA1_RX_ClearFlag                        0x08000381   Thumb Code    22  rs485.o(i.DMA1_RX_ClearFlag)
    DMA1_RX_InitStart                        0x0800039d   Thumb Code    84  rs485.o(i.DMA1_RX_InitStart)
    DMA1_RX_Stop                             0x080003fd   Thumb Code    16  rs485.o(i.DMA1_RX_Stop)
    DMA1_TX_ClearFlag                        0x08000411   Thumb Code    22  rs485.o(i.DMA1_TX_ClearFlag)
    DMA1_TX_InitStart                        0x0800042d   Thumb Code    74  rs485.o(i.DMA1_TX_InitStart)
    DMA1_TX_Stop                             0x08000485   Thumb Code    16  rs485.o(i.DMA1_TX_Stop)
    DMA1_TransmitComplete                    0x08000499   Thumb Code    14  rs485.o(i.DMA1_TransmitComplete)
    DMA_DeInit                               0x080004a9   Thumb Code   136  rs485.o(i.DMA_DeInit)
    DMA_IRQHandler_Callback                  0x08000535   Thumb Code    60  rs485.o(i.DMA_IRQHandler_Callback)
    DMA_Init                                 0x08000571   Thumb Code    24  rs485.o(i.DMA_Init)
    DebugMon_Handler                         0x08000589   Thumb Code     2  stm32f3xx_it.o(i.DebugMon_Handler)
    DisplayOut                               0x0800058d   Thumb Code   112  st7735.o(i.DisplayOut)
    DisplayOutLowBattery                     0x08000611   Thumb Code    64  st7735.o(i.DisplayOutLowBattery)
    DisplayOutMenu                           0x08000665   Thumb Code   600  st7735.o(i.DisplayOutMenu)
    DisplayOutPrepering                      0x080008f9   Thumb Code    42  st7735.o(i.DisplayOutPrepering)
    DisplayOutStop                           0x08000931   Thumb Code    24  st7735.o(i.DisplayOutStop)
    GoToStandbyMode                          0x08000955   Thumb Code   122  power.o(i.GoToStandbyMode)
    HardFault_Handler                        0x080009e1   Thumb Code    84  stm32f3xx_it.o(i.HardFault_Handler)
    LL_EXTI_DeInit                           0x08000b15   Thumb Code    68  stm32f3xx_ll_exti.o(i.LL_EXTI_DeInit)
    LL_GPIO_Init                             0x08000b61   Thumb Code   318  stm32f3xx_ll_gpio.o(i.LL_GPIO_Init)
    LL_Init1msTick                           0x08000cad   Thumb Code    26  stm32f3xx_ll_utils.o(i.LL_Init1msTick)
    LL_RCC_GetSystemClocksFreq               0x08000cc7   Thumb Code    32  stm32f3xx_ll_rcc.o(i.LL_RCC_GetSystemClocksFreq)
    LL_RCC_GetUSARTClockFreq                 0x08000ce9   Thumb Code    84  stm32f3xx_ll_rcc.o(i.LL_RCC_GetUSARTClockFreq)
    LL_SPI_Init                              0x08000d45   Thumb Code   110  stm32f3xx_ll_spi.o(i.LL_SPI_Init)
    LL_SetSystemCoreClock                    0x08000db5   Thumb Code     6  stm32f3xx_ll_utils.o(i.LL_SetSystemCoreClock)
    LL_TIM_Init                              0x08000dc1   Thumb Code   112  stm32f3xx_ll_tim.o(i.LL_TIM_Init)
    LL_TIM_OC_Init                           0x08000e45   Thumb Code   736  stm32f3xx_ll_tim.o(i.LL_TIM_OC_Init)
    LL_USART_Init                            0x08001139   Thumb Code   162  stm32f3xx_ll_usart.o(i.LL_USART_Init)
    LL_mDelay                                0x080011ed   Thumb Code    30  stm32f3xx_ll_utils.o(i.LL_mDelay)
    MX_CRC_Init                              0x0800120d   Thumb Code    58  crc.o(i.MX_CRC_Init)
    MX_DMA_Init                              0x08001255   Thumb Code    82  dma.o(i.MX_DMA_Init)
    MX_GPIO_Init                             0x080012b1   Thumb Code   216  gpio.o(i.MX_GPIO_Init)
    MX_IWDG_Init                             0x08001391   Thumb Code    34  iwdg.o(i.MX_IWDG_Init)
    MX_SPI1_Init                             0x080013b9   Thumb Code   154  spi.o(i.MX_SPI1_Init)
    MX_TIM15_Init                            0x0800145d   Thumb Code   152  tim.o(i.MX_TIM15_Init)
    MX_TIM2_Init                             0x08001505   Thumb Code   120  tim.o(i.MX_TIM2_Init)
    MX_TIM3_Init                             0x08001585   Thumb Code   242  tim.o(i.MX_TIM3_Init)
    MX_USART1_UART_Init                      0x0800168d   Thumb Code   312  usart.o(i.MX_USART1_UART_Init)
    MemManage_Handler                        0x080017d1   Thumb Code     2  stm32f3xx_it.o(i.MemManage_Handler)
    NMI_Handler                              0x080017d3   Thumb Code     2  stm32f3xx_it.o(i.NMI_Handler)
    PVD_IRQHandler                           0x0800186b   Thumb Code     2  stm32f3xx_it.o(i.PVD_IRQHandler)
    PendSV_Handler                           0x0800186d   Thumb Code     2  stm32f3xx_it.o(i.PendSV_Handler)
    RCC_GetHCLKClockFreq                     0x08001871   Thumb Code    18  stm32f3xx_ll_rcc.o(i.RCC_GetHCLKClockFreq)
    RCC_GetPCLK1ClockFreq                    0x0800188d   Thumb Code    20  stm32f3xx_ll_rcc.o(i.RCC_GetPCLK1ClockFreq)
    RCC_GetPCLK2ClockFreq                    0x080018a9   Thumb Code    20  stm32f3xx_ll_rcc.o(i.RCC_GetPCLK2ClockFreq)
    RCC_GetSystemClockFreq                   0x080018c5   Thumb Code    26  stm32f3xx_ll_rcc.o(i.RCC_GetSystemClockFreq)
    RCC_IRQHandler                           0x080018e9   Thumb Code     2  stm32f3xx_it.o(i.RCC_IRQHandler)
    RCC_PLL_GetFreqDomain_SYS                0x080018ed   Thumb Code    58  stm32f3xx_ll_rcc.o(i.RCC_PLL_GetFreqDomain_SYS)
    SVC_Handler                              0x08001931   Thumb Code     2  stm32f3xx_it.o(i.SVC_Handler)
    ScanButton                               0x08001935   Thumb Code   290  periphery.o(i.ScanButton)
    SleepAfterWatchDog                       0x08001a6d   Thumb Code    18  power.o(i.SleepAfterWatchDog)
    Sound_IRQHandler                         0x08001a85   Thumb Code    68  sound.o(i.Sound_IRQHandler)
    Sound_PWM                                0x08001ad1   Thumb Code    78  sound.o(i.Sound_PWM)
    Sound_Play                               0x08001b2d   Thumb Code    24  sound.o(i.Sound_Play)
    Sound_Player                             0x08001b49   Thumb Code    76  sound.o(i.Sound_Player)
    StandbyMode_IRQHandler                   0x08001b99   Thumb Code    50  power.o(i.StandbyMode_IRQHandler)
    StartUpConfig                            0x08001bd5   Thumb Code    84  config.o(i.StartUpConfig)
    SysTick_Handler                          0x08001c35   Thumb Code     2  stm32f3xx_it.o(i.SysTick_Handler)
    SystemClock_Config                       0x08001c39   Thumb Code   180  main.o(i.SystemClock_Config)
    SystemInit                               0x08001cf9   Thumb Code    12  system_stm32f3xx.o(i.SystemInit)
    TIM1_BRK_TIM15_IRQHandler                0x08001d09   Thumb Code     4  stm32f3xx_it.o(i.TIM1_BRK_TIM15_IRQHandler)
    TIM2_IRQHandler                          0x08001d0d   Thumb Code    24  stm32f3xx_it.o(i.TIM2_IRQHandler)
    TIM3_IRQHandler                          0x08001d25   Thumb Code     4  stm32f3xx_it.o(i.TIM3_IRQHandler)
    UsageFault_Handler                       0x08001d29   Thumb Code     2  stm32f3xx_it.o(i.UsageFault_Handler)
    __scatterload_copy                       0x08001de9   Thumb Code    14  handlers.o(i.__scatterload_copy)
    __scatterload_null                       0x08001df7   Thumb Code     2  handlers.o(i.__scatterload_null)
    __scatterload_zeroinit                   0x08001df9   Thumb Code    14  handlers.o(i.__scatterload_zeroinit)
    delayNs                                  0x08001e09   Thumb Code    18  st7735.o(i.delayNs)
    delaySetNs                               0x08001e25   Thumb Code    42  st7735.o(i.delaySetNs)
    lcd_st7735s_CS_0                         0x08001e5d   Thumb Code     8  st7735.o(i.lcd_st7735s_CS_0)
    lcd_st7735s_CS_1                         0x08001e69   Thumb Code     8  st7735.o(i.lcd_st7735s_CS_1)
    lcd_st7735s_RES_1                        0x08001e75   Thumb Code    12  st7735.o(i.lcd_st7735s_RES_1)
    lcd_st7735s_at                           0x08001e81   Thumb Code    72  st7735.o(i.lcd_st7735s_at)
    lcd_st7735s_fillrect                     0x08001ec9   Thumb Code    70  st7735.o(i.lcd_st7735s_fillrect)
    lcd_st7735s_img8                         0x08001f11   Thumb Code    74  st7735.o(i.lcd_st7735s_img8)
    lcd_st7735s_init                         0x08001f61   Thumb Code    78  st7735.o(i.lcd_st7735s_init)
    lcd_st7735s_putpix                       0x08001fb5   Thumb Code    20  st7735.o(i.lcd_st7735s_putpix)
    lcd_st7735s_send                         0x08001fc9   Thumb Code    12  st7735.o(i.lcd_st7735s_send)
    lcd_st7735s_send_cmd                     0x08001fd9   Thumb Code    12  st7735.o(i.lcd_st7735s_send_cmd)
    lcd_st7735s_send_data                    0x08001fe5   Thumb Code    16  st7735.o(i.lcd_st7735s_send_data)
    main                                     0x08001ff5   Thumb Code   354  main.o(i.main)
    rs485_StartUp                            0x08002179   Thumb Code    22  rs485.o(i.rs485_StartUp)
    st7735_StartUp                           0x08002191   Thumb Code   136  st7735.o(i.st7735_StartUp)
    dig0                                     0x0800225d   Data         780  digits.o(.constdata)
    dig1                                     0x08002569   Data         780  digits.o(.constdata)
    dig2                                     0x08002875   Data         780  digits.o(.constdata)
    dig3                                     0x08002b81   Data         780  digits.o(.constdata)
    dig4                                     0x08002e8d   Data         780  digits.o(.constdata)
    dig5                                     0x08003199   Data         780  digits.o(.constdata)
    dig6                                     0x080034a5   Data         780  digits.o(.constdata)
    dig7                                     0x080037b1   Data         780  digits.o(.constdata)
    dig8                                     0x08003abd   Data         780  digits.o(.constdata)
    dig9                                     0x08003dc9   Data         780  digits.o(.constdata)
    bat_img                                  0x080040d5   Data         666  digits.o(.constdata)
    speed_img                                0x0800436f   Data        2968  digits.o(.constdata)
    weight_img                               0x08004f07   Data        2240  digits.o(.constdata)
    charge_img                               0x080057c7   Data         240  digits.o(.constdata)
    stop_img                                 0x080058b7   Data       20480  digits.o(.constdata)
    preparing_img                            0x0800a8b7   Data        2596  digits.o(.constdata)
    lowbattery_img                           0x0800b2db   Data        7018  digits.o(.constdata)
    rgb8_to_rgb16                            0x0800ce46   Data         512  st7735.o(.constdata)
    AHBPrescTable                            0x0800d05d   Data          16  system_stm32f3xx.o(.constdata)
    APBPrescTable                            0x0800d06d   Data           8  system_stm32f3xx.o(.constdata)
    Region$$Table$$Base                      0x0800d078   Number         0  anon$$obj.o(Region$$Table)
    Region$$Table$$Limit                     0x0800d098   Number         0  anon$$obj.o(Region$$Table)
    width_dig0                               0x20000000   Data           1  digits.o(.data)
    height_dig0                              0x20000001   Data           1  digits.o(.data)
    width_dig1                               0x20000002   Data           1  digits.o(.data)
    height_dig1                              0x20000003   Data           1  digits.o(.data)
    width_dig2                               0x20000004   Data           1  digits.o(.data)
    height_dig2                              0x20000005   Data           1  digits.o(.data)
    width_dig3                               0x20000006   Data           1  digits.o(.data)
    height_dig3                              0x20000007   Data           1  digits.o(.data)
    width_dig4                               0x20000008   Data           1  digits.o(.data)
    height_dig4                              0x20000009   Data           1  digits.o(.data)
    width_dig5                               0x2000000a   Data           1  digits.o(.data)
    height_dig5                              0x2000000b   Data           1  digits.o(.data)
    width_dig6                               0x2000000c   Data           1  digits.o(.data)
    height_dig6                              0x2000000d   Data           1  digits.o(.data)
    width_dig7                               0x2000000e   Data           1  digits.o(.data)
    height_dig7                              0x2000000f   Data           1  digits.o(.data)
    width_dig8                               0x20000010   Data           1  digits.o(.data)
    height_dig8                              0x20000011   Data           1  digits.o(.data)
    width_dig9                               0x20000012   Data           1  digits.o(.data)
    height_dig9                              0x20000013   Data           1  digits.o(.data)
    width_bat_img                            0x20000014   Data           1  digits.o(.data)
    height_bat_img                           0x20000015   Data           1  digits.o(.data)
    width_speed_img                          0x20000016   Data           1  digits.o(.data)
    height_speed_img                         0x20000017   Data           1  digits.o(.data)
    width_weight_img                         0x20000018   Data           1  digits.o(.data)
    height_weight_img                        0x20000019   Data           1  digits.o(.data)
    width_charge_img                         0x2000001a   Data           1  digits.o(.data)
    height_charge_img                        0x2000001b   Data           1  digits.o(.data)
    width_stop_img                           0x2000001c   Data           1  digits.o(.data)
    height_stop_img                          0x2000001d   Data           1  digits.o(.data)
    width_preparing_img                      0x2000001e   Data           1  digits.o(.data)
    height_preparing_img                     0x2000001f   Data           1  digits.o(.data)
    width_lowbattery_img                     0x20000020   Data           1  digits.o(.data)
    height_lowbattery_img                    0x20000021   Data           1  digits.o(.data)
    Button_Status                            0x20000022   Data           1  periphery.o(.data)
    NumFlagSleepDeny                         0x20000023   Data           1  power.o(.data)
    Sleep_FLAG                               0x20000024   Data           1  power.o(.data)
    Display_Status                           0x20000028   Data           1  st7735.o(.data)
    Charger_Status                           0x20000029   Data           1  st7735.o(.data)
    DisplayOutLowBattery_Status              0x2000002a   Data           1  st7735.o(.data)
    digits                                   0x2000002b   Data           3  st7735.o(.data)
    DWT_Tick                                 0x20000030   Data           4  st7735.o(.data)
    disp_w                                   0x20000034   Data          40  st7735.o(.data)
    disp_h                                   0x2000005c   Data          40  st7735.o(.data)
    disp_p                                   0x20000084   Data          40  st7735.o(.data)
    tx_str                                   0x200000ac   Data          32  config.o(.data)
    weight                                   0x200000cc   Data           1  config.o(.data)
    speed                                    0x200000cd   Data           1  config.o(.data)
    battery                                  0x200000ce   Data           1  config.o(.data)
    GLOBAL_FLAG_RX                           0x200000d0   Data           4  config.o(.data)
    GLOBAL_FLAG_TX                           0x200000d4   Data           4  config.o(.data)
    GLOBAL_CHARGE_FLAG                       0x200000d8   Data           1  config.o(.data)
    Sound_Status                             0x200000dc   Data           1  sound.o(.data)
    MidiNum                                  0x200000de   Data           2  sound.o(.data)
    Sound_tick                               0x200000e0   Data           4  sound.o(.data)
    Sound_time                               0x200000e4   Data           4  sound.o(.data)
    Sound_count                              0x200000e8   Data           4  sound.o(.data)
    Sound_Num                                0x200000ec   Data           4  sound.o(.data)
    Sound_track                              0x200000f0   Data           4  sound.o(.data)
    MidiNum_to_freq                          0x200000f4   Data          62  sound.o(.data)
    track_up                                 0x20000132   Data           6  sound.o(.data)
    track_down                               0x20000138   Data           6  sound.o(.data)
    track_charging                           0x2000013e   Data           4  sound.o(.data)
    track_charge                             0x20000142   Data           4  sound.o(.data)
    SystemCoreClock                          0x20000148   Data           4  system_stm32f3xx.o(.data)
    rx_str                                   0x2000014c   Data          32  config.o(.bss)
    __initial_sp                             0x20000570   Data           0  startup_stm32f334x8.o(STACK)



==============================================================================

Memory Map of the image

  Image Entry point : 0x08000189

  Load Region LR_IROM1 (Base: 0x08000000, Size: 0x0000d1e4, Max: 0x00010000, ABSOLUTE, COMPRESSED[0x0000d188])

    Execution Region ER_IROM1 (Exec base: 0x08000000, Load base: 0x08000000, Size: 0x0000d098, Max: 0x00010000, ABSOLUTE)

    Exec Addr    Load Addr    Size         Type   Attr      Idx    E Section Name        Object

    0x08000000   0x08000000   0x00000188   Data   RO            3    RESET               startup_stm32f334x8.o
    0x08000188   0x08000188   0x00000000   Code   RO         1893  * .ARM.Collect$$$$00000000  mc_w.l(entry.o)
    0x08000188   0x08000188   0x00000004   Code   RO         1898    .ARM.Collect$$$$00000001  mc_w.l(entry2.o)
    0x0800018c   0x0800018c   0x00000004   Code   RO         1901    .ARM.Collect$$$$00000004  mc_w.l(entry5.o)
    0x08000190   0x08000190   0x00000000   Code   RO         1903    .ARM.Collect$$$$00000008  mc_w.l(entry7b.o)
    0x08000190   0x08000190   0x00000000   Code   RO         1905    .ARM.Collect$$$$0000000A  mc_w.l(entry8b.o)
    0x08000190   0x08000190   0x00000008   Code   RO         1906    .ARM.Collect$$$$0000000B  mc_w.l(entry9a.o)
    0x08000198   0x08000198   0x00000004   Code   RO         1913    .ARM.Collect$$$$0000000E  mc_w.l(entry12b.o)
    0x0800019c   0x0800019c   0x00000000   Code   RO         1908    .ARM.Collect$$$$0000000F  mc_w.l(entry10a.o)
    0x0800019c   0x0800019c   0x00000000   Code   RO         1910    .ARM.Collect$$$$00000011  mc_w.l(entry11a.o)
    0x0800019c   0x0800019c   0x00000004   Code   RO         1899    .ARM.Collect$$$$00002712  mc_w.l(entry2.o)
    0x080001a0   0x080001a0   0x00000024   Code   RO            4    .text               startup_stm32f334x8.o
    0x080001c4   0x080001c4   0x00000024   Code   RO         1896    .text               mc_w.l(memseta.o)
    0x080001e8   0x080001e8   0x00000024   Code   RO         1914    .text               mc_w.l(init.o)
    0x0800020c   0x0800020c   0x00000056   Code   RO         1924    .text               mc_w.l(__dczerorl2.o)
    0x08000262   0x08000262   0x00000002   Code   RO          501    i.BusFault_Handler  stm32f3xx_it.o
    0x08000264   0x08000264   0x0000003c   Code   RO          839    i.Convert2Array     st7735.o
    0x080002a0   0x080002a0   0x00000080   Code   RO         1024    i.CorrectRX         rs485.o
    0x08000320   0x08000320   0x00000030   Code   RO         1025    i.CorrectTX         rs485.o
    0x08000350   0x08000350   0x0000000c   Code   RO          502    i.DMA1_Channel4_IRQHandler  stm32f3xx_it.o
    0x0800035c   0x0800035c   0x0000000c   Code   RO          503    i.DMA1_Channel5_IRQHandler  stm32f3xx_it.o
    0x08000368   0x08000368   0x00000016   Code   RO         1026    i.DMA1_Errors       rs485.o
    0x0800037e   0x0800037e   0x00000002   PAD
    0x08000380   0x08000380   0x0000001c   Code   RO         1027    i.DMA1_RX_ClearFlag  rs485.o
    0x0800039c   0x0800039c   0x00000060   Code   RO         1028    i.DMA1_RX_InitStart  rs485.o
    0x080003fc   0x080003fc   0x00000014   Code   RO         1029    i.DMA1_RX_Stop      rs485.o
    0x08000410   0x08000410   0x0000001c   Code   RO         1031    i.DMA1_TX_ClearFlag  rs485.o
    0x0800042c   0x0800042c   0x00000058   Code   RO         1032    i.DMA1_TX_InitStart  rs485.o
    0x08000484   0x08000484   0x00000014   Code   RO         1033    i.DMA1_TX_Stop      rs485.o
    0x08000498   0x08000498   0x0000000e   Code   RO         1034    i.DMA1_TransmitComplete  rs485.o
    0x080004a6   0x080004a6   0x00000002   PAD
    0x080004a8   0x080004a8   0x0000008c   Code   RO         1035    i.DMA_DeInit        rs485.o
    0x08000534   0x08000534   0x0000003c   Code   RO         1039    i.DMA_IRQHandler_Callback  rs485.o
    0x08000570   0x08000570   0x00000018   Code   RO         1040    i.DMA_Init          rs485.o
    0x08000588   0x08000588   0x00000002   Code   RO          504    i.DebugMon_Handler  stm32f3xx_it.o
    0x0800058a   0x0800058a   0x00000002   PAD
    0x0800058c   0x0800058c   0x00000084   Code   RO          840    i.DisplayOut        st7735.o
    0x08000610   0x08000610   0x00000054   Code   RO          841    i.DisplayOutLowBattery  st7735.o
    0x08000664   0x08000664   0x00000294   Code   RO          842    i.DisplayOutMenu    st7735.o
    0x080008f8   0x080008f8   0x00000038   Code   RO          843    i.DisplayOutPrepering  st7735.o
    0x08000930   0x08000930   0x00000024   Code   RO          844    i.DisplayOutStop    st7735.o
    0x08000954   0x08000954   0x0000008c   Code   RO          743    i.GoToStandbyMode   power.o
    0x080009e0   0x080009e0   0x00000058   Code   RO          505    i.HardFault_Handler  stm32f3xx_it.o
    0x08000a38   0x08000a38   0x00000018   Code   RO          192    i.LL_AHB1_GRP1_EnableClock  gpio.o
    0x08000a50   0x08000a50   0x00000018   Code   RO          370    i.LL_APB1_GRP1_EnableClock  tim.o
    0x08000a68   0x08000a68   0x00000018   Code   RO          434    i.LL_DMA_SetChannelPriorityLevel  usart.o
    0x08000a80   0x08000a80   0x0000001c   Code   RO          435    i.LL_DMA_SetDataTransferDirection  usart.o
    0x08000a9c   0x08000a9c   0x00000018   Code   RO          436    i.LL_DMA_SetMemoryIncMode  usart.o
    0x08000ab4   0x08000ab4   0x00000018   Code   RO          437    i.LL_DMA_SetMemorySize  usart.o
    0x08000acc   0x08000acc   0x00000018   Code   RO          438    i.LL_DMA_SetMode    usart.o
    0x08000ae4   0x08000ae4   0x00000018   Code   RO          439    i.LL_DMA_SetPeriphIncMode  usart.o
    0x08000afc   0x08000afc   0x00000018   Code   RO          440    i.LL_DMA_SetPeriphSize  usart.o
    0x08000b14   0x08000b14   0x0000004c   Code   RO         1391    i.LL_EXTI_DeInit    stm32f3xx_ll_exti.o
    0x08000b60   0x08000b60   0x0000013e   Code   RO         1433    i.LL_GPIO_Init      stm32f3xx_ll_gpio.o
    0x08000c9e   0x08000c9e   0x0000000e   Code   RO          698    i.LL_GPIO_IsInputPinSet  periphery.o
    0x08000cac   0x08000cac   0x0000001a   Code   RO         1311    i.LL_Init1msTick    stm32f3xx_ll_utils.o
    0x08000cc6   0x08000cc6   0x00000020   Code   RO         1513    i.LL_RCC_GetSystemClocksFreq  stm32f3xx_ll_rcc.o
    0x08000ce6   0x08000ce6   0x00000002   PAD
    0x08000ce8   0x08000ce8   0x0000005c   Code   RO         1515    i.LL_RCC_GetUSARTClockFreq  stm32f3xx_ll_rcc.o
    0x08000d44   0x08000d44   0x0000006e   Code   RO         1644    i.LL_SPI_Init       stm32f3xx_ll_spi.o
    0x08000db2   0x08000db2   0x00000002   PAD
    0x08000db4   0x08000db4   0x0000000c   Code   RO         1316    i.LL_SetSystemCoreClock  stm32f3xx_ll_utils.o
    0x08000dc0   0x08000dc0   0x00000084   Code   RO         1698    i.LL_TIM_Init       stm32f3xx_ll_tim.o
    0x08000e44   0x08000e44   0x000002f4   Code   RO         1699    i.LL_TIM_OC_Init    stm32f3xx_ll_tim.o
    0x08001138   0x08001138   0x000000b4   Code   RO         1810    i.LL_USART_Init     stm32f3xx_ll_usart.o
    0x080011ec   0x080011ec   0x0000001e   Code   RO         1317    i.LL_mDelay         stm32f3xx_ll_utils.o
    0x0800120a   0x0800120a   0x00000002   PAD
    0x0800120c   0x0800120c   0x00000048   Code   RO          240    i.MX_CRC_Init       crc.o
    0x08001254   0x08001254   0x0000005c   Code   RO          267    i.MX_DMA_Init       dma.o
    0x080012b0   0x080012b0   0x000000e0   Code   RO          193    i.MX_GPIO_Init      gpio.o
    0x08001390   0x08001390   0x00000028   Code   RO          310    i.MX_IWDG_Init      iwdg.o
    0x080013b8   0x080013b8   0x000000a4   Code   RO          340    i.MX_SPI1_Init      spi.o
    0x0800145c   0x0800145c   0x000000a8   Code   RO          371    i.MX_TIM15_Init     tim.o
    0x08001504   0x08001504   0x00000080   Code   RO          372    i.MX_TIM2_Init      tim.o
    0x08001584   0x08001584   0x00000108   Code   RO          373    i.MX_TIM3_Init      tim.o
    0x0800168c   0x0800168c   0x00000144   Code   RO          441    i.MX_USART1_UART_Init  usart.o
    0x080017d0   0x080017d0   0x00000002   Code   RO          506    i.MemManage_Handler  stm32f3xx_it.o
    0x080017d2   0x080017d2   0x00000002   Code   RO          507    i.NMI_Handler       stm32f3xx_it.o
    0x080017d4   0x080017d4   0x00000032   Code   RO           14    i.NVIC_EncodePriority  main.o
    0x08001806   0x08001806   0x00000032   Code   RO          268    i.NVIC_EncodePriority  dma.o
    0x08001838   0x08001838   0x00000032   Code   RO          374    i.NVIC_EncodePriority  tim.o
    0x0800186a   0x0800186a   0x00000002   Code   RO          508    i.PVD_IRQHandler    stm32f3xx_it.o
    0x0800186c   0x0800186c   0x00000002   Code   RO          509    i.PendSV_Handler    stm32f3xx_it.o
    0x0800186e   0x0800186e   0x00000002   PAD
    0x08001870   0x08001870   0x0000001c   Code   RO         1516    i.RCC_GetHCLKClockFreq  stm32f3xx_ll_rcc.o
    0x0800188c   0x0800188c   0x0000001c   Code   RO         1517    i.RCC_GetPCLK1ClockFreq  stm32f3xx_ll_rcc.o
    0x080018a8   0x080018a8   0x0000001c   Code   RO         1518    i.RCC_GetPCLK2ClockFreq  stm32f3xx_ll_rcc.o
    0x080018c4   0x080018c4   0x00000024   Code   RO         1519    i.RCC_GetSystemClockFreq  stm32f3xx_ll_rcc.o
    0x080018e8   0x080018e8   0x00000002   Code   RO          510    i.RCC_IRQHandler    stm32f3xx_it.o
    0x080018ea   0x080018ea   0x00000002   PAD
    0x080018ec   0x080018ec   0x00000044   Code   RO         1520    i.RCC_PLL_GetFreqDomain_SYS  stm32f3xx_ll_rcc.o
    0x08001930   0x08001930   0x00000002   Code   RO          511    i.SVC_Handler       stm32f3xx_it.o
    0x08001932   0x08001932   0x00000002   PAD
    0x08001934   0x08001934   0x00000138   Code   RO          699    i.ScanButton        periphery.o
    0x08001a6c   0x08001a6c   0x00000018   Code   RO          745    i.SleepAfterWatchDog  power.o
    0x08001a84   0x08001a84   0x0000004c   Code   RO         1256    i.Sound_IRQHandler  sound.o
    0x08001ad0   0x08001ad0   0x0000005c   Code   RO         1257    i.Sound_PWM         sound.o
    0x08001b2c   0x08001b2c   0x0000001c   Code   RO         1258    i.Sound_Play        sound.o
    0x08001b48   0x08001b48   0x00000050   Code   RO         1259    i.Sound_Player      sound.o
    0x08001b98   0x08001b98   0x0000003c   Code   RO          746    i.StandbyMode_IRQHandler  power.o
    0x08001bd4   0x08001bd4   0x00000060   Code   RO         1164    i.StartUpConfig     config.o
    0x08001c34   0x08001c34   0x00000002   Code   RO          512    i.SysTick_Handler   stm32f3xx_it.o
    0x08001c36   0x08001c36   0x00000002   PAD
    0x08001c38   0x08001c38   0x000000c0   Code   RO           15    i.SystemClock_Config  main.o
    0x08001cf8   0x08001cf8   0x00000010   Code   RO         1859    i.SystemInit        system_stm32f3xx.o
    0x08001d08   0x08001d08   0x00000004   Code   RO          513    i.TIM1_BRK_TIM15_IRQHandler  stm32f3xx_it.o
    0x08001d0c   0x08001d0c   0x00000018   Code   RO          514    i.TIM2_IRQHandler   stm32f3xx_it.o
    0x08001d24   0x08001d24   0x00000004   Code   RO          515    i.TIM3_IRQHandler   stm32f3xx_it.o
    0x08001d28   0x08001d28   0x00000002   Code   RO          516    i.UsageFault_Handler  stm32f3xx_it.o
    0x08001d2a   0x08001d2a   0x0000001a   Code   RO           16    i.__NVIC_EnableIRQ  main.o
    0x08001d44   0x08001d44   0x0000001a   Code   RO          269    i.__NVIC_EnableIRQ  dma.o
    0x08001d5e   0x08001d5e   0x0000001a   Code   RO          375    i.__NVIC_EnableIRQ  tim.o
    0x08001d78   0x08001d78   0x00000010   Code   RO           17    i.__NVIC_GetPriorityGrouping  main.o
    0x08001d88   0x08001d88   0x00000020   Code   RO           18    i.__NVIC_SetPriority  main.o
    0x08001da8   0x08001da8   0x00000020   Code   RO          270    i.__NVIC_SetPriority  dma.o
    0x08001dc8   0x08001dc8   0x00000020   Code   RO          376    i.__NVIC_SetPriority  tim.o
    0x08001de8   0x08001de8   0x0000000e   Code   RO         1918    i.__scatterload_copy  mc_w.l(handlers.o)
    0x08001df6   0x08001df6   0x00000002   Code   RO         1919    i.__scatterload_null  mc_w.l(handlers.o)
    0x08001df8   0x08001df8   0x0000000e   Code   RO         1920    i.__scatterload_zeroinit  mc_w.l(handlers.o)
    0x08001e06   0x08001e06   0x00000002   PAD
    0x08001e08   0x08001e08   0x0000001c   Code   RO          995    i.delayNs           st7735.o
    0x08001e24   0x08001e24   0x00000038   Code   RO          846    i.delaySetNs        st7735.o
    0x08001e5c   0x08001e5c   0x0000000c   Code   RO          848    i.lcd_st7735s_CS_0  st7735.o
    0x08001e68   0x08001e68   0x0000000c   Code   RO          849    i.lcd_st7735s_CS_1  st7735.o
    0x08001e74   0x08001e74   0x0000000c   Code   RO          851    i.lcd_st7735s_RES_1  st7735.o
    0x08001e80   0x08001e80   0x00000048   Code   RO          852    i.lcd_st7735s_at    st7735.o
    0x08001ec8   0x08001ec8   0x00000046   Code   RO          853    i.lcd_st7735s_fillrect  st7735.o
    0x08001f0e   0x08001f0e   0x00000002   PAD
    0x08001f10   0x08001f10   0x00000050   Code   RO          855    i.lcd_st7735s_img8  st7735.o
    0x08001f60   0x08001f60   0x00000054   Code   RO          856    i.lcd_st7735s_init  st7735.o
    0x08001fb4   0x08001fb4   0x00000014   Code   RO          858    i.lcd_st7735s_putpix  st7735.o
    0x08001fc8   0x08001fc8   0x00000010   Code   RO          860    i.lcd_st7735s_send  st7735.o
    0x08001fd8   0x08001fd8   0x0000000c   Code   RO          861    i.lcd_st7735s_send_cmd  st7735.o
    0x08001fe4   0x08001fe4   0x00000010   Code   RO          862    i.lcd_st7735s_send_data  st7735.o
    0x08001ff4   0x08001ff4   0x00000184   Code   RO           19    i.main              main.o
    0x08002178   0x08002178   0x00000016   Code   RO         1041    i.rs485_StartUp     rs485.o
    0x0800218e   0x0800218e   0x00000002   PAD
    0x08002190   0x08002190   0x000000b4   Code   RO          863    i.st7735_StartUp    st7735.o
    0x08002244   0x08002244   0x00000012   Data   RO          377    .constdata          tim.o
    0x08002256   0x08002256   0x00000007   Data   RO          442    .constdata          usart.o
    0x0800225d   0x0800225d   0x0000030c   Data   RO          624    .constdata          digits.o
    0x08002569   0x08002569   0x0000030c   Data   RO          625    .constdata          digits.o
    0x08002875   0x08002875   0x0000030c   Data   RO          626    .constdata          digits.o
    0x08002b81   0x08002b81   0x0000030c   Data   RO          627    .constdata          digits.o
    0x08002e8d   0x08002e8d   0x0000030c   Data   RO          628    .constdata          digits.o
    0x08003199   0x08003199   0x0000030c   Data   RO          629    .constdata          digits.o
    0x080034a5   0x080034a5   0x0000030c   Data   RO          630    .constdata          digits.o
    0x080037b1   0x080037b1   0x0000030c   Data   RO          631    .constdata          digits.o
    0x08003abd   0x08003abd   0x0000030c   Data   RO          632    .constdata          digits.o
    0x08003dc9   0x08003dc9   0x0000030c   Data   RO          633    .constdata          digits.o
    0x080040d5   0x080040d5   0x0000029a   Data   RO          634    .constdata          digits.o
    0x0800436f   0x0800436f   0x00000b98   Data   RO          635    .constdata          digits.o
    0x08004f07   0x08004f07   0x000008c0   Data   RO          636    .constdata          digits.o
    0x080057c7   0x080057c7   0x000000f0   Data   RO          637    .constdata          digits.o
    0x080058b7   0x080058b7   0x00005000   Data   RO          638    .constdata          digits.o
    0x0800a8b7   0x0800a8b7   0x00000a24   Data   RO          639    .constdata          digits.o
    0x0800b2db   0x0800b2db   0x00001b6a   Data   RO          640    .constdata          digits.o
    0x0800ce45   0x0800ce45   0x00000001   PAD
    0x0800ce46   0x0800ce46   0x00000200   Data   RO          864    .constdata          st7735.o
    0x0800d046   0x0800d046   0x00000017   Data   RO         1042    .constdata          rs485.o
    0x0800d05d   0x0800d05d   0x00000010   Data   RO         1860    .constdata          system_stm32f3xx.o
    0x0800d06d   0x0800d06d   0x00000008   Data   RO         1861    .constdata          system_stm32f3xx.o
    0x0800d075   0x0800d075   0x00000003   PAD
    0x0800d078   0x0800d078   0x00000020   Data   RO         1916    Region$$Table       anon$$obj.o


    Execution Region RW_IRAM2 (Exec base: 0x10000000, Load base: 0x0800d188, Size: 0x00000000, Max: 0x00001000, ABSOLUTE)

    **** No section assigned to this execution region ****


    Execution Region RW_IRAM1 (Exec base: 0x20000000, Load base: 0x0800d098, Size: 0x00000570, Max: 0x00003000, ABSOLUTE, COMPRESSED[0x000000f0])

    Exec Addr    Load Addr    Size         Type   Attr      Idx    E Section Name        Object

    0x20000000   COMPRESSED   0x00000001   Data   RW          641    .data               digits.o
    0x20000001   COMPRESSED   0x00000001   Data   RW          642    .data               digits.o
    0x20000002   COMPRESSED   0x00000001   Data   RW          643    .data               digits.o
    0x20000003   COMPRESSED   0x00000001   Data   RW          644    .data               digits.o
    0x20000004   COMPRESSED   0x00000001   Data   RW          645    .data               digits.o
    0x20000005   COMPRESSED   0x00000001   Data   RW          646    .data               digits.o
    0x20000006   COMPRESSED   0x00000001   Data   RW          647    .data               digits.o
    0x20000007   COMPRESSED   0x00000001   Data   RW          648    .data               digits.o
    0x20000008   COMPRESSED   0x00000001   Data   RW          649    .data               digits.o
    0x20000009   COMPRESSED   0x00000001   Data   RW          650    .data               digits.o
    0x2000000a   COMPRESSED   0x00000001   Data   RW          651    .data               digits.o
    0x2000000b   COMPRESSED   0x00000001   Data   RW          652    .data               digits.o
    0x2000000c   COMPRESSED   0x00000001   Data   RW          653    .data               digits.o
    0x2000000d   COMPRESSED   0x00000001   Data   RW          654    .data               digits.o
    0x2000000e   COMPRESSED   0x00000001   Data   RW          655    .data               digits.o
    0x2000000f   COMPRESSED   0x00000001   Data   RW          656    .data               digits.o
    0x20000010   COMPRESSED   0x00000001   Data   RW          657    .data               digits.o
    0x20000011   COMPRESSED   0x00000001   Data   RW          658    .data               digits.o
    0x20000012   COMPRESSED   0x00000001   Data   RW          659    .data               digits.o
    0x20000013   COMPRESSED   0x00000001   Data   RW          660    .data               digits.o
    0x20000014   COMPRESSED   0x00000001   Data   RW          661    .data               digits.o
    0x20000015   COMPRESSED   0x00000001   Data   RW          662    .data               digits.o
    0x20000016   COMPRESSED   0x00000001   Data   RW          663    .data               digits.o
    0x20000017   COMPRESSED   0x00000001   Data   RW          664    .data               digits.o
    0x20000018   COMPRESSED   0x00000001   Data   RW          665    .data               digits.o
    0x20000019   COMPRESSED   0x00000001   Data   RW          666    .data               digits.o
    0x2000001a   COMPRESSED   0x00000001   Data   RW          667    .data               digits.o
    0x2000001b   COMPRESSED   0x00000001   Data   RW          668    .data               digits.o
    0x2000001c   COMPRESSED   0x00000001   Data   RW          669    .data               digits.o
    0x2000001d   COMPRESSED   0x00000001   Data   RW          670    .data               digits.o
    0x2000001e   COMPRESSED   0x00000001   Data   RW          671    .data               digits.o
    0x2000001f   COMPRESSED   0x00000001   Data   RW          672    .data               digits.o
    0x20000020   COMPRESSED   0x00000001   Data   RW          673    .data               digits.o
    0x20000021   COMPRESSED   0x00000001   Data   RW          674    .data               digits.o
    0x20000022   COMPRESSED   0x00000001   Data   RW          701    .data               periphery.o
    0x20000023   COMPRESSED   0x00000002   Data   RW          752    .data               power.o
    0x20000025   COMPRESSED   0x00000003   PAD
    0x20000028   COMPRESSED   0x00000084   Data   RW          865    .data               st7735.o
    0x200000ac   COMPRESSED   0x00000020   Data   RW         1166    .data               config.o
    0x200000cc   COMPRESSED   0x00000001   Data   RW         1169    .data               config.o
    0x200000cd   COMPRESSED   0x00000001   Data   RW         1170    .data               config.o
    0x200000ce   COMPRESSED   0x00000001   Data   RW         1171    .data               config.o
    0x200000cf   COMPRESSED   0x00000001   PAD
    0x200000d0   COMPRESSED   0x00000004   Data   RW         1172    .data               config.o
    0x200000d4   COMPRESSED   0x00000004   Data   RW         1173    .data               config.o
    0x200000d8   COMPRESSED   0x00000001   Data   RW         1174    .data               config.o
    0x200000d9   COMPRESSED   0x00000003   PAD
    0x200000dc   COMPRESSED   0x00000056   Data   RW         1260    .data               sound.o
    0x20000132   COMPRESSED   0x00000006   Data   RW         1261    .data               sound.o
    0x20000138   COMPRESSED   0x00000006   Data   RW         1262    .data               sound.o
    0x2000013e   COMPRESSED   0x00000004   Data   RW         1263    .data               sound.o
    0x20000142   COMPRESSED   0x00000004   Data   RW         1264    .data               sound.o
    0x20000146   COMPRESSED   0x00000002   PAD
    0x20000148   COMPRESSED   0x00000004   Data   RW         1862    .data               system_stm32f3xx.o
    0x2000014c        -       0x00000020   Zero   RW         1165    .bss                config.o
    0x2000016c   COMPRESSED   0x00000004   PAD
    0x20000170        -       0x00000400   Zero   RW            1    STACK               startup_stm32f334x8.o


==============================================================================

Image component sizes


      Code (inc. data)   RO Data    RW Data    ZI Data      Debug   Object Name

        96         12          0         44         32      34236   config.o
        72         14          0          0          0       3142   crc.o
         0          0      44008         34          0       2763   digits.o
       200         10          0          0          0      30837   dma.o
       248         14          0          0          0      22567   gpio.o
        40          6          0          0          0       2651   iwdg.o
       704         52          0          0          0     615963   main.o
       326         22          0          1          0       6413   periphery.o
       224         34          0          2          0      39150   power.o
       738         94         23          0          0      40626   rs485.o
       276         30          0        106          0      34782   sound.o
       164         10          0          0          0      11475   spi.o
      1698        222        512        132          0      58698   st7735.o
        36          8        392          0       1024        864   startup_stm32f334x8.o
       164         16          0          0          0      43014   stm32f3xx_it.o
        76          8          0          0          0        625   stm32f3xx_ll_exti.o
       318          0          0          0          0       7143   stm32f3xx_ll_gpio.o
       312         54          0          0          0      20666   stm32f3xx_ll_rcc.o
       110          0          0          0          0      11382   stm32f3xx_ll_spi.o
       888         40          0          0          0      41039   stm32f3xx_ll_tim.o
       180         18          0          0          0      21488   stm32f3xx_ll_usart.o
        68          6          0          0          0       6393   stm32f3xx_ll_utils.o
        16          4         24          4          0       1211   system_stm32f3xx.o
       692         52         18          0          0      38926   tim.o
       496         40          7          0          0      34254   usart.o

    ----------------------------------------------------------------------
      8166        766      45020        332       1060    1130308   Object Totals
         0          0         32          0          0          0   (incl. Generated)
        24          0          4          9          4          0   (incl. Padding)

    ----------------------------------------------------------------------

      Code (inc. data)   RO Data    RW Data    ZI Data      Debug   Library Member Name

        86          0          0          0          0          0   __dczerorl2.o
         0          0          0          0          0          0   entry.o
         0          0          0          0          0          0   entry10a.o
         0          0          0          0          0          0   entry11a.o
         4          0          0          0          0          0   entry12b.o
         8          4          0          0          0          0   entry2.o
         4          0          0          0          0          0   entry5.o
         0          0          0          0          0          0   entry7b.o
         0          0          0          0          0          0   entry8b.o
         8          4          0          0          0          0   entry9a.o
        30          0          0          0          0          0   handlers.o
        36          8          0          0          0         68   init.o
        36          0          0          0          0        108   memseta.o

    ----------------------------------------------------------------------
       214         16          0          0          0        176   Library Totals
         2          0          0          0          0          0   (incl. Padding)

    ----------------------------------------------------------------------

      Code (inc. data)   RO Data    RW Data    ZI Data      Debug   Library Name

       212         16          0          0          0        176   mc_w.l

    ----------------------------------------------------------------------
       214         16          0          0          0        176   Library Totals

    ----------------------------------------------------------------------

==============================================================================


      Code (inc. data)   RO Data    RW Data    ZI Data      Debug   

      8380        782      45020        332       1060    1120868   Grand Totals
      8380        782      45020        240       1060    1120868   ELF Image Totals (compressed)
      8380        782      45020        240          0          0   ROM Totals

==============================================================================

    Total RO  Size (Code + RO Data)                53400 (  52.15kB)
    Total RW  Size (RW Data + ZI Data)              1392 (   1.36kB)
    Total ROM Size (Code + RO Data + RW Data)      53640 (  52.38kB)

==============================================================================

