Component: ARM Compiler 5.06 update 7 (build 960) Tool: armlink [4d3601]

==============================================================================

Section Cross References

    startup_stm32f334x8.o(RESET) refers to startup_stm32f334x8.o(STACK) for __initial_sp
    startup_stm32f334x8.o(RESET) refers to startup_stm32f334x8.o(.text) for Reset_Handler
    startup_stm32f334x8.o(RESET) refers to stm32f3xx_it.o(i.NMI_Handler) for NMI_Handler
    startup_stm32f334x8.o(RESET) refers to stm32f3xx_it.o(i.HardFault_Handler) for HardFault_Handler
    startup_stm32f334x8.o(RESET) refers to stm32f3xx_it.o(i.MemManage_Handler) for MemManage_Handler
    startup_stm32f334x8.o(RESET) refers to stm32f3xx_it.o(i.BusFault_Handler) for BusFault_Handler
    startup_stm32f334x8.o(RESET) refers to stm32f3xx_it.o(i.UsageFault_Handler) for UsageFault_Handler
    startup_stm32f334x8.o(RESET) refers to stm32f3xx_it.o(i.SVC_Handler) for SVC_Handler
    startup_stm32f334x8.o(RESET) refers to stm32f3xx_it.o(i.DebugMon_Handler) for DebugMon_Handler
    startup_stm32f334x8.o(RESET) refers to stm32f3xx_it.o(i.PendSV_Handler) for PendSV_Handler
    startup_stm32f334x8.o(RESET) refers to stm32f3xx_it.o(i.SysTick_Handler) for SysTick_Handler
    startup_stm32f334x8.o(RESET) refers to stm32f3xx_it.o(i.PVD_IRQHandler) for PVD_IRQHandler
    startup_stm32f334x8.o(RESET) refers to stm32f3xx_it.o(i.RCC_IRQHandler) for RCC_IRQHandler
    startup_stm32f334x8.o(RESET) refers to stm32f3xx_it.o(i.DMA1_Channel4_IRQHandler) for DMA1_Channel4_IRQHandler
    startup_stm32f334x8.o(RESET) refers to stm32f3xx_it.o(i.DMA1_Channel5_IRQHandler) for DMA1_Channel5_IRQHandler
    startup_stm32f334x8.o(RESET) refers to stm32f3xx_it.o(i.TIM2_IRQHandler) for TIM2_IRQHandler
    startup_stm32f334x8.o(RESET) refers to stm32f3xx_it.o(i.TIM3_IRQHandler) for TIM3_IRQHandler
    startup_stm32f334x8.o(RESET) refers to stm32f3xx_it.o(i.TIM6_DAC1_IRQHandler) for TIM6_DAC1_IRQHandler
    startup_stm32f334x8.o(.text) refers to system_stm32f3xx.o(i.SystemInit) for SystemInit
    startup_stm32f334x8.o(.text) refers to entry.o(.ARM.Collect$$$$00000000) for __main
    main.o(i.SystemClock_Config) refers to stm32f3xx_ll_utils.o(i.LL_Init1msTick) for LL_Init1msTick
    main.o(i.SystemClock_Config) refers to stm32f3xx_ll_utils.o(i.LL_SetSystemCoreClock) for LL_SetSystemCoreClock
    main.o(i.main) refers to main.o(i.__NVIC_GetPriorityGrouping) for __NVIC_GetPriorityGrouping
    main.o(i.main) refers to main.o(i.NVIC_EncodePriority) for NVIC_EncodePriority
    main.o(i.main) refers to main.o(i.__NVIC_SetPriority) for __NVIC_SetPriority
    main.o(i.main) refers to main.o(i.__NVIC_EnableIRQ) for __NVIC_EnableIRQ
    main.o(i.main) refers to main.o(i.SystemClock_Config) for SystemClock_Config
    main.o(i.main) refers to gpio.o(i.MX_GPIO_Init) for MX_GPIO_Init
    main.o(i.main) refers to dma.o(i.MX_DMA_Init) for MX_DMA_Init
    main.o(i.main) refers to tim.o(i.MX_TIM2_Init) for MX_TIM2_Init
    main.o(i.main) refers to tim.o(i.MX_TIM3_Init) for MX_TIM3_Init
    main.o(i.main) refers to usart.o(i.MX_USART1_UART_Init) for MX_USART1_UART_Init
    main.o(i.main) refers to tim.o(i.MX_TIM6_Init) for MX_TIM6_Init
    main.o(i.main) refers to spi.o(i.MX_SPI1_Init) for MX_SPI1_Init
    main.o(i.main) refers to crc.o(i.MX_CRC_Init) for MX_CRC_Init
    main.o(i.main) refers to config.o(i.StartUpConfig) for StartUpConfig
    main.o(i.main) refers to periphery.o(i.ScanButton) for ScanButton
    main.o(i.main) refers to st7735.o(i.DisplayOut) for DisplayOut
    main.o(i.main) refers to config.o(.data) for weight
    main.o(i.main) refers to config.o(.data) for speed
    main.o(i.main) refers to config.o(.data) for battery
    gpio.o(i.MX_GPIO_Init) refers to memseta.o(.text) for __aeabi_memclr4
    gpio.o(i.MX_GPIO_Init) refers to gpio.o(i.LL_AHB1_GRP1_EnableClock) for LL_AHB1_GRP1_EnableClock
    gpio.o(i.MX_GPIO_Init) refers to stm32f3xx_ll_gpio.o(i.LL_GPIO_Init) for LL_GPIO_Init
    dma.o(i.MX_DMA_Init) refers to dma.o(i.NVIC_EncodePriority) for NVIC_EncodePriority
    dma.o(i.MX_DMA_Init) refers to dma.o(i.__NVIC_SetPriority) for __NVIC_SetPriority
    dma.o(i.MX_DMA_Init) refers to dma.o(i.__NVIC_EnableIRQ) for __NVIC_EnableIRQ
    spi.o(i.MX_SPI1_Init) refers to memseta.o(.text) for __aeabi_memclr4
    spi.o(i.MX_SPI1_Init) refers to stm32f3xx_ll_gpio.o(i.LL_GPIO_Init) for LL_GPIO_Init
    spi.o(i.MX_SPI1_Init) refers to stm32f3xx_ll_spi.o(i.LL_SPI_Init) for LL_SPI_Init
    tim.o(i.MX_TIM2_Init) refers to memseta.o(.text) for __aeabi_memclr4
    tim.o(i.MX_TIM2_Init) refers to tim.o(i.LL_APB1_GRP1_EnableClock) for LL_APB1_GRP1_EnableClock
    tim.o(i.MX_TIM2_Init) refers to tim.o(i.NVIC_EncodePriority) for NVIC_EncodePriority
    tim.o(i.MX_TIM2_Init) refers to tim.o(i.__NVIC_SetPriority) for __NVIC_SetPriority
    tim.o(i.MX_TIM2_Init) refers to tim.o(i.__NVIC_EnableIRQ) for __NVIC_EnableIRQ
    tim.o(i.MX_TIM2_Init) refers to stm32f3xx_ll_tim.o(i.LL_TIM_Init) for LL_TIM_Init
[...]
    st7735.o(i.lcd_st7735s_img8) refers to st7735.o(i.lcd_st7735s_at) for lcd_st7735s_at
    st7735.o(i.lcd_st7735s_img8) refers to st7735.o(i.lcd_st7735s_send_cmd) for lcd_st7735s_send_cmd
    st7735.o(i.lcd_st7735s_img8) refers to st7735.o(i.lcd_st7735s_putpix) for lcd_st7735s_putpix
    st7735.o(i.lcd_st7735s_img8) refers to st7735.o(.constdata) for .constdata
    st7735.o(i.lcd_st7735s_init) refers to st7735.o(i.delayNs) for delayNs
    st7735.o(i.lcd_st7735s_init) refers to stm32f3xx_ll_utils.o(i.LL_mDelay) for LL_mDelay
    st7735.o(i.lcd_st7735s_init) refers to st7735.o(i.lcd_st7735s_send_cmd) for lcd_st7735s_send_cmd
    st7735.o(i.lcd_st7735s_init) refers to st7735.o(i.lcd_st7735s_send_data) for lcd_st7735s_send_data
    st7735.o(i.lcd_st7735s_line) refers to st7735.o(i.abs) for abs
    st7735.o(i.lcd_st7735s_line) refers to st7735.o(i.lcd_st7735s_putpix) for lcd_st7735s_putpix
    st7735.o(i.lcd_st7735s_putpix) refers to st7735.o(i.lcd_st7735s_send_data) for lcd_st7735s_send_data
    st7735.o(i.lcd_st7735s_rect) refers to st7735.o(i.lcd_st7735s_fillrect) for lcd_st7735s_fillrect
    st7735.o(i.lcd_st7735s_send_cmd) refers to st7735.o(i.lcd_st7735s_send) for lcd_st7735s_send
    st7735.o(i.lcd_st7735s_send_data) refers to st7735.o(i.lcd_st7735s_send) for lcd_st7735s_send
    st7735.o(i.st7735_StartUp) refers to st7735.o(i.lcd_st7735s_init) for lcd_st7735s_init
    st7735.o(i.st7735_StartUp) refers to st7735.o(i.delaySetNs) for delaySetNs
    st7735.o(i.st7735_StartUp) refers to st7735.o(i.lcd_st7735s_fillrect) for lcd_st7735s_fillrect
    st7735.o(i.st7735_StartUp) refers to st7735.o(i.lcd_st7735s_img8) for lcd_st7735s_img8
    st7735.o(i.st7735_StartUp) refers to digits.o(.constdata) for bat_img
    st7735.o(i.st7735_StartUp) refers to digits.o(.data) for height_bat_img
    st7735.o(i.st7735_StartUp) refers to digits.o(.data) for width_bat_img
    st7735.o(i.st7735_StartUp) refers to digits.o(.constdata) for speed_img
    st7735.o(i.st7735_StartUp) refers to digits.o(.data) for height_speed_img
    st7735.o(i.st7735_StartUp) refers to digits.o(.data) for width_speed_img
    st7735.o(i.st7735_StartUp) refers to digits.o(.constdata) for weight_img
    st7735.o(i.st7735_StartUp) refers to digits.o(.data) for height_weight_img
    st7735.o(i.st7735_StartUp) refers to digits.o(.data) for width_weight_img
    st7735.o(.data) refers to digits.o(.data) for width_dig0
    st7735.o(.data) refers to digits.o(.data) for width_dig1
    st7735.o(.data) refers to digits.o(.data) for width_dig2
    st7735.o(.data) refers to digits.o(.data) for width_dig3
    st7735.o(.data) refers to digits.o(.data) for width_dig4
    st7735.o(.data) refers to digits.o(.data) for width_dig5
    st7735.o(.data) refers to digits.o(.data) for width_dig6
    st7735.o(.data) refers to digits.o(.data) for width_dig7
    st7735.o(.data) refers to digits.o(.data) for width_dig8
    st7735.o(.data) refers to digits.o(.data) for width_dig9
    st7735.o(.data) refers to digits.o(.data) for height_dig0
    st7735.o(.data) refers to digits.o(.data) for height_dig1
    st7735.o(.data) refers to digits.o(.data) for height_dig2
    st7735.o(.data) refers to digits.o(.data) for height_dig3
    st7735.o(.data) refers to digits.o(.data) for height_dig4
    st7735.o(.data) refers to digits.o(.data) for height_dig5
    st7735.o(.data) refers to digits.o(.data) for height_dig6
    st7735.o(.data) refers to digits.o(.data) for height_dig7
    st7735.o(.data) refers to digits.o(.data) for height_dig8
    st7735.o(.data) refers to digits.o(.data) for height_dig9
    st7735.o(.data) refers to digits.o(.constdata) for dig0
    st7735.o(.data) refers to digits.o(.constdata) for dig1
    st7735.o(.data) refers to digits.o(.constdata) for dig2
    st7735.o(.data) refers to digits.o(.constdata) for dig3
    st7735.o(.data) refers to digits.o(.constdata) for dig4
    st7735.o(.data) refers to digits.o(.constdata) for dig5
    st7735.o(.data) refers to digits.o(.constdata) for dig6
    st7735.o(.data) refers to digits.o(.constdata) for dig7
    st7735.o(.data) refers to digits.o(.constdata) for dig8
    st7735.o(.data) refers to digits.o(.constdata) for dig9
    rs485.o(i.ClearButtonGlobalFlagRX) refers to config.o(.data) for GLOBAL_FLAG_RX
    rs485.o(i.ClearButtonGlobalFlagTX) refers to config.o(.data) for GLOBAL_FLAG_TX
    rs485.o(i.CorrectRX) refers to rs485.o(.constdata) for .constdata
    rs485.o(i.CorrectRX) refers to config.o(.bss) for rx_str
    rs485.o(i.CorrectRX) refers to config.o(.data) for battery
    rs485.o(i.CorrectRX) refers to config.o(.data) for weight
    rs485.o(i.CorrectRX) refers to config.o(.data) for speed
    rs485.o(i.CorrectRX) refers to config.o(.data) for GLOBAL_FLAG_RX
    rs485.o(i.CorrectRX) refers to config.o(.data) for GLOBAL_CHARGE_FLAG
    rs485.o(i.CorrectTX) refers to config.o(.data) for GLOBAL_FLAG_TX
    rs485.o(i.CorrectTX) refers to config.o(.data) for tx_str
    rs485.o(i.CorrectTX) refers to periphery.o(.data) for Button_Status
    rs485.o(i.DMA1_Errors) refers to rs485.o(i.DMA1_RX_Stop) for DMA1_RX_Stop
    rs485.o(i.DMA1_Errors) refers to rs485.o(i.DMA1_TX_Stop) for DMA1_TX_Stop
    rs485.o(i.DMA1_Errors) refers to stm32f3xx_ll_utils.o(i.LL_mDelay) for LL_mDelay
    rs485.o(i.DMA1_RX_InitStart) refers to rs485.o(i.DMA1_TX_Stop) for DMA1_TX_Stop
    rs485.o(i.DMA1_RX_InitStart) refers to rs485.o(i.DMA_Init) for DMA_Init
    rs485.o(i.DMA1_RX_InitStart) refers to config.o(.bss) for rx_str
    rs485.o(i.DMA1_RX_Stop) refers to rs485.o(i.DMA_DeInit) for DMA_DeInit
    rs485.o(i.DMA1_RecieveComplete) refers to rs485.o(i.CorrectRX) for CorrectRX
    rs485.o(i.DMA1_TX_InitStart) refers to rs485.o(i.DMA1_RX_Stop) for DMA1_RX_Stop
    rs485.o(i.DMA1_TX_InitStart) refers to rs485.o(i.DMA_Init) for DMA_Init
    rs485.o(i.DMA1_TX_InitStart) refers to config.o(.data) for tx_str
    rs485.o(i.DMA1_TX_Stop) refers to rs485.o(i.DMA_DeInit) for DMA_DeInit
    rs485.o(i.DMA1_TransmitComplete) refers to rs485.o(i.DMA1_RX_InitStart) for DMA1_RX_InitStart
    rs485.o(i.DMA1_TransmitComplete) refers to rs485.o(i.CorrectTX) for CorrectTX
    rs485.o(i.DMA_IRQHandler_Callback) refers to rs485.o(i.DMA1_TransmitComplete) for DMA1_TransmitComplete
    rs485.o(i.DMA_IRQHandler_Callback) refers to rs485.o(i.CorrectRX) for CorrectRX
    rs485.o(i.DMA_IRQHandler_Callback) refers to rs485.o(i.DMA1_Errors) for DMA1_Errors
    rs485.o(i.rs485_StartUp) refers to rs485.o(i.DMA1_RX_Stop) for DMA1_RX_Stop
    rs485.o(i.rs485_StartUp) refers to rs485.o(i.DMA1_TX_Stop) for DMA1_TX_Stop
    rs485.o(i.rs485_StartUp) refers to rs485.o(i.DMA1_RX_ClearFlag) for DMA1_RX_ClearFlag
    rs485.o(i.rs485_StartUp) refers to rs485.o(i.DMA1_TX_ClearFlag) for DMA1_TX_ClearFlag
    config.o(i.Config_SysTick) refers to system_stm32f3xx.o(.data) for SystemCoreClock
    config.o(i.StartUpConfig) refers to power.o(i.DebugOnStandByMode) for DebugOnStandByMode
    config.o(i.StartUpConfig) refers to st7735.o(i.st7735_StartUp) for st7735_StartUp
    config.o(i.StartUpConfig) refers to rs485.o(i.rs485_StartUp) for rs485_StartUp
    crc_work.o(i.crc32_zlib) refers to config.o(.bss) for rx_str
    crc_work.o(i.crc_after_recive) refers to crc_work.o(i.crc32_zlib) for crc32_zlib
    crc_work.o(i.crc_after_recive) refers to config.o(.bss) for rx_str
    crc_work.o(i.crc_after_recive) refers to crc_work.o(.data) for .data
    crc_work.o(i.crc_before_transmit) refers to crc_work.o(i.crc32_zlib) for crc32_zlib
    crc_work.o(i.crc_before_transmit) refers to config.o(.data) for tx_str
    crc_work.o(i.crc_before_transmit) refers to crc_work.o(.data) for .data
    entry.o(.ARM.Collect$$$$00000000) refers (Special) to entry10a.o(.ARM.Collect$$$$0000000F) for __rt_final_cpp
    entry.o(.ARM.Collect$$$$00000000) refers (Special) to entry11a.o(.ARM.Collect$$$$00000011) for __rt_final_exit
    entry.o(.ARM.Collect$$$$00000000) refers (Special) to entry12b.o(.ARM.Collect$$$$0000000E) for __rt_lib_shutdown_fini
    entry.o(.ARM.Collect$$$$00000000) refers (Special) to entry7b.o(.ARM.Collect$$$$00000008) for _main_clock
    entry.o(.ARM.Collect$$$$00000000) refers (Special) to entry8b.o(.ARM.Collect$$$$0000000A) for _main_cpp_init
    entry.o(.ARM.Collect$$$$00000000) refers (Special) to entry9a.o(.ARM.Collect$$$$0000000B) for _main_init
    entry.o(.ARM.Collect$$$$00000000) refers (Special) to entry5.o(.ARM.Collect$$$$00000004) for _main_scatterload
    entry.o(.ARM.Collect$$$$00000000) refers (Special) to entry2.o(.ARM.Collect$$$$00000001) for _main_stk
    entry2.o(.ARM.Collect$$$$00000001) refers to entry2.o(.ARM.Collect$$$$00002712) for __lit__00000000
    entry2.o(.ARM.Collect$$$$00002712) refers to startup_stm32f334x8.o(STACK) for __initial_sp
    entry2.o(__vectab_stack_and_reset_area) refers to startup_stm32f334x8.o(STACK) for __initial_sp
    entry2.o(__vectab_stack_and_reset_area) refers to entry.o(.ARM.Collect$$$$00000000) for __main
    entry5.o(.ARM.Collect$$$$00000004) refers to init.o(.text) for __scatterload
    entry9a.o(.ARM.Collect$$$$0000000B) refers to main.o(i.main) for main
    entry9b.o(.ARM.Collect$$$$0000000C) refers to main.o(i.main) for main
    init.o(.text) refers to entry5.o(.ARM.Collect$$$$00000004) for __main_after_scatterload
    st7735.o(i.delayNs) refers to st7735.o(.data) for .data


==============================================================================

Removing Unused input sections from the image.

    Removing startup_stm32f334x8.o(HEAP), (512 bytes).
    Removing main.o(.rev16_text), (4 bytes).
    Removing main.o(.revsh_text), (4 bytes).
    Removing main.o(.rrx_text), (6 bytes).
    Removing main.o(i.Error_Handler), (2 bytes).
    Removing gpio.o(.rev16_text), (4 bytes).
    Removing gpio.o(.revsh_text), (4 bytes).
    Removing gpio.o(.rrx_text), (6 bytes).
    Removing crc.o(.rev16_text), (4 bytes).
    Removing crc.o(.revsh_text), (4 bytes).
    Removing crc.o(.rrx_text), (6 bytes).
    Removing dma.o(.rev16_text), (4 bytes).
    Removing dma.o(.revsh_text), (4 bytes).
    Removing dma.o(.rrx_text), (6 bytes).
    Removing spi.o(.rev16_text), (4 bytes).
    Removing spi.o(.revsh_text), (4 bytes).
    Removing spi.o(.rrx_text), (6 bytes).
    Removing tim.o(.rev16_text), (4 bytes).
    Removing tim.o(.revsh_text), (4 bytes).
    Removing tim.o(.rrx_text), (6 bytes).
    Removing usart.o(.rev16_text), (4 bytes).
    Removing usart.o(.revsh_text), (4 bytes).
    Removing usart.o(.rrx_text), (6 bytes).
    Removing stm32f3xx_it.o(.rev16_text), (4 bytes).
    Removing stm32f3xx_it.o(.revsh_text), (4 bytes).
    Removing stm32f3xx_it.o(.rrx_text), (6 bytes).
    Removing stm32f3xx_it.o(.data), (1 bytes).
    Removing stm32f3xx_ll_utils.o(.rev16_text), (4 bytes).
    Removing stm32f3xx_ll_utils.o(.revsh_text), (4 bytes).
    Removing stm32f3xx_ll_utils.o(.rrx_text), (6 bytes).
    Removing stm32f3xx_ll_utils.o(i.LL_PLL_ConfigSystemClock_HSE), (108 bytes).
    Removing stm32f3xx_ll_utils.o(i.LL_PLL_ConfigSystemClock_HSI), (88 bytes).
    Removing stm32f3xx_ll_utils.o(i.LL_RCC_PLL_ConfigDomain_SYS), (36 bytes).
    Removing stm32f3xx_ll_utils.o(i.LL_SetFlashLatency), (80 bytes).
    Removing stm32f3xx_ll_utils.o(i.UTILS_EnablePLLAndSwitchSystem), (184 bytes).
    Removing stm32f3xx_ll_utils.o(i.UTILS_GetPLLOutputFrequency), (34 bytes).
    Removing stm32f3xx_ll_utils.o(i.UTILS_PLL_IsBusy), (24 bytes).
    Removing stm32f3xx_ll_exti.o(.rev16_text), (4 bytes).
    Removing stm32f3xx_ll_exti.o(.revsh_text), (4 bytes).
    Removing stm32f3xx_ll_exti.o(.rrx_text), (6 bytes).
    Removing stm32f3xx_ll_exti.o(i.LL_EXTI_Init), (316 bytes).
    Removing stm32f3xx_ll_exti.o(i.LL_EXTI_StructInit), (16 bytes).
    Removing stm32f3xx_ll_gpio.o(.rev16_text), (4 bytes).
    Removing stm32f3xx_ll_gpio.o(.revsh_text), (4 bytes).
    Removing stm32f3xx_ll_gpio.o(.rrx_text), (6 bytes).
    Removing stm32f3xx_ll_gpio.o(i.LL_AHB1_GRP1_ForceReset), (16 bytes).
    Removing stm32f3xx_ll_gpio.o(i.LL_AHB1_GRP1_ReleaseReset), (16 bytes).
    Removing stm32f3xx_ll_gpio.o(i.LL_GPIO_DeInit), (96 bytes).
    Removing stm32f3xx_ll_gpio.o(i.LL_GPIO_StructInit), (22 bytes).
    Removing stm32f3xx_ll_crc.o(.rev16_text), (4 bytes).
    Removing stm32f3xx_ll_crc.o(.revsh_text), (4 bytes).
    Removing stm32f3xx_ll_crc.o(.rrx_text), (6 bytes).
    Removing stm32f3xx_ll_crc.o(i.LL_CRC_DeInit), (68 bytes).
    Removing stm32f3xx_ll_rcc.o(.rev16_text), (4 bytes).
    Removing stm32f3xx_ll_rcc.o(.revsh_text), (4 bytes).
    Removing stm32f3xx_ll_rcc.o(.rrx_text), (6 bytes).
    Removing stm32f3xx_ll_rcc.o(i.LL_RCC_DeInit), (124 bytes).
    Removing stm32f3xx_ll_rcc.o(i.LL_RCC_GetADCClockFreq), (76 bytes).
    Removing stm32f3xx_ll_rcc.o(i.LL_RCC_GetHRTIMClockFreq), (40 bytes).
    Removing stm32f3xx_ll_rcc.o(i.LL_RCC_GetI2CClockFreq), (56 bytes).
    Removing stm32f3xx_ll_rcc.o(i.LL_RCC_GetTIMClockFreq), (52 bytes).
    Removing stm32f3xx_ll_rcc.o(.constdata), (32 bytes).
    Removing stm32f3xx_ll_dma.o(.rev16_text), (4 bytes).
    Removing stm32f3xx_ll_dma.o(.revsh_text), (4 bytes).
    Removing stm32f3xx_ll_dma.o(.rrx_text), (6 bytes).
    Removing stm32f3xx_ll_dma.o(i.LL_DMA_DeInit), (164 bytes).
    Removing stm32f3xx_ll_dma.o(i.LL_DMA_Init), (92 bytes).
    Removing stm32f3xx_ll_dma.o(i.LL_DMA_StructInit), (24 bytes).
    Removing stm32f3xx_ll_dma.o(.constdata), (7 bytes).
    Removing stm32f3xx_ll_spi.o(.rev16_text), (4 bytes).
    Removing stm32f3xx_ll_spi.o(.revsh_text), (4 bytes).
    Removing stm32f3xx_ll_spi.o(.rrx_text), (6 bytes).
    Removing stm32f3xx_ll_spi.o(i.LL_SPI_DeInit), (40 bytes).
    Removing stm32f3xx_ll_spi.o(i.LL_SPI_StructInit), (30 bytes).
    Removing stm32f3xx_ll_tim.o(.rev16_text), (4 bytes).
    Removing stm32f3xx_ll_tim.o(.revsh_text), (4 bytes).
    Removing stm32f3xx_ll_tim.o(.rrx_text), (6 bytes).
    Removing stm32f3xx_ll_tim.o(i.LL_APB1_GRP1_ForceReset), (16 bytes).
    Removing stm32f3xx_ll_tim.o(i.LL_APB1_GRP1_ReleaseReset), (16 bytes).
    Removing stm32f3xx_ll_tim.o(i.LL_APB2_GRP1_ForceReset), (16 bytes).
    Removing stm32f3xx_ll_tim.o(i.LL_APB2_GRP1_ReleaseReset), (16 bytes).
    Removing stm32f3xx_ll_tim.o(i.LL_TIM_BDTR_Init), (100 bytes).
    Removing stm32f3xx_ll_tim.o(i.LL_TIM_BDTR_StructInit), (26 bytes).
    Removing stm32f3xx_ll_tim.o(i.LL_TIM_DeInit), (164 bytes).
    Removing stm32f3xx_ll_tim.o(i.LL_TIM_ENCODER_Init), (100 bytes).
    Removing stm32f3xx_ll_tim.o(i.LL_TIM_ENCODER_StructInit), (28 bytes).
    Removing stm32f3xx_ll_tim.o(i.LL_TIM_HALLSENSOR_Init), (96 bytes).
    Removing stm32f3xx_ll_tim.o(i.LL_TIM_HALLSENSOR_StructInit), (12 bytes).
    Removing stm32f3xx_ll_tim.o(i.LL_TIM_IC_Init), (224 bytes).
    Removing stm32f3xx_ll_tim.o(i.LL_TIM_IC_StructInit), (16 bytes).
    Removing stm32f3xx_ll_tim.o(i.LL_TIM_OC_Init), (756 bytes).
    Removing stm32f3xx_ll_tim.o(i.LL_TIM_OC_StructInit), (20 bytes).
    Removing stm32f3xx_ll_tim.o(i.LL_TIM_StructInit), (16 bytes).
    Removing stm32f3xx_ll_usart.o(.rev16_text), (4 bytes).
    Removing stm32f3xx_ll_usart.o(.revsh_text), (4 bytes).
    Removing stm32f3xx_ll_usart.o(.rrx_text), (6 bytes).
    Removing stm32f3xx_ll_usart.o(i.LL_USART_ClockInit), (56 bytes).
    Removing stm32f3xx_ll_usart.o(i.LL_USART_ClockStructInit), (12 bytes).
    Removing stm32f3xx_ll_usart.o(i.LL_USART_DeInit), (96 bytes).
    Removing stm32f3xx_ll_usart.o(i.LL_USART_StructInit), (24 bytes).
    Removing system_stm32f3xx.o(.rev16_text), (4 bytes).
    Removing system_stm32f3xx.o(.revsh_text), (4 bytes).
    Removing system_stm32f3xx.o(.rrx_text), (6 bytes).
    Removing system_stm32f3xx.o(i.SystemCoreClockUpdate), (112 bytes).
    Removing digits.o(.rev16_text), (4 bytes).
    Removing digits.o(.revsh_text), (4 bytes).
    Removing digits.o(.rrx_text), (6 bytes).
    Removing periphery.o(.rev16_text), (4 bytes).
    Removing periphery.o(.revsh_text), (4 bytes).
    Removing periphery.o(.rrx_text), (6 bytes).
    Removing periphery.o(i.Vibro_touch), (24 bytes).
    Removing power.o(.rev16_text), (4 bytes).
    Removing power.o(.revsh_text), (4 bytes).
    Removing power.o(.rrx_text), (6 bytes).
    Removing power.o(i.__NVIC_DisableIRQ), (34 bytes).
    Removing power.o(i.__NVIC_EnableIRQ), (26 bytes).
    Removing power.o(i.__NVIC_SetPriority), (32 bytes).
    Removing power.o(i.irq_disable), (18 bytes).
    Removing power.o(i.irq_enable), (34 bytes).
    Removing seg_display.o(.rev16_text), (4 bytes).
    Removing seg_display.o(.revsh_text), (4 bytes).
    Removing seg_display.o(.rrx_text), (6 bytes).
    Removing seg_display.o(i.SegmentON), (196 bytes).
    Removing st7735.o(.rev16_text), (4 bytes).
    Removing st7735.o(.revsh_text), (4 bytes).
    Removing st7735.o(.rrx_text), (6 bytes).
    Removing st7735.o(i.abs), (10 bytes).
    Removing st7735.o(i.lcd_format_int), (288 bytes).
    Removing st7735.o(i.lcd_st7735s_RES_0), (12 bytes).
    Removing st7735.o(i.lcd_st7735s_img), (66 bytes).
    Removing st7735.o(i.lcd_st7735s_line), (140 bytes).
    Removing st7735.o(i.lcd_st7735s_rect), (68 bytes).
    Removing rs485.o(.rev16_text), (4 bytes).
    Removing rs485.o(.revsh_text), (4 bytes).
    Removing rs485.o(.rrx_text), (6 bytes).
    Removing rs485.o(i.ClearButtonGlobalFlagRX), (20 bytes).
    Removing rs485.o(i.ClearButtonGlobalFlagTX), (20 bytes).
    Removing rs485.o(i.DMA1_RecieveComplete), (4 bytes).
    Removing rs485.o(i.DMA_Disable), (12 bytes).
    Removing rs485.o(i.DMA_Enable), (10 bytes).
    Removing rs485.o(i.DMA_GetCurrentDataCounter), (4 bytes).
    Removing config.o(.rev16_text), (4 bytes).
    Removing config.o(.revsh_text), (4 bytes).
    Removing config.o(.rrx_text), (6 bytes).
    Removing config.o(i.Config_SysTick), (44 bytes).
    Removing config.o(.data), (1 bytes).
    Removing config.o(.data), (1 bytes).
    Removing crc_work.o(.rev16_text), (4 bytes).
    Removing crc_work.o(.revsh_text), (4 bytes).
    Removing crc_work.o(.rrx_text), (6 bytes).
    Removing crc_work.o(i.crc32_zlib), (44 bytes).
    Removing crc_work.o(i.crc_after_recive), (68 bytes).
    Removing crc_work.o(i.crc_before_transmit), (40 bytes).
    Removing crc_work.o(.data), (8 bytes).

154 unused section(s) (total 5866 bytes) removed from the image.

==============================================================================

Image Symbol Table

    Local Symbols

    Symbol Name                              Value     Ov Type        Size  Object(Section)

    ../Core/Src/crc.c                        0x00000000   Number         0  crc.o ABSOLUTE
    ../Core/Src/dma.c                        0x00000000   Number         0  dma.o ABSOLUTE
    ../Core/Src/gpio.c                       0x00000000   Number         0  gpio.o ABSOLUTE
    ../Core/Src/main.c                       0x00000000   Number         0  main.o ABSOLUTE
    ../Core/Src/spi.c                        0x00000000   Number         0  spi.o ABSOLUTE
    ../Core/Src/stm32f3xx_it.c               0x00000000   Number         0  stm32f3xx_it.o ABSOLUTE
    ../Core/Src/system_stm32f3xx.c           0x00000000   Number         0  system_stm32f3xx.o ABSOLUTE
    ../Core/Src/tim.c                        0x00000000   Number         0  tim.o ABSOLUTE
    ../Core/Src/usart.c                      0x00000000   Number         0  usart.o ABSOLUTE
    ../Drivers/STM32F3xx_HAL_Driver/Src/stm32f3xx_ll_crc.c 0x00000000   Number         0  stm32f3xx_ll_crc.o ABSOLUTE
    ../Drivers/STM32F3xx_HAL_Driver/Src/stm32f3xx_ll_dma.c 0x00000000   Number         0  stm32f3xx_ll_dma.o ABSOLUTE
    ../Drivers/STM32F3xx_HAL_Driver/Src/stm32f3xx_ll_exti.c 0x00000000   Number         0  stm32f3xx_ll_exti.o ABSOLUTE
    ../Drivers/STM32F3xx_HAL_Driver/Src/stm32f3xx_ll_gpio.c 0x00000000   Number         0  stm32f3xx_ll_gpio.o ABSOLUTE
    ../Drivers/STM32F3xx_HAL_Driver/Src/stm32f3xx_ll_rcc.c 0x00000000   Number         0  stm32f3xx_ll_rcc.o ABSOLUTE
    ../Drivers/STM32F3xx_HAL_Driver/Src/stm32f3xx_ll_spi.c 0x00000000   Number         0  stm32f3xx_ll_spi.o ABSOLUTE
    ../Drivers/STM32F3xx_HAL_Driver/Src/stm32f3xx_ll_tim.c 0x00000000   Number         0  stm32f3xx_ll_tim.o ABSOLUTE
    ../Drivers/STM32F3xx_HAL_Driver/Src/stm32f3xx_ll_usart.c 0x00000000   Number         0  stm32f3xx_ll_usart.o ABSOLUTE
    ../Drivers/STM32F3xx_HAL_Driver/Src/stm32f3xx_ll_utils.c 0x00000000   Number         0  stm32f3xx_ll_utils.o ABSOLUTE
    ../clib/microlib/init/entry.s            0x00000000   Number         0  entry7a.o ABSOLUTE
    ../clib/microlib/init/entry.s            0x00000000   Number         0  entry11a.o ABSOLUTE
    ../clib/microlib/init/entry.s            0x00000000   Number         0  entry5.o ABSOLUTE
    ../clib/microlib/init/entry.s            0x00000000   Number         0  entry2.o ABSOLUTE
    ../clib/microlib/init/entry.s            0x00000000   Number         0  entry10b.o ABSOLUTE
    ../clib/microlib/init/entry.s            0x00000000   Number         0  entry10a.o ABSOLUTE
    ../clib/microlib/init/entry.s            0x00000000   Number         0  entry9b.o ABSOLUTE
    ../clib/microlib/init/entry.s            0x00000000   Number         0  entry9a.o ABSOLUTE
    ../clib/microlib/init/entry.s            0x00000000   Number         0  entry8b.o ABSOLUTE
    ../clib/microlib/init/entry.s            0x00000000   Number         0  entry8a.o ABSOLUTE
    ../clib/microlib/init/entry.s            0x00000000   Number         0  entry12b.o ABSOLUTE
    ../clib/microlib/init/entry.s            0x00000000   Number         0  entry12a.o ABSOLUTE
    ../clib/microlib/init/entry.s            0x00000000   Number         0  entry.o ABSOLUTE
    ../clib/microlib/init/entry.s            0x00000000   Number         0  entry7b.o ABSOLUTE
    ../clib/microlib/init/entry.s            0x00000000   Number         0  entry11b.o ABSOLUTE
    ../clib/microlib/string/memset.c         0x00000000   Number         0  memseta.o ABSOLUTE
    ..\Core\Src\crc.c                        0x00000000   Number         0  crc.o ABSOLUTE
    ..\Core\Src\dma.c                        0x00000000   Number         0  dma.o ABSOLUTE
    ..\Core\Src\gpio.c                       0x00000000   Number         0  gpio.o ABSOLUTE
    ..\Core\Src\main.c                       0x00000000   Number         0  main.o ABSOLUTE
    ..\Core\Src\spi.c                        0x00000000   Number         0  spi.o ABSOLUTE
    ..\Core\Src\stm32f3xx_it.c               0x00000000   Number         0  stm32f3xx_it.o ABSOLUTE
    ..\Core\Src\system_stm32f3xx.c           0x00000000   Number         0  system_stm32f3xx.o ABSOLUTE
    ..\Core\Src\tim.c                        0x00000000   Number         0  tim.o ABSOLUTE
    ..\Core\Src\usart.c                      0x00000000   Number         0  usart.o ABSOLUTE
    ..\Drivers\STM32F3xx_HAL_Driver\Src\stm32f3xx_ll_crc.c 0x00000000   Number         0  stm32f3xx_ll_crc.o ABSOLUTE
    ..\Drivers\STM32F3xx_HAL_Driver\Src\stm32f3xx_ll_dma.c 0x00000000   Number         0  stm32f3xx_ll_dma.o ABSOLUTE
    ..\Drivers\STM32F3xx_HAL_Driver\Src\stm32f3xx_ll_exti.c 0x00000000   Number         0  stm32f3xx_ll_exti.o ABSOLUTE
    ..\Drivers\STM32F3xx_HAL_Driver\Src\stm32f3xx_ll_gpio.c 0x00000000   Number         0  stm32f3xx_ll_gpio.o ABSOLUTE
    ..\Drivers\STM32F3xx_HAL_Driver\Src\stm32f3xx_ll_rcc.c 0x00000000   Number         0  stm32f3xx_ll_rcc.o ABSOLUTE
    ..\Drivers\STM32F3xx_HAL_Driver\Src\stm32f3xx_ll_spi.c 0x00000000   Number         0  stm32f3xx_ll_spi.o ABSOLUTE
    ..\Drivers\STM32F3xx_HAL_Driver\Src\stm32f3xx_ll_tim.c 0x00000000   Number         0  stm32f3xx_ll_tim.o ABSOLUTE
    ..\Drivers\STM32F3xx_HAL_Driver\Src\stm32f3xx_ll_usart.c 0x00000000   Number         0  stm32f3xx_ll_usart.o ABSOLUTE
    ..\Drivers\STM32F3xx_HAL_Driver\Src\stm32f3xx_ll_utils.c 0x00000000   Number         0  stm32f3xx_ll_utils.o ABSOLUTE
    ..\User\Src\config.c                     0x00000000   Number         0  config.o ABSOLUTE
    ..\User\Src\crc_work.c                   0x00000000   Number         0  crc_work.o ABSOLUTE
    ..\User\Src\digits.c                     0x00000000   Number         0  digits.o ABSOLUTE
    ..\User\Src\periphery.c                  0x00000000   Number         0  periphery.o ABSOLUTE
    ..\User\Src\power.c                      0x00000000   Number         0  power.o ABSOLUTE
    ..\User\Src\rs485.c                      0x00000000   Number         0  rs485.o ABSOLUTE
    ..\User\Src\seg_display.c                0x00000000   Number         0  seg_display.o ABSOLUTE
    ..\User\Src\st7735.c                     0x00000000   Number         0  st7735.o ABSOLUTE
    ..\\User\\Src\\config.c                  0x00000000   Number         0  config.o ABSOLUTE
    ..\\User\\Src\\crc_work.c                0x00000000   Number         0  crc_work.o ABSOLUTE
    ..\\User\\Src\\digits.c                  0x00000000   Number         0  digits.o ABSOLUTE
    ..\\User\\Src\\periphery.c               0x00000000   Number         0  periphery.o ABSOLUTE
    ..\\User\\Src\\power.c                   0x00000000   Number         0  power.o ABSOLUTE
    ..\\User\\Src\\rs485.c                   0x00000000   Number         0  rs485.o ABSOLUTE
    ..\\User\\Src\\seg_display.c             0x00000000   Number         0  seg_display.o ABSOLUTE
    ..\\User\\Src\\st7735.c                  0x00000000   Number         0  st7735.o ABSOLUTE
    dc.s                                     0x00000000   Number         0  dc.o ABSOLUTE
    handlers.s                               0x00000000   Number         0  handlers.o ABSOLUTE
    init.s                                   0x00000000   Number         0  init.o ABSOLUTE
    startup_stm32f334x8.s                    0x00000000   Number         0  startup_stm32f334x8.o ABSOLUTE
    RESET                                    0x08000000   Section      392  startup_stm32f334x8.o(RESET)
    .ARM.Collect$$$$00000000                 0x08000188   Section        0  entry.o(.ARM.Collect$$$$00000000)
    .ARM.Collect$$$$00000001                 0x08000188   Section        4  entry2.o(.ARM.Collect$$$$00000001)
    .ARM.Collect$$$$00000004                 0x0800018c   Section        4  entry5.o(.ARM.Collect$$$$00000004)
    .ARM.Collect$$$$00000008                 0x08000190   Section        0  entry7b.o(.ARM.Collect$$$$00000008)
    .ARM.Collect$$$$0000000A                 0x08000190   Section        0  entry8b.o(.ARM.Collect$$$$0000000A)
    .ARM.Collect$$$$0000000B                 0x08000190   Section        8  entry9a.o(.ARM.Collect$$$$0000000B)
    .ARM.Collect$$$$0000000E                 0x08000198   Section        4  entry12b.o(.ARM.Collect$$$$0000000E)
    .ARM.Collect$$$$0000000F                 0x0800019c   Section        0  entry10a.o(.ARM.Collect$$$$0000000F)
    .ARM.Collect$$$$00000011                 0x0800019c   Section        0  entry11a.o(.ARM.Collect$$$$00000011)
    .ARM.Collect$$$$00002712                 0x0800019c   Section        4  entry2.o(.ARM.Collect$$$$00002712)
    __lit__00000000                          0x0800019c   Data           4  entry2.o(.ARM.Collect$$$$00002712)
    .text                                    0x080001a0   Section       36  startup_stm32f334x8.o(.text)
    $v0                                      0x080001a0   Number         0  startup_stm32f334x8.o(.text)
    .text                                    0x080001c4   Section        0  memseta.o(.text)
    .text                                    0x080001e8   Section       36  init.o(.text)
    i.BusFault_Handler                       0x0800020c   Section        0  stm32f3xx_it.o(i.BusFault_Handler)
    i.Convert2Array                          0x08000210   Section        0  st7735.o(i.Convert2Array)
    i.CorrectRX                              0x0800024c   Section        0  rs485.o(i.CorrectRX)
    i.CorrectTX                              0x080002cc   Section        0  rs485.o(i.CorrectTX)
    i.DMA1_Channel4_IRQHandler               0x080002fc   Section        0  stm32f3xx_it.o(i.DMA1_Channel4_IRQHandler)
    i.DMA1_Channel5_IRQHandler               0x08000308   Section        0  stm32f3xx_it.o(i.DMA1_Channel5_IRQHandler)
    i.DMA1_Errors                            0x08000314   Section        0  rs485.o(i.DMA1_Errors)
    i.DMA1_RX_ClearFlag                      0x0800032c   Section        0  rs485.o(i.DMA1_RX_ClearFlag)
    i.DMA1_RX_InitStart                      0x08000348   Section        0  rs485.o(i.DMA1_RX_InitStart)
    i.DMA1_RX_Stop                           0x080003a8   Section        0  rs485.o(i.DMA1_RX_Stop)
    i.DMA1_TX_ClearFlag                      0x080003bc   Section        0  rs485.o(i.DMA1_TX_ClearFlag)
    i.DMA1_TX_InitStart                      0x080003d8   Section        0  rs485.o(i.DMA1_TX_InitStart)
    i.DMA1_TX_Stop                           0x08000430   Section        0  rs485.o(i.DMA1_TX_Stop)
    i.DMA1_TransmitComplete                  0x08000444   Section        0  rs485.o(i.DMA1_TransmitComplete)
    i.DMA_DeInit                             0x08000454   Section        0  rs485.o(i.DMA_DeInit)
    i.DMA_IRQHandler_Callback                0x080004e0   Section        0  rs485.o(i.DMA_IRQHandler_Callback)
    i.DMA_Init                               0x0800051c   Section        0  rs485.o(i.DMA_Init)
    i.DebugMon_Handler                       0x08000534   Section        0  stm32f3xx_it.o(i.DebugMon_Handler)
    i.DebugOnStandByMode                     0x08000538   Section        0  power.o(i.DebugOnStandByMode)
    i.DisplayOut                             0x08000558   Section        0  st7735.o(i.DisplayOut)
    i.GoToStandbyMode                        0x0800085c   Section        0  power.o(i.GoToStandbyMode)
    i.HardFault_Handler                      0x080008bc   Section        0  stm32f3xx_it.o(i.HardFault_Handler)
    i.LL_AHB1_GRP1_EnableClock               0x08000914   Section        0  gpio.o(i.LL_AHB1_GRP1_EnableClock)
    LL_AHB1_GRP1_EnableClock                 0x08000915   Thumb Code    18  gpio.o(i.LL_AHB1_GRP1_EnableClock)
    i.LL_APB1_GRP1_EnableClock               0x0800092c   Section        0  tim.o(i.LL_APB1_GRP1_EnableClock)
    LL_APB1_GRP1_EnableClock                 0x0800092d   Thumb Code    18  tim.o(i.LL_APB1_GRP1_EnableClock)
    i.LL_DMA_SetChannelPriorityLevel         0x08000944   Section        0  usart.o(i.LL_DMA_SetChannelPriorityLevel)
    LL_DMA_SetChannelPriorityLevel           0x08000945   Thumb Code    20  usart.o(i.LL_DMA_SetChannelPriorityLevel)
    i.LL_DMA_SetDataTransferDirection        0x0800095c   Section        0  usart.o(i.LL_DMA_SetDataTransferDirection)
    LL_DMA_SetDataTransferDirection          0x0800095d   Thumb Code    24  usart.o(i.LL_DMA_SetDataTransferDirection)
    i.LL_DMA_SetMemoryIncMode                0x08000978   Section        0  usart.o(i.LL_DMA_SetMemoryIncMode)
    LL_DMA_SetMemoryIncMode                  0x08000979   Thumb Code    20  usart.o(i.LL_DMA_SetMemoryIncMode)
    i.LL_DMA_SetMemorySize                   0x08000990   Section        0  usart.o(i.LL_DMA_SetMemorySize)
    LL_DMA_SetMemorySize                     0x08000991   Thumb Code    20  usart.o(i.LL_DMA_SetMemorySize)
    i.LL_DMA_SetMode                         0x080009a8   Section        0  usart.o(i.LL_DMA_SetMode)
    LL_DMA_SetMode                           0x080009a9   Thumb Code    20  usart.o(i.LL_DMA_SetMode)
    i.LL_DMA_SetPeriphIncMode                0x080009c0   Section        0  usart.o(i.LL_DMA_SetPeriphIncMode)
    LL_DMA_SetPeriphIncMode                  0x080009c1   Thumb Code    20  usart.o(i.LL_DMA_SetPeriphIncMode)
    i.LL_DMA_SetPeriphSize                   0x080009d8   Section        0  usart.o(i.LL_DMA_SetPeriphSize)
    LL_DMA_SetPeriphSize                     0x080009d9   Thumb Code    20  usart.o(i.LL_DMA_SetPeriphSize)
    i.LL_EXTI_DeInit                         0x080009f0   Section        0  stm32f3xx_ll_exti.o(i.LL_EXTI_DeInit)
    i.LL_GPIO_Init                           0x08000a3c   Section        0  stm32f3xx_ll_gpio.o(i.LL_GPIO_Init)
    i.LL_GPIO_IsInputPinSet                  0x08000b7a   Section        0  periphery.o(i.LL_GPIO_IsInputPinSet)
    LL_GPIO_IsInputPinSet                    0x08000b7b   Thumb Code    14  periphery.o(i.LL_GPIO_IsInputPinSet)
    i.LL_Init1msTick                         0x08000b88   Section        0  stm32f3xx_ll_utils.o(i.LL_Init1msTick)
    i.LL_RCC_GetSystemClocksFreq             0x08000ba2   Section        0  stm32f3xx_ll_rcc.o(i.LL_RCC_GetSystemClocksFreq)
    i.LL_RCC_GetUSARTClockFreq               0x08000bc4   Section        0  stm32f3xx_ll_rcc.o(i.LL_RCC_GetUSARTClockFreq)
    i.LL_SPI_Init                            0x08000c20   Section        0  stm32f3xx_ll_spi.o(i.LL_SPI_Init)
    i.LL_SetSystemCoreClock                  0x08000c90   Section        0  stm32f3xx_ll_utils.o(i.LL_SetSystemCoreClock)
    i.LL_TIM_Init                            0x08000c9c   Section        0  stm32f3xx_ll_tim.o(i.LL_TIM_Init)
    i.LL_USART_Init                          0x08000d20   Section        0  stm32f3xx_ll_usart.o(i.LL_USART_Init)
    i.LL_mDelay                              0x08000dd4   Section        0  stm32f3xx_ll_utils.o(i.LL_mDelay)
    i.MX_CRC_Init                            0x08000df4   Section        0  crc.o(i.MX_CRC_Init)
    i.MX_DMA_Init                            0x08000e3c   Section        0  dma.o(i.MX_DMA_Init)
    i.MX_GPIO_Init                           0x08000e98   Section        0  gpio.o(i.MX_GPIO_Init)
    i.MX_SPI1_Init                           0x08000f50   Section        0  spi.o(i.MX_SPI1_Init)
    i.MX_TIM2_Init                           0x08000ff4   Section        0  tim.o(i.MX_TIM2_Init)
    i.MX_TIM3_Init                           0x08001070   Section        0  tim.o(i.MX_TIM3_Init)
    i.MX_TIM6_Init                           0x080010f0   Section        0  tim.o(i.MX_TIM6_Init)
    i.MX_USART1_UART_Init                    0x08001160   Section        0  usart.o(i.MX_USART1_UART_Init)
    i.MemManage_Handler                      0x080012a4   Section        0  stm32f3xx_it.o(i.MemManage_Handler)
    i.NMI_Handler                            0x080012a6   Section        0  stm32f3xx_it.o(i.NMI_Handler)
    i.NVIC_EncodePriority                    0x080012a8   Section        0  main.o(i.NVIC_EncodePriority)
    NVIC_EncodePriority                      0x080012a9   Thumb Code    50  main.o(i.NVIC_EncodePriority)
    i.NVIC_EncodePriority                    0x080012da   Section        0  dma.o(i.NVIC_EncodePriority)
    NVIC_EncodePriority                      0x080012db   Thumb Code    50  dma.o(i.NVIC_EncodePriority)
    i.NVIC_EncodePriority                    0x0800130c   Section        0  tim.o(i.NVIC_EncodePriority)
    NVIC_EncodePriority                      0x0800130d   Thumb Code    50  tim.o(i.NVIC_EncodePriority)
    i.PVD_IRQHandler                         0x0800133e   Section        0  stm32f3xx_it.o(i.PVD_IRQHandler)
    i.PendSV_Handler                         0x08001340   Section        0  stm32f3xx_it.o(i.PendSV_Handler)
    i.RCC_GetHCLKClockFreq                   0x08001344   Section        0  stm32f3xx_ll_rcc.o(i.RCC_GetHCLKClockFreq)
    i.RCC_GetPCLK1ClockFreq                  0x08001360   Section        0  stm32f3xx_ll_rcc.o(i.RCC_GetPCLK1ClockFreq)
    i.RCC_GetPCLK2ClockFreq                  0x0800137c   Section        0  stm32f3xx_ll_rcc.o(i.RCC_GetPCLK2ClockFreq)
    i.RCC_GetSystemClockFreq                 0x08001398   Section        0  stm32f3xx_ll_rcc.o(i.RCC_GetSystemClockFreq)
    i.RCC_IRQHandler                         0x080013bc   Section        0  stm32f3xx_it.o(i.RCC_IRQHandler)
    i.RCC_PLL_GetFreqDomain_SYS              0x080013c0   Section        0  stm32f3xx_ll_rcc.o(i.RCC_PLL_GetFreqDomain_SYS)
    i.SVC_Handler                            0x08001404   Section        0  stm32f3xx_it.o(i.SVC_Handler)
    i.ScanButton                             0x08001408   Section        0  periphery.o(i.ScanButton)
    i.StartUpConfig                          0x08001530   Section        0  config.o(i.StartUpConfig)
    i.SysTick_Handler                        0x080015a4   Section        0  stm32f3xx_it.o(i.SysTick_Handler)
    i.SystemClock_Config                     0x080015a8   Section        0  main.o(i.SystemClock_Config)
    i.SystemInit                             0x08001658   Section        0  system_stm32f3xx.o(i.SystemInit)
    i.TIM2_IRQHandler                        0x08001668   Section        0  stm32f3xx_it.o(i.TIM2_IRQHandler)
    i.TIM3_IRQHandler                        0x08001680   Section        0  stm32f3xx_it.o(i.TIM3_IRQHandler)
    i.TIM6_DAC1_IRQHandler                   0x080016bc   Section        0  stm32f3xx_it.o(i.TIM6_DAC1_IRQHandler)
    i.UsageFault_Handler                     0x080016e8   Section        0  stm32f3xx_it.o(i.UsageFault_Handler)
    i.__NVIC_EnableIRQ                       0x080016ea   Section        0  main.o(i.__NVIC_EnableIRQ)
    __NVIC_EnableIRQ                         0x080016eb   Thumb Code    26  main.o(i.__NVIC_EnableIRQ)
    i.__NVIC_EnableIRQ                       0x08001704   Section        0  dma.o(i.__NVIC_EnableIRQ)
    __NVIC_EnableIRQ                         0x08001705   Thumb Code    26  dma.o(i.__NVIC_EnableIRQ)
    i.__NVIC_EnableIRQ                       0x0800171e   Section        0  tim.o(i.__NVIC_EnableIRQ)
    __NVIC_EnableIRQ                         0x0800171f   Thumb Code    26  tim.o(i.__NVIC_EnableIRQ)
    i.__NVIC_GetPriorityGrouping             0x08001738   Section        0  main.o(i.__NVIC_GetPriorityGrouping)
    __NVIC_GetPriorityGrouping               0x08001739   Thumb Code    10  main.o(i.__NVIC_GetPriorityGrouping)
    i.__NVIC_SetPriority                     0x08001748   Section        0  main.o(i.__NVIC_SetPriority)
    __NVIC_SetPriority                       0x08001749   Thumb Code    32  main.o(i.__NVIC_SetPriority)
    i.__NVIC_SetPriority                     0x08001768   Section        0  dma.o(i.__NVIC_SetPriority)
    __NVIC_SetPriority                       0x08001769   Thumb Code    32  dma.o(i.__NVIC_SetPriority)
    i.__NVIC_SetPriority                     0x08001788   Section        0  tim.o(i.__NVIC_SetPriority)
    __NVIC_SetPriority                       0x08001789   Thumb Code    32  tim.o(i.__NVIC_SetPriority)
    i.__scatterload_copy                     0x080017a8   Section       14  handlers.o(i.__scatterload_copy)
    i.__scatterload_null                     0x080017b6   Section        2  handlers.o(i.__scatterload_null)
    i.__scatterload_zeroinit                 0x080017b8   Section       14  handlers.o(i.__scatterload_zeroinit)
    i.delayNs                                0x080017c8   Section        0  st7735.o(i.delayNs)
    i.delaySetNs                             0x080017e4   Section        0  st7735.o(i.delaySetNs)
    i.lcd_st7735s_CS_0                       0x0800181c   Section        0  st7735.o(i.lcd_st7735s_CS_0)
    i.lcd_st7735s_CS_1                       0x08001828   Section        0  st7735.o(i.lcd_st7735s_CS_1)
    i.lcd_st7735s_RES_1                      0x08001834   Section        0  st7735.o(i.lcd_st7735s_RES_1)
    i.lcd_st7735s_at                         0x08001840   Section        0  st7735.o(i.lcd_st7735s_at)
    i.lcd_st7735s_fillrect                   0x08001888   Section        0  st7735.o(i.lcd_st7735s_fillrect)
    i.lcd_st7735s_img8                       0x080018d0   Section        0  st7735.o(i.lcd_st7735s_img8)
    i.lcd_st7735s_init                       0x08001920   Section        0  st7735.o(i.lcd_st7735s_init)
    i.lcd_st7735s_putpix                     0x08001974   Section        0  st7735.o(i.lcd_st7735s_putpix)
    i.lcd_st7735s_send                       0x08001988   Section        0  st7735.o(i.lcd_st7735s_send)
    i.lcd_st7735s_send_cmd                   0x08001998   Section        0  st7735.o(i.lcd_st7735s_send_cmd)
    i.lcd_st7735s_send_data                  0x080019a4   Section        0  st7735.o(i.lcd_st7735s_send_data)
    i.main                                   0x080019b4   Section        0  main.o(i.main)
    i.rs485_StartUp                          0x08001b10   Section        0  rs485.o(i.rs485_StartUp)
    i.st7735_StartUp                         0x08001b28   Section        0  st7735.o(i.st7735_StartUp)
    .constdata                               0x08001bdc   Section        7  usart.o(.constdata)
    CHANNEL_OFFSET_TAB                       0x08001bdc   Data           7  usart.o(.constdata)
    .constdata                               0x08001be3   Section       16  system_stm32f3xx.o(.constdata)
    .constdata                               0x08001bf3   Section        8  system_stm32f3xx.o(.constdata)
    .constdata                               0x08001bfb   Section      780  digits.o(.constdata)
    .constdata                               0x08001f07   Section      780  digits.o(.constdata)
    .constdata                               0x08002213   Section      780  digits.o(.constdata)
    .constdata                               0x0800251f   Section      780  digits.o(.constdata)
    .constdata                               0x0800282b   Section      780  digits.o(.constdata)
    .constdata                               0x08002b37   Section      780  digits.o(.constdata)
    .constdata                               0x08002e43   Section      780  digits.o(.constdata)
    .constdata                               0x0800314f   Section      780  digits.o(.constdata)
    .constdata                               0x0800345b   Section      780  digits.o(.constdata)
    .constdata                               0x08003767   Section      780  digits.o(.constdata)
    .constdata                               0x08003a73   Section      666  digits.o(.constdata)
    .constdata                               0x08003d0d   Section     2968  digits.o(.constdata)
    .constdata                               0x080048a5   Section     2240  digits.o(.constdata)
    .constdata                               0x08005165   Section      240  digits.o(.constdata)
    .constdata                               0x08005255   Section    20480  digits.o(.constdata)
    .constdata                               0x0800a255   Section    20480  digits.o(.constdata)
    .constdata                               0x0800f256   Section      512  st7735.o(.constdata)
    .constdata                               0x0800f456   Section       23  rs485.o(.constdata)
    rxStrKeyUp                               0x0800f456   Data           7  rs485.o(.constdata)
    rxStrKeyDown                             0x0800f45d   Data          16  rs485.o(.constdata)
    .data                                    0x20000000   Section        2  stm32f3xx_it.o(.data)
    .data                                    0x20000004   Section        4  system_stm32f3xx.o(.data)
    .data                                    0x20000008   Section        1  digits.o(.data)
    .data                                    0x20000009   Section        1  digits.o(.data)
    .data                                    0x2000000a   Section        1  digits.o(.data)
    .data                                    0x2000000b   Section        1  digits.o(.data)
    .data                                    0x2000000c   Section        1  digits.o(.data)
    .data                                    0x2000000d   Section        1  digits.o(.data)
    .data                                    0x2000000e   Section        1  digits.o(.data)
    .data                                    0x2000000f   Section        1  digits.o(.data)
    .data                                    0x20000010   Section        1  digits.o(.data)
    .data                                    0x20000011   Section        1  digits.o(.data)
    .data                                    0x20000012   Section        1  digits.o(.data)
    .data                                    0x20000013   Section        1  digits.o(.data)
    .data                                    0x20000014   Section        1  digits.o(.data)
    .data                                    0x20000015   Section        1  digits.o(.data)
    .data                                    0x20000016   Section        1  digits.o(.data)
    .data                                    0x20000017   Section        1  digits.o(.data)
    .data                                    0x20000018   Section        1  digits.o(.data)
    .data                                    0x20000019   Section        1  digits.o(.data)
    .data                                    0x2000001a   Section        1  digits.o(.data)
    .data                                    0x2000001b   Section        1  digits.o(.data)
    .data                                    0x2000001c   Section        1  digits.o(.data)
    .data                                    0x2000001d   Section        1  digits.o(.data)
    .data                                    0x2000001e   Section        1  digits.o(.data)
    .data                                    0x2000001f   Section        1  digits.o(.data)
    .data                                    0x20000020   Section        1  digits.o(.data)
    .data                                    0x20000021   Section        1  digits.o(.data)
    .data                                    0x20000022   Section        1  digits.o(.data)
    .data                                    0x20000023   Section        1  digits.o(.data)
    .data                                    0x20000024   Section        1  digits.o(.data)
    .data                                    0x20000025   Section        1  digits.o(.data)
    .data                                    0x20000026   Section        1  digits.o(.data)
    .data                                    0x20000027   Section        1  digits.o(.data)
    .data                                    0x20000028   Section        1  periphery.o(.data)
    .data                                    0x2000002c   Section      128  st7735.o(.data)
    .data                                    0x200000ac   Section       32  config.o(.data)
    .data                                    0x200000cc   Section        1  config.o(.data)
    .data                                    0x200000cd   Section        1  config.o(.data)
    .data                                    0x200000ce   Section        1  config.o(.data)
    .data                                    0x200000d0   Section        4  config.o(.data)
    .data                                    0x200000d4   Section        4  config.o(.data)
    .data                                    0x200000d8   Section        1  config.o(.data)
    .bss                                     0x200000dc   Section       32  config.o(.bss)
    STACK                                    0x20000100   Section     1024  startup_stm32f334x8.o(STACK)

    Global Symbols

    Symbol Name                              Value     Ov Type        Size  Object(Section)

    BuildAttributes$$THM_ISAv4$E$P$D$K$B$S$7EM$VFPi3$EXTD16$VFPS$VFMA$PE$A:L22UL41UL21$X:L11$S22US41US21$IEEE1$IW$USESV6$~STKCKD$USESV7$~SHL$OSPACE$EBA8$MICROLIB$REQ8$PRES8$EABIv2 0x00000000   Number         0  anon$$obj.o ABSOLUTE
    __ARM_use_no_argv                        0x00000000   Number         0  main.o ABSOLUTE
    __arm_fini_                               - Undefined Weak Reference
    __cpp_initialize__aeabi_                  - Undefined Weak Reference
    __cxa_finalize                            - Undefined Weak Reference
    __decompress                              - Undefined Weak Reference
    _clock_init                               - Undefined Weak Reference
    _microlib_exit                            - Undefined Weak Reference
    __Vectors_Size                           0x00000188   Number         0  startup_stm32f334x8.o ABSOLUTE
    __Vectors                                0x08000000   Data           4  startup_stm32f334x8.o(RESET)
    __Vectors_End                            0x08000188   Data           0  startup_stm32f334x8.o(RESET)
    __main                                   0x08000189   Thumb Code     0  entry.o(.ARM.Collect$$$$00000000)
    _main_stk                                0x08000189   Thumb Code     0  entry2.o(.ARM.Collect$$$$00000001)
    _main_scatterload                        0x0800018d   Thumb Code     0  entry5.o(.ARM.Collect$$$$00000004)
    __main_after_scatterload                 0x08000191   Thumb Code     0  entry5.o(.ARM.Collect$$$$00000004)
    _main_clock                              0x08000191   Thumb Code     0  entry7b.o(.ARM.Collect$$$$00000008)
    _main_cpp_init                           0x08000191   Thumb Code     0  entry8b.o(.ARM.Collect$$$$0000000A)
    _main_init                               0x08000191   Thumb Code     0  entry9a.o(.ARM.Collect$$$$0000000B)
    __rt_lib_shutdown_fini                   0x08000199   Thumb Code     0  entry12b.o(.ARM.Collect$$$$0000000E)
    __rt_final_cpp                           0x0800019d   Thumb Code     0  entry10a.o(.ARM.Collect$$$$0000000F)
    __rt_final_exit                          0x0800019d   Thumb Code     0  entry11a.o(.ARM.Collect$$$$00000011)
    Reset_Handler                            0x080001a1   Thumb Code     8  startup_stm32f334x8.o(.text)
    ADC1_2_IRQHandler                        0x080001bb   Thumb Code     0  startup_stm32f334x8.o(.text)
    CAN_RX0_IRQHandler                       0x080001bb   Thumb Code     0  startup_stm32f334x8.o(.text)
    CAN_RX1_IRQHandler                       0x080001bb   Thumb Code     0  startup_stm32f334x8.o(.text)
    CAN_SCE_IRQHandler                       0x080001bb   Thumb Code     0  startup_stm32f334x8.o(.text)
    CAN_TX_IRQHandler                        0x080001bb   Thumb Code     0  startup_stm32f334x8.o(.text)
    COMP2_IRQHandler                         0x080001bb   Thumb Code     0  startup_stm32f334x8.o(.text)
    COMP4_6_IRQHandler                       0x080001bb   Thumb Code     0  startup_stm32f334x8.o(.text)
    DMA1_Channel1_IRQHandler                 0x080001bb   Thumb Code     0  startup_stm32f334x8.o(.text)
    DMA1_Channel2_IRQHandler                 0x080001bb   Thumb Code     0  startup_stm32f334x8.o(.text)
    DMA1_Channel3_IRQHandler                 0x080001bb   Thumb Code     0  startup_stm32f334x8.o(.text)
    DMA1_Channel6_IRQHandler                 0x080001bb   Thumb Code     0  startup_stm32f334x8.o(.text)
    DMA1_Channel7_IRQHandler                 0x080001bb   Thumb Code     0  startup_stm32f334x8.o(.text)
    EXTI0_IRQHandler                         0x080001bb   Thumb Code     0  startup_stm32f334x8.o(.text)
    EXTI15_10_IRQHandler                     0x080001bb   Thumb Code     0  startup_stm32f334x8.o(.text)
    EXTI1_IRQHandler                         0x080001bb   Thumb Code     0  startup_stm32f334x8.o(.text)
    EXTI2_TSC_IRQHandler                     0x080001bb   Thumb Code     0  startup_stm32f334x8.o(.text)
    EXTI3_IRQHandler                         0x080001bb   Thumb Code     0  startup_stm32f334x8.o(.text)
    EXTI4_IRQHandler                         0x080001bb   Thumb Code     0  startup_stm32f334x8.o(.text)
    EXTI9_5_IRQHandler                       0x080001bb   Thumb Code     0  startup_stm32f334x8.o(.text)
    FLASH_IRQHandler                         0x080001bb   Thumb Code     0  startup_stm32f334x8.o(.text)
    FPU_IRQHandler                           0x080001bb   Thumb Code     0  startup_stm32f334x8.o(.text)
    HRTIM1_FLT_IRQHandler                    0x080001bb   Thumb Code     0  startup_stm32f334x8.o(.text)
    HRTIM1_Master_IRQHandler                 0x080001bb   Thumb Code     0  startup_stm32f334x8.o(.text)
    HRTIM1_TIMA_IRQHandler                   0x080001bb   Thumb Code     0  startup_stm32f334x8.o(.text)
    HRTIM1_TIMB_IRQHandler                   0x080001bb   Thumb Code     0  startup_stm32f334x8.o(.text)
    HRTIM1_TIMC_IRQHandler                   0x080001bb   Thumb Code     0  startup_stm32f334x8.o(.text)
    HRTIM1_TIMD_IRQHandler                   0x080001bb   Thumb Code     0  startup_stm32f334x8.o(.text)
    HRTIM1_TIME_IRQHandler                   0x080001bb   Thumb Code     0  startup_stm32f334x8.o(.text)
    I2C1_ER_IRQHandler                       0x080001bb   Thumb Code     0  startup_stm32f334x8.o(.text)
    I2C1_EV_IRQHandler                       0x080001bb   Thumb Code     0  startup_stm32f334x8.o(.text)
    RTC_Alarm_IRQHandler                     0x080001bb   Thumb Code     0  startup_stm32f334x8.o(.text)
    RTC_WKUP_IRQHandler                      0x080001bb   Thumb Code     0  startup_stm32f334x8.o(.text)
    SPI1_IRQHandler                          0x080001bb   Thumb Code     0  startup_stm32f334x8.o(.text)
    TAMP_STAMP_IRQHandler                    0x080001bb   Thumb Code     0  startup_stm32f334x8.o(.text)
    TIM1_BRK_TIM15_IRQHandler                0x080001bb   Thumb Code     0  startup_stm32f334x8.o(.text)
    TIM1_CC_IRQHandler                       0x080001bb   Thumb Code     0  startup_stm32f334x8.o(.text)
    TIM1_TRG_COM_TIM17_IRQHandler            0x080001bb   Thumb Code     0  startup_stm32f334x8.o(.text)
    TIM1_UP_TIM16_IRQHandler                 0x080001bb   Thumb Code     0  startup_stm32f334x8.o(.text)
    TIM7_DAC2_IRQHandler                     0x080001bb   Thumb Code     0  startup_stm32f334x8.o(.text)
    USART1_IRQHandler                        0x080001bb   Thumb Code     0  startup_stm32f334x8.o(.text)
    USART2_IRQHandler                        0x080001bb   Thumb Code     0  startup_stm32f334x8.o(.text)
    USART3_IRQHandler                        0x080001bb   Thumb Code     0  startup_stm32f334x8.o(.text)
    WWDG_IRQHandler                          0x080001bb   Thumb Code     0  startup_stm32f334x8.o(.text)
    __aeabi_memset                           0x080001c5   Thumb Code    14  memseta.o(.text)
    __aeabi_memset4                          0x080001c5   Thumb Code     0  memseta.o(.text)
    __aeabi_memset8                          0x080001c5   Thumb Code     0  memseta.o(.text)
    __aeabi_memclr                           0x080001d3   Thumb Code     4  memseta.o(.text)
    __aeabi_memclr4                          0x080001d3   Thumb Code     0  memseta.o(.text)
    __aeabi_memclr8                          0x080001d3   Thumb Code     0  memseta.o(.text)
    _memset$wrapper                          0x080001d7   Thumb Code    18  memseta.o(.text)
    __scatterload                            0x080001e9   Thumb Code    28  init.o(.text)
    __scatterload_rt2                        0x080001e9   Thumb Code     0  init.o(.text)
    BusFault_Handler                         0x0800020d   Thumb Code     2  stm32f3xx_it.o(i.BusFault_Handler)
    Convert2Array                            0x08000211   Thumb Code    56  st7735.o(i.Convert2Array)
    CorrectRX                                0x0800024d   Thumb Code    98  rs485.o(i.CorrectRX)
    CorrectTX                                0x080002cd   Thumb Code    34  rs485.o(i.CorrectTX)
    DMA1_Channel4_IRQHandler                 0x080002fd   Thumb Code     6  stm32f3xx_it.o(i.DMA1_Channel4_IRQHandler)
    DMA1_Channel5_IRQHandler                 0x08000309   Thumb Code     6  stm32f3xx_it.o(i.DMA1_Channel5_IRQHandler)
    DMA1_Errors                              0x08000315   Thumb Code    22  rs485.o(i.DMA1_Errors)
    DMA1_RX_ClearFlag                        0x0800032d   Thumb Code    22  rs485.o(i.DMA1_RX_ClearFlag)
    DMA1_RX_InitStart                        0x08000349   Thumb Code    84  rs485.o(i.DMA1_RX_InitStart)
    DMA1_RX_Stop                             0x080003a9   Thumb Code    16  rs485.o(i.DMA1_RX_Stop)
    DMA1_TX_ClearFlag                        0x080003bd   Thumb Code    22  rs485.o(i.DMA1_TX_ClearFlag)
    DMA1_TX_InitStart                        0x080003d9   Thumb Code    74  rs485.o(i.DMA1_TX_InitStart)
    DMA1_TX_Stop                             0x08000431   Thumb Code    16  rs485.o(i.DMA1_TX_Stop)
    DMA1_TransmitComplete                    0x08000445   Thumb Code    14  rs485.o(i.DMA1_TransmitComplete)
    DMA_DeInit                               0x08000455   Thumb Code   136  rs485.o(i.DMA_DeInit)
    DMA_IRQHandler_Callback                  0x080004e1   Thumb Code    60  rs485.o(i.DMA_IRQHandler_Callback)
    DMA_Init                                 0x0800051d   Thumb Code    24  rs485.o(i.DMA_Init)
    DebugMon_Handler                         0x08000535   Thumb Code     2  stm32f3xx_it.o(i.DebugMon_Handler)
    DebugOnStandByMode                       0x08000539   Thumb Code    28  power.o(i.DebugOnStandByMode)
    DisplayOut                               0x08000559   Thumb Code   688  st7735.o(i.DisplayOut)
    GoToStandbyMode                          0x0800085d   Thumb Code    84  power.o(i.GoToStandbyMode)
    HardFault_Handler                        0x080008bd   Thumb Code    84  stm32f3xx_it.o(i.HardFault_Handler)
    LL_EXTI_DeInit                           0x080009f1   Thumb Code    68  stm32f3xx_ll_exti.o(i.LL_EXTI_DeInit)
    LL_GPIO_Init                             0x08000a3d   Thumb Code   318  stm32f3xx_ll_gpio.o(i.LL_GPIO_Init)
    LL_Init1msTick                           0x08000b89   Thumb Code    26  stm32f3xx_ll_utils.o(i.LL_Init1msTick)
    LL_RCC_GetSystemClocksFreq               0x08000ba3   Thumb Code    32  stm32f3xx_ll_rcc.o(i.LL_RCC_GetSystemClocksFreq)
    LL_RCC_GetUSARTClockFreq                 0x08000bc5   Thumb Code    84  stm32f3xx_ll_rcc.o(i.LL_RCC_GetUSARTClockFreq)
    LL_SPI_Init                              0x08000c21   Thumb Code   110  stm32f3xx_ll_spi.o(i.LL_SPI_Init)
    LL_SetSystemCoreClock                    0x08000c91   Thumb Code     6  stm32f3xx_ll_utils.o(i.LL_SetSystemCoreClock)
    LL_TIM_Init                              0x08000c9d   Thumb Code   112  stm32f3xx_ll_tim.o(i.LL_TIM_Init)
    LL_USART_Init                            0x08000d21   Thumb Code   162  stm32f3xx_ll_usart.o(i.LL_USART_Init)
    LL_mDelay                                0x08000dd5   Thumb Code    30  stm32f3xx_ll_utils.o(i.LL_mDelay)
    MX_CRC_Init                              0x08000df5   Thumb Code    58  crc.o(i.MX_CRC_Init)
    MX_DMA_Init                              0x08000e3d   Thumb Code    82  dma.o(i.MX_DMA_Init)
    MX_GPIO_Init                             0x08000e99   Thumb Code   176  gpio.o(i.MX_GPIO_Init)
    MX_SPI1_Init                             0x08000f51   Thumb Code   154  spi.o(i.MX_SPI1_Init)
    MX_TIM2_Init                             0x08000ff5   Thumb Code   116  tim.o(i.MX_TIM2_Init)
    MX_TIM3_Init                             0x08001071   Thumb Code   116  tim.o(i.MX_TIM3_Init)
    MX_TIM6_Init                             0x080010f1   Thumb Code   102  tim.o(i.MX_TIM6_Init)
    MX_USART1_UART_Init                      0x08001161   Thumb Code   312  usart.o(i.MX_USART1_UART_Init)
    MemManage_Handler                        0x080012a5   Thumb Code     2  stm32f3xx_it.o(i.MemManage_Handler)
    NMI_Handler                              0x080012a7   Thumb Code     2  stm32f3xx_it.o(i.NMI_Handler)
    PVD_IRQHandler                           0x0800133f   Thumb Code     2  stm32f3xx_it.o(i.PVD_IRQHandler)
    PendSV_Handler                           0x08001341   Thumb Code     2  stm32f3xx_it.o(i.PendSV_Handler)
    RCC_GetHCLKClockFreq                     0x08001345   Thumb Code    18  stm32f3xx_ll_rcc.o(i.RCC_GetHCLKClockFreq)
    RCC_GetPCLK1ClockFreq                    0x08001361   Thumb Code    20  stm32f3xx_ll_rcc.o(i.RCC_GetPCLK1ClockFreq)
    RCC_GetPCLK2ClockFreq                    0x0800137d   Thumb Code    20  stm32f3xx_ll_rcc.o(i.RCC_GetPCLK2ClockFreq)
    RCC_GetSystemClockFreq                   0x08001399   Thumb Code    26  stm32f3xx_ll_rcc.o(i.RCC_GetSystemClockFreq)
    RCC_IRQHandler                           0x080013bd   Thumb Code     2  stm32f3xx_it.o(i.RCC_IRQHandler)
    RCC_PLL_GetFreqDomain_SYS                0x080013c1   Thumb Code    58  stm32f3xx_ll_rcc.o(i.RCC_PLL_GetFreqDomain_SYS)
    SVC_Handler                              0x08001405   Thumb Code     2  stm32f3xx_it.o(i.SVC_Handler)
    ScanButton                               0x08001409   Thumb Code   282  periphery.o(i.ScanButton)
    StartUpConfig                            0x08001531   Thumb Code   100  config.o(i.StartUpConfig)
    SysTick_Handler                          0x080015a5   Thumb Code     2  stm32f3xx_it.o(i.SysTick_Handler)
    SystemClock_Config                       0x080015a9   Thumb Code   162  main.o(i.SystemClock_Config)
    SystemInit                               0x08001659   Thumb Code    12  system_stm32f3xx.o(i.SystemInit)
    TIM2_IRQHandler                          0x08001669   Thumb Code    24  stm32f3xx_it.o(i.TIM2_IRQHandler)
    TIM3_IRQHandler                          0x08001681   Thumb Code    50  stm32f3xx_it.o(i.TIM3_IRQHandler)
    TIM6_DAC1_IRQHandler                     0x080016bd   Thumb Code    36  stm32f3xx_it.o(i.TIM6_DAC1_IRQHandler)
    UsageFault_Handler                       0x080016e9   Thumb Code     2  stm32f3xx_it.o(i.UsageFault_Handler)
    __scatterload_copy                       0x080017a9   Thumb Code    14  handlers.o(i.__scatterload_copy)
    __scatterload_null                       0x080017b7   Thumb Code     2  handlers.o(i.__scatterload_null)
    __scatterload_zeroinit                   0x080017b9   Thumb Code    14  handlers.o(i.__scatterload_zeroinit)
    delayNs                                  0x080017c9   Thumb Code    18  st7735.o(i.delayNs)
    delaySetNs                               0x080017e5   Thumb Code    42  st7735.o(i.delaySetNs)
    lcd_st7735s_CS_0                         0x0800181d   Thumb Code     8  st7735.o(i.lcd_st7735s_CS_0)
    lcd_st7735s_CS_1                         0x08001829   Thumb Code     8  st7735.o(i.lcd_st7735s_CS_1)
    lcd_st7735s_RES_1                        0x08001835   Thumb Code    12  st7735.o(i.lcd_st7735s_RES_1)
    lcd_st7735s_at                           0x08001841   Thumb Code    72  st7735.o(i.lcd_st7735s_at)
    lcd_st7735s_fillrect                     0x08001889   Thumb Code    70  st7735.o(i.lcd_st7735s_fillrect)
    lcd_st7735s_img8                         0x080018d1   Thumb Code    74  st7735.o(i.lcd_st7735s_img8)
    lcd_st7735s_init                         0x08001921   Thumb Code    78  st7735.o(i.lcd_st7735s_init)
    lcd_st7735s_putpix                       0x08001975   Thumb Code    20  st7735.o(i.lcd_st7735s_putpix)
    lcd_st7735s_send                         0x08001989   Thumb Code    12  st7735.o(i.lcd_st7735s_send)
    lcd_st7735s_send_cmd                     0x08001999   Thumb Code    12  st7735.o(i.lcd_st7735s_send_cmd)
    lcd_st7735s_send_data                    0x080019a5   Thumb Code    16  st7735.o(i.lcd_st7735s_send_data)
    main                                     0x080019b5   Thumb Code   324  main.o(i.main)
    rs485_StartUp                            0x08001b11   Thumb Code    22  rs485.o(i.rs485_StartUp)
    st7735_StartUp                           0x08001b29   Thumb Code   136  st7735.o(i.st7735_StartUp)
    AHBPrescTable                            0x08001be3   Data          16  system_stm32f3xx.o(.constdata)
    APBPrescTable                            0x08001bf3   Data           8  system_stm32f3xx.o(.constdata)
    dig0                                     0x08001bfb   Data         780  digits.o(.constdata)
    dig1                                     0x08001f07   Data         780  digits.o(.constdata)
    dig2                                     0x08002213   Data         780  digits.o(.constdata)
    dig3                                     0x0800251f   Data         780  digits.o(.constdata)
    dig4                                     0x0800282b   Data         780  digits.o(.constdata)
    dig5                                     0x08002b37   Data         780  digits.o(.constdata)
    dig6                                     0x08002e43   Data         780  digits.o(.constdata)
    dig7                                     0x0800314f   Data         780  digits.o(.constdata)
    dig8                                     0x0800345b   Data         780  digits.o(.constdata)
    dig9                                     0x08003767   Data         780  digits.o(.constdata)
    bat_img                                  0x08003a73   Data         666  digits.o(.constdata)
    speed_img                                0x08003d0d   Data        2968  digits.o(.constdata)
    weight_img                               0x080048a5   Data        2240  digits.o(.constdata)
    charge_img                               0x08005165   Data         240  digits.o(.constdata)
    stop_img                                 0x08005255   Data       20480  digits.o(.constdata)
    preparing_img                            0x0800a255   Data       20480  digits.o(.constdata)
    rgb8_to_rgb16                            0x0800f256   Data         512  st7735.o(.constdata)
    Region$$Table$$Base                      0x0800f470   Number         0  anon$$obj.o(Region$$Table)
    Region$$Table$$Limit                     0x0800f490   Number         0  anon$$obj.o(Region$$Table)
    whitingCounter                           0x20000000   Data           1  stm32f3xx_it.o(.data)
    TIM3_FLAG                                0x20000001   Data           1  stm32f3xx_it.o(.data)
    SystemCoreClock                          0x20000004   Data           4  system_stm32f3xx.o(.data)
    width_dig0                               0x20000008   Data           1  digits.o(.data)
    height_dig0                              0x20000009   Data           1  digits.o(.data)
    width_dig1                               0x2000000a   Data           1  digits.o(.data)
    height_dig1                              0x2000000b   Data           1  digits.o(.data)
    width_dig2                               0x2000000c   Data           1  digits.o(.data)
    height_dig2                              0x2000000d   Data           1  digits.o(.data)
    width_dig3                               0x2000000e   Data           1  digits.o(.data)
    height_dig3                              0x2000000f   Data           1  digits.o(.data)
    width_dig4                               0x20000010   Data           1  digits.o(.data)
    height_dig4                              0x20000011   Data           1  digits.o(.data)
    width_dig5                               0x20000012   Data           1  digits.o(.data)
    height_dig5                              0x20000013   Data           1  digits.o(.data)
    width_dig6                               0x20000014   Data           1  digits.o(.data)
    height_dig6                              0x20000015   Data           1  digits.o(.data)
    width_dig7                               0x20000016   Data           1  digits.o(.data)
    height_dig7                              0x20000017   Data           1  digits.o(.data)
    width_dig8                               0x20000018   Data           1  digits.o(.data)
    height_dig8                              0x20000019   Data           1  digits.o(.data)
    width_dig9                               0x2000001a   Data           1  digits.o(.data)
    height_dig9                              0x2000001b   Data           1  digits.o(.data)
    width_bat_img                            0x2000001c   Data           1  digits.o(.data)
    height_bat_img                           0x2000001d   Data           1  digits.o(.data)
    width_speed_img                          0x2000001e   Data           1  digits.o(.data)
    height_speed_img                         0x2000001f   Data           1  digits.o(.data)
    width_weight_img                         0x20000020   Data           1  digits.o(.data)
    height_weight_img                        0x20000021   Data           1  digits.o(.data)
    width_charge_img                         0x20000022   Data           1  digits.o(.data)
    height_charge_img                        0x20000023   Data           1  digits.o(.data)
    width_stop_img                           0x20000024   Data           1  digits.o(.data)
    height_stop_img                          0x20000025   Data           1  digits.o(.data)
    width_preparing_img                      0x20000026   Data           1  digits.o(.data)
    height_preparing_img                     0x20000027   Data           1  digits.o(.data)
    Button_Status                            0x20000028   Data           1  periphery.o(.data)
    DISPLAY_FLAG                             0x2000002c   Data           1  st7735.o(.data)
    digits                                   0x2000002d   Data           3  st7735.o(.data)
    DWT_Tick                                 0x20000030   Data           4  st7735.o(.data)
    disp_w                                   0x20000034   Data          40  st7735.o(.data)
    disp_h                                   0x2000005c   Data          40  st7735.o(.data)
    disp_p                                   0x20000084   Data          40  st7735.o(.data)
    tx_str                                   0x200000ac   Data          32  config.o(.data)
    weight                                   0x200000cc   Data           1  config.o(.data)
    speed                                    0x200000cd   Data           1  config.o(.data)
    battery                                  0x200000ce   Data           1  config.o(.data)
    GLOBAL_FLAG_RX                           0x200000d0   Data           4  config.o(.data)
    GLOBAL_FLAG_TX                           0x200000d4   Data           4  config.o(.data)
    GLOBAL_CHARGE_FLAG                       0x200000d8   Data           1  config.o(.data)
    rx_str                                   0x200000dc   Data          32  config.o(.bss)
    __initial_sp                             0x20000500   Data           0  startup_stm32f334x8.o(STACK)



==============================================================================

Memory Map of the image

  Image Entry point : 0x08000189

  Load Region LR_IROM1 (Base: 0x08000000, Size: 0x0000f56c, Max: 0x00010000, ABSOLUTE)

    Execution Region ER_IROM1 (Exec base: 0x08000000, Load base: 0x08000000, Size: 0x0000f490, Max: 0x00010000, ABSOLUTE)

    Exec Addr    Load Addr    Size         Type   Attr      Idx    E Section Name        Object

    0x08000000   0x08000000   0x00000188   Data   RO            3    RESET               startup_stm32f334x8.o
    0x08000188   0x08000188   0x00000000   Code   RO         1771  * .ARM.Collect$$$$00000000  mc_w.l(entry.o)
    0x08000188   0x08000188   0x00000004   Code   RO         1776    .ARM.Collect$$$$00000001  mc_w.l(entry2.o)
    0x0800018c   0x0800018c   0x00000004   Code   RO         1779    .ARM.Collect$$$$00000004  mc_w.l(entry5.o)
    0x08000190   0x08000190   0x00000000   Code   RO         1781    .ARM.Collect$$$$00000008  mc_w.l(entry7b.o)
    0x08000190   0x08000190   0x00000000   Code   RO         1783    .ARM.Collect$$$$0000000A  mc_w.l(entry8b.o)
    0x08000190   0x08000190   0x00000008   Code   RO         1784    .ARM.Collect$$$$0000000B  mc_w.l(entry9a.o)
    0x08000198   0x08000198   0x00000004   Code   RO         1791    .ARM.Collect$$$$0000000E  mc_w.l(entry12b.o)
    0x0800019c   0x0800019c   0x00000000   Code   RO         1786    .ARM.Collect$$$$0000000F  mc_w.l(entry10a.o)
    0x0800019c   0x0800019c   0x00000000   Code   RO         1788    .ARM.Collect$$$$00000011  mc_w.l(entry11a.o)
    0x0800019c   0x0800019c   0x00000004   Code   RO         1777    .ARM.Collect$$$$00002712  mc_w.l(entry2.o)
    0x080001a0   0x080001a0   0x00000024   Code   RO            4    .text               startup_stm32f334x8.o
    0x080001c4   0x080001c4   0x00000024   Code   RO         1774    .text               mc_w.l(memseta.o)
    0x080001e8   0x080001e8   0x00000024   Code   RO         1792    .text               mc_w.l(init.o)
    0x0800020c   0x0800020c   0x00000002   Code   RO          459    i.BusFault_Handler  stm32f3xx_it.o
    0x0800020e   0x0800020e   0x00000002   PAD
    0x08000210   0x08000210   0x0000003c   Code   RO         1386    i.Convert2Array     st7735.o
    0x0800024c   0x0800024c   0x00000080   Code   RO         1542    i.CorrectRX         rs485.o
    0x080002cc   0x080002cc   0x00000030   Code   RO         1543    i.CorrectTX         rs485.o
    0x080002fc   0x080002fc   0x0000000c   Code   RO          460    i.DMA1_Channel4_IRQHandler  stm32f3xx_it.o
    0x08000308   0x08000308   0x0000000c   Code   RO          461    i.DMA1_Channel5_IRQHandler  stm32f3xx_it.o
    0x08000314   0x08000314   0x00000016   Code   RO         1544    i.DMA1_Errors       rs485.o
    0x0800032a   0x0800032a   0x00000002   PAD
    0x0800032c   0x0800032c   0x0000001c   Code   RO         1545    i.DMA1_RX_ClearFlag  rs485.o
    0x08000348   0x08000348   0x00000060   Code   RO         1546    i.DMA1_RX_InitStart  rs485.o
    0x080003a8   0x080003a8   0x00000014   Code   RO         1547    i.DMA1_RX_Stop      rs485.o
    0x080003bc   0x080003bc   0x0000001c   Code   RO         1549    i.DMA1_TX_ClearFlag  rs485.o
    0x080003d8   0x080003d8   0x00000058   Code   RO         1550    i.DMA1_TX_InitStart  rs485.o
    0x08000430   0x08000430   0x00000014   Code   RO         1551    i.DMA1_TX_Stop      rs485.o
    0x08000444   0x08000444   0x0000000e   Code   RO         1552    i.DMA1_TransmitComplete  rs485.o
    0x08000452   0x08000452   0x00000002   PAD
    0x08000454   0x08000454   0x0000008c   Code   RO         1553    i.DMA_DeInit        rs485.o
    0x080004e0   0x080004e0   0x0000003c   Code   RO         1557    i.DMA_IRQHandler_Callback  rs485.o
    0x0800051c   0x0800051c   0x00000018   Code   RO         1558    i.DMA_Init          rs485.o
    0x08000534   0x08000534   0x00000002   Code   RO          462    i.DebugMon_Handler  stm32f3xx_it.o
    0x08000536   0x08000536   0x00000002   PAD
    0x08000538   0x08000538   0x00000020   Code   RO         1295    i.DebugOnStandByMode  power.o
    0x08000558   0x08000558   0x00000304   Code   RO         1387    i.DisplayOut        st7735.o
    0x0800085c   0x0800085c   0x00000060   Code   RO         1296    i.GoToStandbyMode   power.o
    0x080008bc   0x080008bc   0x00000058   Code   RO          463    i.HardFault_Handler  stm32f3xx_it.o
    0x08000914   0x08000914   0x00000018   Code   RO          185    i.LL_AHB1_GRP1_EnableClock  gpio.o
    0x0800092c   0x0800092c   0x00000018   Code   RO          330    i.LL_APB1_GRP1_EnableClock  tim.o
    0x08000944   0x08000944   0x00000018   Code   RO          392    i.LL_DMA_SetChannelPriorityLevel  usart.o
    0x0800095c   0x0800095c   0x0000001c   Code   RO          393    i.LL_DMA_SetDataTransferDirection  usart.o
    0x08000978   0x08000978   0x00000018   Code   RO          394    i.LL_DMA_SetMemoryIncMode  usart.o
    0x08000990   0x08000990   0x00000018   Code   RO          395    i.LL_DMA_SetMemorySize  usart.o
    0x080009a8   0x080009a8   0x00000018   Code   RO          396    i.LL_DMA_SetMode    usart.o
    0x080009c0   0x080009c0   0x00000018   Code   RO          397    i.LL_DMA_SetPeriphIncMode  usart.o
    0x080009d8   0x080009d8   0x00000018   Code   RO          398    i.LL_DMA_SetPeriphSize  usart.o
    0x080009f0   0x080009f0   0x0000004c   Code   RO          672    i.LL_EXTI_DeInit    stm32f3xx_ll_exti.o
    0x08000a3c   0x08000a3c   0x0000013e   Code   RO          714    i.LL_GPIO_Init      stm32f3xx_ll_gpio.o
    0x08000b7a   0x08000b7a   0x0000000e   Code   RO         1248    i.LL_GPIO_IsInputPinSet  periphery.o
    0x08000b88   0x08000b88   0x0000001a   Code   RO          592    i.LL_Init1msTick    stm32f3xx_ll_utils.o
    0x08000ba2   0x08000ba2   0x00000020   Code   RO          794    i.LL_RCC_GetSystemClocksFreq  stm32f3xx_ll_rcc.o
    0x08000bc2   0x08000bc2   0x00000002   PAD
    0x08000bc4   0x08000bc4   0x0000005c   Code   RO          796    i.LL_RCC_GetUSARTClockFreq  stm32f3xx_ll_rcc.o
    0x08000c20   0x08000c20   0x0000006e   Code   RO          925    i.LL_SPI_Init       stm32f3xx_ll_spi.o
    0x08000c8e   0x08000c8e   0x00000002   PAD
    0x08000c90   0x08000c90   0x0000000c   Code   RO          597    i.LL_SetSystemCoreClock  stm32f3xx_ll_utils.o
    0x08000c9c   0x08000c9c   0x00000084   Code   RO          979    i.LL_TIM_Init       stm32f3xx_ll_tim.o
    0x08000d20   0x08000d20   0x000000b4   Code   RO         1091    i.LL_USART_Init     stm32f3xx_ll_usart.o
    0x08000dd4   0x08000dd4   0x0000001e   Code   RO          598    i.LL_mDelay         stm32f3xx_ll_utils.o
    0x08000df2   0x08000df2   0x00000002   PAD
    0x08000df4   0x08000df4   0x00000048   Code   RO          230    i.MX_CRC_Init       crc.o
    0x08000e3c   0x08000e3c   0x0000005c   Code   RO          257    i.MX_DMA_Init       dma.o
    0x08000e98   0x08000e98   0x000000b8   Code   RO          186    i.MX_GPIO_Init      gpio.o
    0x08000f50   0x08000f50   0x000000a4   Code   RO          300    i.MX_SPI1_Init      spi.o
    0x08000ff4   0x08000ff4   0x0000007c   Code   RO          331    i.MX_TIM2_Init      tim.o
    0x08001070   0x08001070   0x00000080   Code   RO          332    i.MX_TIM3_Init      tim.o
    0x080010f0   0x080010f0   0x00000070   Code   RO          333    i.MX_TIM6_Init      tim.o
    0x08001160   0x08001160   0x00000144   Code   RO          399    i.MX_USART1_UART_Init  usart.o
    0x080012a4   0x080012a4   0x00000002   Code   RO          464    i.MemManage_Handler  stm32f3xx_it.o
    0x080012a6   0x080012a6   0x00000002   Code   RO          465    i.NMI_Handler       stm32f3xx_it.o
    0x080012a8   0x080012a8   0x00000032   Code   RO           14    i.NVIC_EncodePriority  main.o
    0x080012da   0x080012da   0x00000032   Code   RO          258    i.NVIC_EncodePriority  dma.o
    0x0800130c   0x0800130c   0x00000032   Code   RO          334    i.NVIC_EncodePriority  tim.o
    0x0800133e   0x0800133e   0x00000002   Code   RO          466    i.PVD_IRQHandler    stm32f3xx_it.o
    0x08001340   0x08001340   0x00000002   Code   RO          467    i.PendSV_Handler    stm32f3xx_it.o
    0x08001342   0x08001342   0x00000002   PAD
    0x08001344   0x08001344   0x0000001c   Code   RO          797    i.RCC_GetHCLKClockFreq  stm32f3xx_ll_rcc.o
    0x08001360   0x08001360   0x0000001c   Code   RO          798    i.RCC_GetPCLK1ClockFreq  stm32f3xx_ll_rcc.o
    0x0800137c   0x0800137c   0x0000001c   Code   RO          799    i.RCC_GetPCLK2ClockFreq  stm32f3xx_ll_rcc.o
    0x08001398   0x08001398   0x00000024   Code   RO          800    i.RCC_GetSystemClockFreq  stm32f3xx_ll_rcc.o
    0x080013bc   0x080013bc   0x00000002   Code   RO          468    i.RCC_IRQHandler    stm32f3xx_it.o
    0x080013be   0x080013be   0x00000002   PAD
    0x080013c0   0x080013c0   0x00000044   Code   RO          801    i.RCC_PLL_GetFreqDomain_SYS  stm32f3xx_ll_rcc.o
    0x08001404   0x08001404   0x00000002   Code   RO          469    i.SVC_Handler       stm32f3xx_it.o
    0x08001406   0x08001406   0x00000002   PAD
    0x08001408   0x08001408   0x00000128   Code   RO         1249    i.ScanButton        periphery.o
    0x08001530   0x08001530   0x00000074   Code   RO         1682    i.StartUpConfig     config.o
    0x080015a4   0x080015a4   0x00000002   Code   RO          470    i.SysTick_Handler   stm32f3xx_it.o
    0x080015a6   0x080015a6   0x00000002   PAD
    0x080015a8   0x080015a8   0x000000b0   Code   RO           15    i.SystemClock_Config  main.o
    0x08001658   0x08001658   0x00000010   Code   RO         1140    i.SystemInit        system_stm32f3xx.o
    0x08001668   0x08001668   0x00000018   Code   RO          471    i.TIM2_IRQHandler   stm32f3xx_it.o
    0x08001680   0x08001680   0x0000003c   Code   RO          472    i.TIM3_IRQHandler   stm32f3xx_it.o
    0x080016bc   0x080016bc   0x0000002c   Code   RO          473    i.TIM6_DAC1_IRQHandler  stm32f3xx_it.o
    0x080016e8   0x080016e8   0x00000002   Code   RO          474    i.UsageFault_Handler  stm32f3xx_it.o
    0x080016ea   0x080016ea   0x0000001a   Code   RO           16    i.__NVIC_EnableIRQ  main.o
    0x08001704   0x08001704   0x0000001a   Code   RO          259    i.__NVIC_EnableIRQ  dma.o
    0x0800171e   0x0800171e   0x0000001a   Code   RO          335    i.__NVIC_EnableIRQ  tim.o
    0x08001738   0x08001738   0x00000010   Code   RO           17    i.__NVIC_GetPriorityGrouping  main.o
    0x08001748   0x08001748   0x00000020   Code   RO           18    i.__NVIC_SetPriority  main.o
    0x08001768   0x08001768   0x00000020   Code   RO          260    i.__NVIC_SetPriority  dma.o
    0x08001788   0x08001788   0x00000020   Code   RO          336    i.__NVIC_SetPriority  tim.o
    0x080017a8   0x080017a8   0x0000000e   Code   RO         1796    i.__scatterload_copy  mc_w.l(handlers.o)
    0x080017b6   0x080017b6   0x00000002   Code   RO         1797    i.__scatterload_null  mc_w.l(handlers.o)
    0x080017b8   0x080017b8   0x0000000e   Code   RO         1798    i.__scatterload_zeroinit  mc_w.l(handlers.o)
    0x080017c6   0x080017c6   0x00000002   PAD
    0x080017c8   0x080017c8   0x0000001c   Code   RO         1519    i.delayNs           st7735.o
    0x080017e4   0x080017e4   0x00000038   Code   RO         1389    i.delaySetNs        st7735.o
    0x0800181c   0x0800181c   0x0000000c   Code   RO         1391    i.lcd_st7735s_CS_0  st7735.o
    0x08001828   0x08001828   0x0000000c   Code   RO         1392    i.lcd_st7735s_CS_1  st7735.o
    0x08001834   0x08001834   0x0000000c   Code   RO         1394    i.lcd_st7735s_RES_1  st7735.o
    0x08001840   0x08001840   0x00000048   Code   RO         1395    i.lcd_st7735s_at    st7735.o
    0x08001888   0x08001888   0x00000046   Code   RO         1396    i.lcd_st7735s_fillrect  st7735.o
    0x080018ce   0x080018ce   0x00000002   PAD
    0x080018d0   0x080018d0   0x00000050   Code   RO         1398    i.lcd_st7735s_img8  st7735.o
    0x08001920   0x08001920   0x00000054   Code   RO         1399    i.lcd_st7735s_init  st7735.o
    0x08001974   0x08001974   0x00000014   Code   RO         1401    i.lcd_st7735s_putpix  st7735.o
    0x08001988   0x08001988   0x00000010   Code   RO         1403    i.lcd_st7735s_send  st7735.o
    0x08001998   0x08001998   0x0000000c   Code   RO         1404    i.lcd_st7735s_send_cmd  st7735.o
    0x080019a4   0x080019a4   0x00000010   Code   RO         1405    i.lcd_st7735s_send_data  st7735.o
    0x080019b4   0x080019b4   0x0000015c   Code   RO           19    i.main              main.o
    0x08001b10   0x08001b10   0x00000016   Code   RO         1559    i.rs485_StartUp     rs485.o
    0x08001b26   0x08001b26   0x00000002   PAD
    0x08001b28   0x08001b28   0x000000b4   Code   RO         1406    i.st7735_StartUp    st7735.o
    0x08001bdc   0x08001bdc   0x00000007   Data   RO          400    .constdata          usart.o
    0x08001be3   0x08001be3   0x00000010   Data   RO         1141    .constdata          system_stm32f3xx.o
    0x08001bf3   0x08001bf3   0x00000008   Data   RO         1142    .constdata          system_stm32f3xx.o
    0x08001bfb   0x08001bfb   0x0000030c   Data   RO         1177    .constdata          digits.o
    0x08001f07   0x08001f07   0x0000030c   Data   RO         1178    .constdata          digits.o
    0x08002213   0x08002213   0x0000030c   Data   RO         1179    .constdata          digits.o
    0x0800251f   0x0800251f   0x0000030c   Data   RO         1180    .constdata          digits.o
    0x0800282b   0x0800282b   0x0000030c   Data   RO         1181    .constdata          digits.o
    0x08002b37   0x08002b37   0x0000030c   Data   RO         1182    .constdata          digits.o
    0x08002e43   0x08002e43   0x0000030c   Data   RO         1183    .constdata          digits.o
    0x0800314f   0x0800314f   0x0000030c   Data   RO         1184    .constdata          digits.o
    0x0800345b   0x0800345b   0x0000030c   Data   RO         1185    .constdata          digits.o
    0x08003767   0x08003767   0x0000030c   Data   RO         1186    .constdata          digits.o
    0x08003a73   0x08003a73   0x0000029a   Data   RO         1187    .constdata          digits.o
    0x08003d0d   0x08003d0d   0x00000b98   Data   RO         1188    .constdata          digits.o
    0x080048a5   0x080048a5   0x000008c0   Data   RO         1189    .constdata          digits.o
    0x08005165   0x08005165   0x000000f0   Data   RO         1190    .constdata          digits.o
    0x08005255   0x08005255   0x00005000   Data   RO         1191    .constdata          digits.o
    0x0800a255   0x0800a255   0x00005000   Data   RO         1192    .constdata          digits.o
    0x0800f255   0x0800f255   0x00000001   PAD
    0x0800f256   0x0800f256   0x00000200   Data   RO         1407    .constdata          st7735.o
    0x0800f456   0x0800f456   0x00000017   Data   RO         1560    .constdata          rs485.o
    0x0800f46d   0x0800f46d   0x00000003   PAD
    0x0800f470   0x0800f470   0x00000020   Data   RO         1794    Region$$Table       anon$$obj.o


    Execution Region RW_IRAM2 (Exec base: 0x10000000, Load base: 0x0800f56c, Size: 0x00000000, Max: 0x00001000, ABSOLUTE)

    **** No section assigned to this execution region ****


    Execution Region RW_IRAM1 (Exec base: 0x20000000, Load base: 0x0800f490, Size: 0x00000500, Max: 0x00003000, ABSOLUTE)

    Exec Addr    Load Addr    Size         Type   Attr      Idx    E Section Name        Object

    0x20000000   0x0800f490   0x00000002   Data   RW          476    .data               stm32f3xx_it.o
    0x20000002   0x0800f492   0x00000002   PAD
    0x20000004   0x0800f494   0x00000004   Data   RW         1143    .data               system_stm32f3xx.o
    0x20000008   0x0800f498   0x00000001   Data   RW         1193    .data               digits.o
    0x20000009   0x0800f499   0x00000001   Data   RW         1194    .data               digits.o
    0x2000000a   0x0800f49a   0x00000001   Data   RW         1195    .data               digits.o
    0x2000000b   0x0800f49b   0x00000001   Data   RW         1196    .data               digits.o
    0x2000000c   0x0800f49c   0x00000001   Data   RW         1197    .data               digits.o
    0x2000000d   0x0800f49d   0x00000001   Data   RW         1198    .data               digits.o
    0x2000000e   0x0800f49e   0x00000001   Data   RW         1199    .data               digits.o
    0x2000000f   0x0800f49f   0x00000001   Data   RW         1200    .data               digits.o
    0x20000010   0x0800f4a0   0x00000001   Data   RW         1201    .data               digits.o
    0x20000011   0x0800f4a1   0x00000001   Data   RW         1202    .data               digits.o
    0x20000012   0x0800f4a2   0x00000001   Data   RW         1203    .data               digits.o
    0x20000013   0x0800f4a3   0x00000001   Data   RW         1204    .data               digits.o
    0x20000014   0x0800f4a4   0x00000001   Data   RW         1205    .data               digits.o
    0x20000015   0x0800f4a5   0x00000001   Data   RW         1206    .data               digits.o
    0x20000016   0x0800f4a6   0x00000001   Data   RW         1207    .data               digits.o
    0x20000017   0x0800f4a7   0x00000001   Data   RW         1208    .data               digits.o
    0x20000018   0x0800f4a8   0x00000001   Data   RW         1209    .data               digits.o
    0x20000019   0x0800f4a9   0x00000001   Data   RW         1210    .data               digits.o
    0x2000001a   0x0800f4aa   0x00000001   Data   RW         1211    .data               digits.o
    0x2000001b   0x0800f4ab   0x00000001   Data   RW         1212    .data               digits.o
    0x2000001c   0x0800f4ac   0x00000001   Data   RW         1213    .data               digits.o
    0x2000001d   0x0800f4ad   0x00000001   Data   RW         1214    .data               digits.o
    0x2000001e   0x0800f4ae   0x00000001   Data   RW         1215    .data               digits.o
    0x2000001f   0x0800f4af   0x00000001   Data   RW         1216    .data               digits.o
    0x20000020   0x0800f4b0   0x00000001   Data   RW         1217    .data               digits.o
    0x20000021   0x0800f4b1   0x00000001   Data   RW         1218    .data               digits.o
    0x20000022   0x0800f4b2   0x00000001   Data   RW         1219    .data               digits.o
    0x20000023   0x0800f4b3   0x00000001   Data   RW         1220    .data               digits.o
    0x20000024   0x0800f4b4   0x00000001   Data   RW         1221    .data               digits.o
    0x20000025   0x0800f4b5   0x00000001   Data   RW         1222    .data               digits.o
    0x20000026   0x0800f4b6   0x00000001   Data   RW         1223    .data               digits.o
    0x20000027   0x0800f4b7   0x00000001   Data   RW         1224    .data               digits.o
    0x20000028   0x0800f4b8   0x00000001   Data   RW         1251    .data               periphery.o
    0x20000029   0x0800f4b9   0x00000003   PAD
    0x2000002c   0x0800f4bc   0x00000080   Data   RW         1408    .data               st7735.o
    0x200000ac   0x0800f53c   0x00000020   Data   RW         1684    .data               config.o
    0x200000cc   0x0800f55c   0x00000001   Data   RW         1687    .data               config.o
    0x200000cd   0x0800f55d   0x00000001   Data   RW         1688    .data               config.o
    0x200000ce   0x0800f55e   0x00000001   Data   RW         1689    .data               config.o
    0x200000cf   0x0800f55f   0x00000001   PAD
    0x200000d0   0x0800f560   0x00000004   Data   RW         1690    .data               config.o
    0x200000d4   0x0800f564   0x00000004   Data   RW         1691    .data               config.o
    0x200000d8   0x0800f568   0x00000001   Data   RW         1692    .data               config.o
    0x200000d9   0x0800f569   0x00000003   PAD
    0x200000dc        -       0x00000020   Zero   RW         1683    .bss                config.o
    0x200000fc   0x0800f569   0x00000004   PAD
    0x20000100        -       0x00000400   Zero   RW            1    STACK               startup_stm32f334x8.o


==============================================================================

Image component sizes


      Code (inc. data)   RO Data    RW Data    ZI Data      Debug   Object Name

       116         16          0         44         32      34792   config.o
        72         14          0          0          0       3150   crc.o
         0          0      54874         32          0       2593   digits.o
       200         10          0          0          0      30857   dma.o
       208         14          0          0          0      22571   gpio.o
       648         44          0          0          0     613939   main.o
       310         14          0          1          0      37285   periphery.o
       128         16          0          0          0       2711   power.o
       738         94         23          0          0      40578   rs485.o
         0          0          0          0          0       4028   seg_display.o
       164         10          0          0          0      11483   spi.o
      1502        180        512        128          0      19996   st7735.o
        36          8        392          0       1024        864   startup_stm32f334x8.o
       260         34          0          2          0      44122   stm32f3xx_it.o
        76          8          0          0          0        629   stm32f3xx_ll_exti.o
       318          0          0          0          0       7155   stm32f3xx_ll_gpio.o
       312         54          0          0          0      20698   stm32f3xx_ll_rcc.o
       110          0          0          0          0      11394   stm32f3xx_ll_spi.o
       132         20          0          0          0      38738   stm32f3xx_ll_tim.o
       180         18          0          0          0      21500   stm32f3xx_ll_usart.o
        68          6          0          0          0       6405   stm32f3xx_ll_utils.o
        16          4         24          4          0       1219   system_stm32f3xx.o
       496         36          0          0          0      38249   tim.o
       496         40          7          0          0      34290   usart.o

    ----------------------------------------------------------------------
      6612        640      55868        220       1060    1049246   Object Totals
         0          0         32          0          0          0   (incl. Generated)
        26          0          4          9          4          0   (incl. Padding)

    ----------------------------------------------------------------------

      Code (inc. data)   RO Data    RW Data    ZI Data      Debug   Library Member Name

         0          0          0          0          0          0   entry.o
         0          0          0          0          0          0   entry10a.o
         0          0          0          0          0          0   entry11a.o
         4          0          0          0          0          0   entry12b.o
         8          4          0          0          0          0   entry2.o
         4          0          0          0          0          0   entry5.o
         0          0          0          0          0          0   entry7b.o
         0          0          0          0          0          0   entry8b.o
         8          4          0          0          0          0   entry9a.o
        30          0          0          0          0          0   handlers.o
        36          8          0          0          0         68   init.o
        36          0          0          0          0        108   memseta.o

    ----------------------------------------------------------------------
       128         16          0          0          0        176   Library Totals
         2          0          0          0          0          0   (incl. Padding)

    ----------------------------------------------------------------------

      Code (inc. data)   RO Data    RW Data    ZI Data      Debug   Library Name

       126         16          0          0          0        176   mc_w.l

    ----------------------------------------------------------------------
       128         16          0          0          0        176   Library Totals

    ----------------------------------------------------------------------

==============================================================================


      Code (inc. data)   RO Data    RW Data    ZI Data      Debug   

      6740        656      55868        220       1060    1040826   Grand Totals
      6740        656      55868        220       1060    1040826   ELF Image Totals
      6740        656      55868        220          0          0   ROM Totals

==============================================================================

    Total RO  Size (Code + RO Data)                62608 (  61.14kB)
    Total RW  Size (RW Data + ZI Data)              1280 (   1.25kB)
    Total ROM Size (Code + RO Data + RW Data)      62828 (  61.36kB)

==============================================================================

