Component: ARM Compiler 5.06 update 7 (build 960) Tool: armlink [4d3601]

==============================================================================

Section Cross References

    startup_stm32l072xx.o(RESET) refers to startup_stm32l072xx.o(STACK) for __initial_sp
    startup_stm32l072xx.o(RESET) refers to startup_stm32l072xx.o(.text) for Reset_Handler
    startup_stm32l072xx.o(RESET) refers to stm32l0xx_it.o(i.NMI_Handler) for NMI_Handler
    startup_stm32l072xx.o(RESET) refers to stm32l0xx_it.o(i.HardFault_Handler) for HardFault_Handler
    startup_stm32l072xx.o(RESET) refers to stm32l0xx_it.o(i.SVC_Handler) for SVC_Handler
    startup_stm32l072xx.o(RESET) refers to stm32l0xx_it.o(i.PendSV_Handler) for PendSV_Handler
    startup_stm32l072xx.o(RESET) refers to stm32l0xx_it.o(i.SysTick_Handler) for SysTick_Handler
    startup_stm32l072xx.o(RESET) refers to stm32l0xx_it.o(i.TIM2_IRQHandler) for TIM2_IRQHandler
    startup_stm32l072xx.o(RESET) refers to stm32l0xx_it.o(i.TIM6_DAC_IRQHandler) for TIM6_DAC_IRQHandler
    startup_stm32l072xx.o(RESET) refers to stm32l0xx_it.o(i.TIM21_IRQHandler) for TIM21_IRQHandler
    startup_stm32l072xx.o(RESET) refers to stm32l0xx_it.o(i.TIM22_IRQHandler) for TIM22_IRQHandler
    startup_stm32l072xx.o(RESET) refers to stm32l0xx_it.o(i.SPI1_IRQHandler) for SPI1_IRQHandler
    startup_stm32l072xx.o(RESET) refers to stm32l0xx_it.o(i.USART1_IRQHandler) for USART1_IRQHandler
    startup_stm32l072xx.o(.text) refers to system_stm32l0xx.o(i.SystemInit) for SystemInit
    startup_stm32l072xx.o(.text) refers to entry.o(.ARM.Collect$$$$00000000) for __main
    main.o(i.SystemClock_Config) refers to stm32l0xx_ll_utils.o(i.LL_SetSystemCoreClock) for LL_SetSystemCoreClock
    main.o(i.SystemClock_Config) refers to stm32l0xx_hal.o(i.HAL_InitTick) for HAL_InitTick
    main.o(i.main) refers to stm32l0xx_hal.o(i.HAL_Init) for HAL_Init
    main.o(i.main) refers to main.o(i.SystemClock_Config) for SystemClock_Config
    main.o(i.main) refers to gpio.o(i.MX_GPIO_Init) for MX_GPIO_Init
    main.o(i.main) refers to tim.o(i.MX_TIM2_Init) for MX_TIM2_Init
    main.o(i.main) refers to tim.o(i.MX_TIM3_Init) for MX_TIM3_Init
    main.o(i.main) refers to tim.o(i.MX_TIM6_Init) for MX_TIM6_Init
    main.o(i.main) refers to tim.o(i.MX_TIM21_Init) for MX_TIM21_Init
    main.o(i.main) refers to tim.o(i.MX_TIM22_Init) for MX_TIM22_Init
    main.o(i.main) refers to usart.o(i.MX_USART1_UART_Init) for MX_USART1_UART_Init
    main.o(i.main) refers to adc.o(i.MX_ADC_Init) for MX_ADC_Init
    main.o(i.main) refers to spi.o(i.MX_SPI1_Init) for MX_SPI1_Init
    main.o(i.main) refers to config.o(i.StartUpConfig) for StartUpConfig
    main.o(i.main) refers to periphery.o(i.SwitchControl) for SwitchControl
    main.o(i.main) refers to periphery.o(i.ButtonFlagControl) for ButtonFlagControl
    main.o(i.main) refers to rs485.o(i.RingBuffer_tryread) for RingBuffer_tryread
    main.o(i.main) refers to rs485.o(.data) for RingBuffer_flag
    gpio.o(i.MX_GPIO_Init) refers to memseta.o(.text) for __aeabi_memclr4
    gpio.o(i.MX_GPIO_Init) refers to gpio.o(i.LL_IOP_GRP1_EnableClock) for LL_IOP_GRP1_EnableClock
    gpio.o(i.MX_GPIO_Init) refers to stm32l0xx_ll_gpio.o(i.LL_GPIO_Init) for LL_GPIO_Init
    adc.o(i.MX_ADC_Init) refers to memseta.o(.text) for __aeabi_memclr4
    adc.o(i.MX_ADC_Init) refers to stm32l0xx_ll_gpio.o(i.LL_GPIO_Init) for LL_GPIO_Init
    adc.o(i.MX_ADC_Init) refers to stm32l0xx_ll_adc.o(i.LL_ADC_REG_Init) for LL_ADC_REG_Init
    adc.o(i.MX_ADC_Init) refers to stm32l0xx_ll_adc.o(i.LL_ADC_Init) for LL_ADC_Init
    adc.o(i.MX_ADC_Init) refers to uidiv.o(.text) for __aeabi_uidivmod
    adc.o(i.MX_ADC_Init) refers to system_stm32l0xx.o(.data) for SystemCoreClock
    spi.o(i.HAL_SPI_MspDeInit) refers to stm32l0xx_hal_gpio.o(i.HAL_GPIO_DeInit) for HAL_GPIO_DeInit
    spi.o(i.HAL_SPI_MspDeInit) refers to stm32l0xx_hal_cortex.o(i.HAL_NVIC_DisableIRQ) for HAL_NVIC_DisableIRQ
    spi.o(i.HAL_SPI_MspInit) refers to memseta.o(.text) for __aeabi_memclr4
    spi.o(i.HAL_SPI_MspInit) refers to stm32l0xx_hal_gpio.o(i.HAL_GPIO_Init) for HAL_GPIO_Init
    spi.o(i.HAL_SPI_MspInit) refers to stm32l0xx_hal_cortex.o(i.HAL_NVIC_SetPriority) for HAL_NVIC_SetPriority
    spi.o(i.HAL_SPI_MspInit) refers to stm32l0xx_hal_cortex.o(i.HAL_NVIC_EnableIRQ) for HAL_NVIC_EnableIRQ
    spi.o(i.MX_SPI1_Init) refers to stm32l0xx_hal_spi.o(i.HAL_SPI_Init) for HAL_SPI_Init
    spi.o(i.MX_SPI1_Init) refers to main.o(i.Error_Handler) for Error_Handler
    spi.o(i.MX_SPI1_Init) refers to spi.o(.bss) for .bss
    tim.o(i.MX_TIM21_Init) refers to tim.o(i.LL_APB2_GRP1_EnableClock) for LL_APB2_GRP1_EnableClock
    tim.o(i.MX_TIM21_Init) refers to tim.o(i.__NVIC_SetPriority) for __NVIC_SetPriority
    tim.o(i.MX_TIM21_Init) refers to tim.o(i.__NVIC_EnableIRQ) for __NVIC_EnableIRQ
    tim.o(i.MX_TIM21_Init) refers to stm32l0xx_ll_tim.o(i.LL_TIM_Init) for LL_TIM_Init
[...]
    ../clib/microlib/division.c              0x00000000   Number         0  uldiv.o ABSOLUTE
    ../clib/microlib/division.c              0x00000000   Number         0  uidiv.o ABSOLUTE
    ../clib/microlib/init/entry.s            0x00000000   Number         0  entry10b.o ABSOLUTE
    ../clib/microlib/init/entry.s            0x00000000   Number         0  entry11b.o ABSOLUTE
    ../clib/microlib/init/entry.s            0x00000000   Number         0  entry12a.o ABSOLUTE
    ../clib/microlib/init/entry.s            0x00000000   Number         0  entry12b.o ABSOLUTE
    ../clib/microlib/init/entry.s            0x00000000   Number         0  entry.o ABSOLUTE
    ../clib/microlib/init/entry.s            0x00000000   Number         0  entry11a.o ABSOLUTE
    ../clib/microlib/init/entry.s            0x00000000   Number         0  entry2.o ABSOLUTE
    ../clib/microlib/init/entry.s            0x00000000   Number         0  entry5.o ABSOLUTE
    ../clib/microlib/init/entry.s            0x00000000   Number         0  entry7a.o ABSOLUTE
    ../clib/microlib/init/entry.s            0x00000000   Number         0  entry7b.o ABSOLUTE
    ../clib/microlib/init/entry.s            0x00000000   Number         0  entry8a.o ABSOLUTE
    ../clib/microlib/init/entry.s            0x00000000   Number         0  entry8b.o ABSOLUTE
    ../clib/microlib/init/entry.s            0x00000000   Number         0  entry9a.o ABSOLUTE
    ../clib/microlib/init/entry.s            0x00000000   Number         0  entry9b.o ABSOLUTE
    ../clib/microlib/init/entry.s            0x00000000   Number         0  entry10a.o ABSOLUTE
    ../clib/microlib/longlong.c              0x00000000   Number         0  llshl.o ABSOLUTE
    ../clib/microlib/longlong.c              0x00000000   Number         0  llsshr.o ABSOLUTE
    ../clib/microlib/longlong.c              0x00000000   Number         0  llushr.o ABSOLUTE
    ../clib/microlib/string/memset.c         0x00000000   Number         0  memseta.o ABSOLUTE
    ../clib/microlib/stubs.s                 0x00000000   Number         0  iusefp.o ABSOLUTE
    ../fplib/microlib/d2f.c                  0x00000000   Number         0  d2f.o ABSOLUTE
    ../fplib/microlib/f2d.c                  0x00000000   Number         0  f2d.o ABSOLUTE
    ../fplib/microlib/fpadd.c                0x00000000   Number         0  dadd.o ABSOLUTE
    ../fplib/microlib/fpdiv.c                0x00000000   Number         0  ddiv.o ABSOLUTE
    ../fplib/microlib/fpepilogue.c           0x00000000   Number         0  depilogue.o ABSOLUTE
    ../fplib/microlib/fpepilogue.c           0x00000000   Number         0  fepilogue.o ABSOLUTE
    ../fplib/microlib/fpfix.c                0x00000000   Number         0  dfixui.o ABSOLUTE
    ../fplib/microlib/fpflt.c                0x00000000   Number         0  dfltui.o ABSOLUTE
    ../fplib/microlib/fpflt.c                0x00000000   Number         0  dflti.o ABSOLUTE
    ../fplib/microlib/fpmul.c                0x00000000   Number         0  dmul.o ABSOLUTE
    ../fplib/microlib/fpscalb.c              0x00000000   Number         0  dscalb.o ABSOLUTE
    ..\Core\Src\adc.c                        0x00000000   Number         0  adc.o ABSOLUTE
    ..\Core\Src\gpio.c                       0x00000000   Number         0  gpio.o ABSOLUTE
    ..\Core\Src\main.c                       0x00000000   Number         0  main.o ABSOLUTE
    ..\Core\Src\spi.c                        0x00000000   Number         0  spi.o ABSOLUTE
    ..\Core\Src\stm32l0xx_hal_msp.c          0x00000000   Number         0  stm32l0xx_hal_msp.o ABSOLUTE
    ..\Core\Src\stm32l0xx_it.c               0x00000000   Number         0  stm32l0xx_it.o ABSOLUTE
    ..\Core\Src\system_stm32l0xx.c           0x00000000   Number         0  system_stm32l0xx.o ABSOLUTE
    ..\Core\Src\tim.c                        0x00000000   Number         0  tim.o ABSOLUTE
    ..\Core\Src\usart.c                      0x00000000   Number         0  usart.o ABSOLUTE
    ..\Drivers\STM32L0xx_HAL_Driver\Src\stm32l0xx_hal.c 0x00000000   Number         0  stm32l0xx_hal.o ABSOLUTE
    ..\Drivers\STM32L0xx_HAL_Driver\Src\stm32l0xx_hal_cortex.c 0x00000000   Number         0  stm32l0xx_hal_cortex.o ABSOLUTE
    ..\Drivers\STM32L0xx_HAL_Driver\Src\stm32l0xx_hal_dma.c 0x00000000   Number         0  stm32l0xx_hal_dma.o ABSOLUTE
    ..\Drivers\STM32L0xx_HAL_Driver\Src\stm32l0xx_hal_exti.c 0x00000000   Number         0  stm32l0xx_hal_exti.o ABSOLUTE
    ..\Drivers\STM32L0xx_HAL_Driver\Src\stm32l0xx_hal_flash.c 0x00000000   Number         0  stm32l0xx_hal_flash.o ABSOLUTE
    ..\Drivers\STM32L0xx_HAL_Driver\Src\stm32l0xx_hal_flash_ex.c 0x00000000   Number         0  stm32l0xx_hal_flash_ex.o ABSOLUTE
    ..\Drivers\STM32L0xx_HAL_Driver\Src\stm32l0xx_hal_flash_ramfunc.c 0x00000000   Number         0  stm32l0xx_hal_flash_ramfunc.o ABSOLUTE
    ..\Drivers\STM32L0xx_HAL_Driver\Src\stm32l0xx_hal_gpio.c 0x00000000   Number         0  stm32l0xx_hal_gpio.o ABSOLUTE
    ..\Drivers\STM32L0xx_HAL_Driver\Src\stm32l0xx_hal_i2c.c 0x00000000   Number         0  stm32l0xx_hal_i2c.o ABSOLUTE
    ..\Drivers\STM32L0xx_HAL_Driver\Src\stm32l0xx_hal_i2c_ex.c 0x00000000   Number         0  stm32l0xx_hal_i2c_ex.o ABSOLUTE
    ..\Drivers\STM32L0xx_HAL_Driver\Src\stm32l0xx_hal_pwr.c 0x00000000   Number         0  stm32l0xx_hal_pwr.o ABSOLUTE
    ..\Drivers\STM32L0xx_HAL_Driver\Src\stm32l0xx_hal_pwr_ex.c 0x00000000   Number         0  stm32l0xx_hal_pwr_ex.o ABSOLUTE
    ..\Drivers\STM32L0xx_HAL_Driver\Src\stm32l0xx_hal_rcc.c 0x00000000   Number         0  stm32l0xx_hal_rcc.o ABSOLUTE
    ..\Drivers\STM32L0xx_HAL_Driver\Src\stm32l0xx_hal_rcc_ex.c 0x00000000   Number         0  stm32l0xx_hal_rcc_ex.o ABSOLUTE
    ..\Drivers\STM32L0xx_HAL_Driver\Src\stm32l0xx_hal_spi.c 0x00000000   Number         0  stm32l0xx_hal_spi.o ABSOLUTE
    ..\Drivers\STM32L0xx_HAL_Driver\Src\stm32l0xx_hal_tim.c 0x00000000   Number         0  stm32l0xx_hal_tim.o ABSOLUTE
    ..\Drivers\STM32L0xx_HAL_Driver\Src\stm32l0xx_hal_tim_ex.c 0x00000000   Number         0  stm32l0xx_hal_tim_ex.o ABSOLUTE
    ..\Drivers\STM32L0xx_HAL_Driver\Src\stm32l0xx_ll_adc.c 0x00000000   Number         0  stm32l0xx_ll_adc.o ABSOLUTE
    ..\Drivers\STM32L0xx_HAL_Driver\Src\stm32l0xx_ll_dma.c 0x00000000   Number         0  stm32l0xx_ll_dma.o ABSOLUTE
    ..\Drivers\STM32L0xx_HAL_Driver\Src\stm32l0xx_ll_exti.c 0x00000000   Number         0  stm32l0xx_ll_exti.o ABSOLUTE
    ..\Drivers\STM32L0xx_HAL_Driver\Src\stm32l0xx_ll_gpio.c 0x00000000   Number         0  stm32l0xx_ll_gpio.o ABSOLUTE
    ..\Drivers\STM32L0xx_HAL_Driver\Src\stm32l0xx_ll_rcc.c 0x00000000   Number         0  stm32l0xx_ll_rcc.o ABSOLUTE
    ..\Drivers\STM32L0xx_HAL_Driver\Src\stm32l0xx_ll_tim.c 0x00000000   Number         0  stm32l0xx_ll_tim.o ABSOLUTE
    ..\Drivers\STM32L0xx_HAL_Driver\Src\stm32l0xx_ll_usart.c 0x00000000   Number         0  stm32l0xx_ll_usart.o ABSOLUTE
    ..\Drivers\STM32L0xx_HAL_Driver\Src\stm32l0xx_ll_utils.c 0x00000000   Number         0  stm32l0xx_ll_utils.o ABSOLUTE
    ..\User\Src\CurrentBDC.c                 0x00000000   Number         0  currentbdc.o ABSOLUTE
    ..\User\Src\bdc_motor.c                  0x00000000   Number         0  bdc_motor.o ABSOLUTE
    ..\User\Src\config.c                     0x00000000   Number         0  config.o ABSOLUTE
    ..\User\Src\flash_work.c                 0x00000000   Number         0  flash_work.o ABSOLUTE
    ..\User\Src\ina239_power.c               0x00000000   Number         0  ina239_power.o ABSOLUTE
    ..\User\Src\periphery.c                  0x00000000   Number         0  periphery.o ABSOLUTE
    ..\User\Src\power.c                      0x00000000   Number         0  power.o ABSOLUTE
    ..\User\Src\rs485.c                      0x00000000   Number         0  rs485.o ABSOLUTE
    ..\User\Src\step_motor.c                 0x00000000   Number         0  step_motor.o ABSOLUTE
    ..\\User\\Src\\CurrentBDC.c              0x00000000   Number         0  currentbdc.o ABSOLUTE
    ..\\User\\Src\\bdc_motor.c               0x00000000   Number         0  bdc_motor.o ABSOLUTE
    ..\\User\\Src\\config.c                  0x00000000   Number         0  config.o ABSOLUTE
    ..\\User\\Src\\flash_work.c              0x00000000   Number         0  flash_work.o ABSOLUTE
    ..\\User\\Src\\ina239_power.c            0x00000000   Number         0  ina239_power.o ABSOLUTE
    ..\\User\\Src\\periphery.c               0x00000000   Number         0  periphery.o ABSOLUTE
    ..\\User\\Src\\power.c                   0x00000000   Number         0  power.o ABSOLUTE
    ..\\User\\Src\\rs485.c                   0x00000000   Number         0  rs485.o ABSOLUTE
    ..\\User\\Src\\step_motor.c              0x00000000   Number         0  step_motor.o ABSOLUTE
    dc.s                                     0x00000000   Number         0  dc.o ABSOLUTE
    handlers.s                               0x00000000   Number         0  handlers.o ABSOLUTE
    init.s                                   0x00000000   Number         0  init.o ABSOLUTE
    startup_stm32l072xx.s                    0x00000000   Number         0  startup_stm32l072xx.o ABSOLUTE
    RESET                                    0x08000000   Section      192  startup_stm32l072xx.o(RESET)
    .ARM.Collect$$$$00000000                 0x080000c0   Section        0  entry.o(.ARM.Collect$$$$00000000)
    .ARM.Collect$$$$00000001                 0x080000c0   Section        4  entry2.o(.ARM.Collect$$$$00000001)
    .ARM.Collect$$$$00000004                 0x080000c4   Section        4  entry5.o(.ARM.Collect$$$$00000004)
    .ARM.Collect$$$$00000008                 0x080000c8   Section        0  entry7b.o(.ARM.Collect$$$$00000008)
    .ARM.Collect$$$$0000000A                 0x080000c8   Section        0  entry8b.o(.ARM.Collect$$$$0000000A)
    .ARM.Collect$$$$0000000B                 0x080000c8   Section        8  entry9a.o(.ARM.Collect$$$$0000000B)
    .ARM.Collect$$$$0000000E                 0x080000d0   Section        4  entry12b.o(.ARM.Collect$$$$0000000E)
    .ARM.Collect$$$$0000000F                 0x080000d4   Section        0  entry10a.o(.ARM.Collect$$$$0000000F)
    .ARM.Collect$$$$00000011                 0x080000d4   Section        0  entry11a.o(.ARM.Collect$$$$00000011)
    .ARM.Collect$$$$00002712                 0x080000d4   Section        4  entry2.o(.ARM.Collect$$$$00002712)
    __lit__00000000                          0x080000d4   Data           4  entry2.o(.ARM.Collect$$$$00002712)
    .text                                    0x080000d8   Section       28  startup_stm32l072xx.o(.text)
    .text                                    0x080000f4   Section        0  uidiv.o(.text)
    .text                                    0x08000120   Section        0  memseta.o(.text)
    .text                                    0x08000144   Section        0  dadd.o(.text)
    .text                                    0x080002ac   Section        0  dmul.o(.text)
    .text                                    0x0800037c   Section        0  ddiv.o(.text)
    .text                                    0x0800046c   Section        0  dflti.o(.text)
    .text                                    0x08000494   Section        0  dfltui.o(.text)
    .text                                    0x080004b0   Section        0  dfixui.o(.text)
    .text                                    0x080004ec   Section        0  f2d.o(.text)
    .text                                    0x08000514   Section        0  d2f.o(.text)
    .text                                    0x0800054c   Section        0  llshl.o(.text)
    .text                                    0x0800056c   Section        0  llushr.o(.text)
    .text                                    0x0800058e   Section        0  llsshr.o(.text)
    .text                                    0x080005b4   Section        0  fepilogue.o(.text)
    .text                                    0x080005b4   Section        0  iusefp.o(.text)
    .text                                    0x08000636   Section        0  depilogue.o(.text)
    .text                                    0x080006f4   Section       36  init.o(.text)
    i.Acceleration_IRQHandler_Callback       0x08000718   Section        0  step_motor.o(i.Acceleration_IRQHandler_Callback)
    i.BatPercentCalc                         0x08000788   Section        0  ina239_power.o(i.BatPercentCalc)
    i.ButtonFlagControl                      0x080007ec   Section        0  periphery.o(i.ButtonFlagControl)
    i.CurrentBDC_GET                         0x08000a54   Section        0  currentbdc.o(i.CurrentBDC_GET)
    i.CurrentBDC_StartUp                     0x08000ad0   Section        0  currentbdc.o(i.CurrentBDC_StartUp)
    i.Encoder_IRQHandler_Callback            0x08000b18   Section        0  bdc_motor.o(i.Encoder_IRQHandler_Callback)
    i.Error_Handler                          0x08000b60   Section        0  main.o(i.Error_Handler)
    i.FLASH_PageErase                        0x08000b64   Section        0  stm32l0xx_hal_flash_ex.o(i.FLASH_PageErase)
    i.FLASH_SetErrorCode                     0x08000b90   Section        0  stm32l0xx_hal_flash.o(i.FLASH_SetErrorCode)
    FLASH_SetErrorCode                       0x08000b91   Thumb Code   134  stm32l0xx_hal_flash.o(i.FLASH_SetErrorCode)
    i.FLASH_WaitForLastOperation             0x08000c20   Section        0  stm32l0xx_hal_flash.o(i.FLASH_WaitForLastOperation)
    i.FloatToUint                            0x08000c90   Section        0  flash_work.o(i.FloatToUint)
    i.HAL_DMA_Abort_IT                       0x08000c92   Section        0  stm32l0xx_hal_dma.o(i.HAL_DMA_Abort_IT)
    i.HAL_FLASHEx_Erase                      0x08000ce0   Section        0  stm32l0xx_hal_flash_ex.o(i.HAL_FLASHEx_Erase)
    i.HAL_FLASH_Program                      0x08000e10   Section        0  stm32l0xx_hal_flash.o(i.HAL_FLASH_Program)
    i.HAL_FLASH_Unlock                       0x08000eb4   Section        0  stm32l0xx_hal_flash.o(i.HAL_FLASH_Unlock)
    i.HAL_GPIO_Init                          0x08000f10   Section        0  stm32l0xx_hal_gpio.o(i.HAL_GPIO_Init)
    i.HAL_GetTick                            0x08001200   Section        0  stm32l0xx_hal.o(i.HAL_GetTick)
    i.HAL_IncTick                            0x0800120c   Section        0  stm32l0xx_hal.o(i.HAL_IncTick)
    i.HAL_Init                               0x0800121c   Section        0  stm32l0xx_hal.o(i.HAL_Init)
    i.HAL_InitTick                           0x08001244   Section        0  stm32l0xx_hal.o(i.HAL_InitTick)
    i.HAL_MspInit                            0x08001288   Section        0  stm32l0xx_hal_msp.o(i.HAL_MspInit)
    i.HAL_NVIC_EnableIRQ                     0x080012cc   Section        0  stm32l0xx_hal_cortex.o(i.HAL_NVIC_EnableIRQ)
    i.HAL_NVIC_SetPriority                   0x0800132c   Section        0  stm32l0xx_hal_cortex.o(i.HAL_NVIC_SetPriority)
    i.HAL_PWR_ConfigPVD                      0x08001384   Section        0  stm32l0xx_hal_pwr.o(i.HAL_PWR_ConfigPVD)
    i.HAL_PWR_EnablePVD                      0x08001490   Section        0  stm32l0xx_hal_pwr.o(i.HAL_PWR_EnablePVD)
    i.HAL_SPI_ErrorCallback                  0x080014a0   Section        0  stm32l0xx_hal_spi.o(i.HAL_SPI_ErrorCallback)
    i.HAL_SPI_IRQHandler                     0x080014a4   Section        0  stm32l0xx_hal_spi.o(i.HAL_SPI_IRQHandler)
    i.HAL_SPI_Init                           0x0800159c   Section        0  stm32l0xx_hal_spi.o(i.HAL_SPI_Init)
    i.HAL_SPI_MspInit                        0x080017f0   Section        0  spi.o(i.HAL_SPI_MspInit)
    i.HAL_SPI_Receive                        0x08001858   Section        0  stm32l0xx_hal_spi.o(i.HAL_SPI_Receive)
    i.HAL_SPI_Transmit                       0x080019f4   Section        0  stm32l0xx_hal_spi.o(i.HAL_SPI_Transmit)
    i.HAL_SPI_TransmitReceive                0x08001bbc   Section        0  stm32l0xx_hal_spi.o(i.HAL_SPI_TransmitReceive)
    i.HAL_SYSTICK_Config                     0x08001e1c   Section        0  stm32l0xx_hal_cortex.o(i.HAL_SYSTICK_Config)
    i.HardFault_Handler                      0x08001e4c   Section        0  stm32l0xx_it.o(i.HardFault_Handler)
    i.INA_ADCRANGE                           0x08001e50   Section        0  ina239_power.o(i.INA_ADCRANGE)
    i.INA_CONVDLY                            0x08001e68   Section        0  ina239_power.o(i.INA_CONVDLY)
    i.INA_CURRLSB                            0x08001e7c   Section        0  ina239_power.o(i.INA_CURRLSB)
    i.INA_INIT                               0x08001e9c   Section        0  ina239_power.o(i.INA_INIT)
    i.INA_MODE                               0x08001ee8   Section        0  ina239_power.o(i.INA_MODE)
    i.INA_SysRESET                           0x08001efc   Section        0  ina239_power.o(i.INA_SysRESET)
    i.LL_ADC_Init                            0x08001f0c   Section        0  stm32l0xx_ll_adc.o(i.LL_ADC_Init)
    i.LL_ADC_REG_Init                        0x08002010   Section        0  stm32l0xx_ll_adc.o(i.LL_ADC_REG_Init)
    i.LL_APB1_GRP1_EnableClock               0x0800215c   Section        0  tim.o(i.LL_APB1_GRP1_EnableClock)
    LL_APB1_GRP1_EnableClock                 0x0800215d   Thumb Code    18  tim.o(i.LL_APB1_GRP1_EnableClock)
    i.LL_APB1_GRP1_ForceReset                0x08002174   Section        0  stm32l0xx_ll_tim.o(i.LL_APB1_GRP1_ForceReset)
    LL_APB1_GRP1_ForceReset                  0x08002175   Thumb Code    10  stm32l0xx_ll_tim.o(i.LL_APB1_GRP1_ForceReset)
    i.LL_APB1_GRP1_ReleaseReset              0x08002184   Section        0  stm32l0xx_ll_tim.o(i.LL_APB1_GRP1_ReleaseReset)
    LL_APB1_GRP1_ReleaseReset                0x08002185   Thumb Code    10  stm32l0xx_ll_tim.o(i.LL_APB1_GRP1_ReleaseReset)
    i.LL_APB2_GRP1_EnableClock               0x08002194   Section        0  tim.o(i.LL_APB2_GRP1_EnableClock)
    LL_APB2_GRP1_EnableClock                 0x08002195   Thumb Code    18  tim.o(i.LL_APB2_GRP1_EnableClock)
    i.LL_GPIO_Init                           0x080021ac   Section        0  stm32l0xx_ll_gpio.o(i.LL_GPIO_Init)
    i.LL_GPIO_IsInputPinSet                  0x08002370   Section        0  periphery.o(i.LL_GPIO_IsInputPinSet)
    LL_GPIO_IsInputPinSet                    0x08002371   Thumb Code    14  periphery.o(i.LL_GPIO_IsInputPinSet)
    i.LL_IOP_GRP1_EnableClock                0x08002380   Section        0  gpio.o(i.LL_IOP_GRP1_EnableClock)
    LL_IOP_GRP1_EnableClock                  0x08002381   Thumb Code    18  gpio.o(i.LL_IOP_GRP1_EnableClock)
    i.LL_IOP_GRP1_EnableClock                0x08002398   Section        0  tim.o(i.LL_IOP_GRP1_EnableClock)
    LL_IOP_GRP1_EnableClock                  0x08002399   Thumb Code    18  tim.o(i.LL_IOP_GRP1_EnableClock)
    i.LL_RCC_GetSystemClocksFreq             0x080023b0   Section        0  stm32l0xx_ll_rcc.o(i.LL_RCC_GetSystemClocksFreq)
    i.LL_RCC_GetUSARTClockFreq               0x080023d0   Section        0  stm32l0xx_ll_rcc.o(i.LL_RCC_GetUSARTClockFreq)
    i.LL_RCC_GetUSARTClockSource             0x080024a0   Section        0  stm32l0xx_ll_rcc.o(i.LL_RCC_GetUSARTClockSource)
    LL_RCC_GetUSARTClockSource               0x080024a1   Thumb Code    12  stm32l0xx_ll_rcc.o(i.LL_RCC_GetUSARTClockSource)
    i.LL_RCC_HSI_IsReady                     0x080024b0   Section        0  stm32l0xx_ll_rcc.o(i.LL_RCC_HSI_IsReady)
    LL_RCC_HSI_IsReady                       0x080024b1   Thumb Code    10  stm32l0xx_ll_rcc.o(i.LL_RCC_HSI_IsReady)
    i.LL_RCC_IsActiveFlag_HSIDIV             0x080024c0   Section        0  stm32l0xx_ll_rcc.o(i.LL_RCC_IsActiveFlag_HSIDIV)
    LL_RCC_IsActiveFlag_HSIDIV               0x080024c1   Thumb Code    10  stm32l0xx_ll_rcc.o(i.LL_RCC_IsActiveFlag_HSIDIV)
    i.LL_RCC_LSE_IsReady                     0x080024d0   Section        0  stm32l0xx_ll_rcc.o(i.LL_RCC_LSE_IsReady)
    LL_RCC_LSE_IsReady                       0x080024d1   Thumb Code    10  stm32l0xx_ll_rcc.o(i.LL_RCC_LSE_IsReady)
    i.LL_SetSystemCoreClock                  0x080024e0   Section        0  stm32l0xx_ll_utils.o(i.LL_SetSystemCoreClock)
    i.LL_TIM_CC_IsEnabledChannel             0x080024ec   Section        0  periphery.o(i.LL_TIM_CC_IsEnabledChannel)
    LL_TIM_CC_IsEnabledChannel               0x080024ed   Thumb Code    14  periphery.o(i.LL_TIM_CC_IsEnabledChannel)
    i.LL_TIM_DeInit                          0x080024fc   Section        0  stm32l0xx_ll_tim.o(i.LL_TIM_DeInit)
    i.LL_TIM_IC_SetActiveInput               0x080025ec   Section        0  bdc_motor.o(i.LL_TIM_IC_SetActiveInput)
    LL_TIM_IC_SetActiveInput                 0x080025ed   Thumb Code    62  bdc_motor.o(i.LL_TIM_IC_SetActiveInput)
    i.LL_TIM_IC_SetFilter                    0x08002630   Section        0  bdc_motor.o(i.LL_TIM_IC_SetFilter)
    LL_TIM_IC_SetFilter                      0x08002631   Thumb Code    62  bdc_motor.o(i.LL_TIM_IC_SetFilter)
    i.LL_TIM_IC_SetPolarity                  0x08002674   Section        0  bdc_motor.o(i.LL_TIM_IC_SetPolarity)
    LL_TIM_IC_SetPolarity                    0x08002675   Thumb Code    50  bdc_motor.o(i.LL_TIM_IC_SetPolarity)
    i.LL_TIM_IC_SetPrescaler                 0x080026ac   Section        0  bdc_motor.o(i.LL_TIM_IC_SetPrescaler)
    LL_TIM_IC_SetPrescaler                   0x080026ad   Thumb Code    62  bdc_motor.o(i.LL_TIM_IC_SetPrescaler)
    i.LL_TIM_Init                            0x080026f0   Section        0  stm32l0xx_ll_tim.o(i.LL_TIM_Init)
    i.LL_TIM_OC_Init                         0x080027fc   Section        0  stm32l0xx_ll_tim.o(i.LL_TIM_OC_Init)
    i.LL_TIM_SetClockSource                  0x08002840   Section        0  tim.o(i.LL_TIM_SetClockSource)
    LL_TIM_SetClockSource                    0x08002841   Thumb Code    12  tim.o(i.LL_TIM_SetClockSource)
    i.LL_TIM_SetTriggerOutput                0x08002850   Section        0  tim.o(i.LL_TIM_SetTriggerOutput)
    LL_TIM_SetTriggerOutput                  0x08002851   Thumb Code    12  tim.o(i.LL_TIM_SetTriggerOutput)
    i.LL_USART_EnableIT_RXNE                 0x0800285c   Section        0  rs485.o(i.LL_USART_EnableIT_RXNE)
    LL_USART_EnableIT_RXNE                   0x0800285d   Thumb Code    24  rs485.o(i.LL_USART_EnableIT_RXNE)
    i.LL_USART_Init                          0x08002874   Section        0  stm32l0xx_ll_usart.o(i.LL_USART_Init)
    i.LL_mDelay                              0x08002a70   Section        0  stm32l0xx_ll_utils.o(i.LL_mDelay)
    i.MOTOR_START_DOWN                       0x08002a90   Section        0  step_motor.o(i.MOTOR_START_DOWN)
    i.MOTOR_START_UP                         0x08002b3c   Section        0  step_motor.o(i.MOTOR_START_UP)
    i.MOTOR_STOP                             0x08002be4   Section        0  step_motor.o(i.MOTOR_STOP)
    i.MX_ADC_Init                            0x08002c70   Section        0  adc.o(i.MX_ADC_Init)
    i.MX_GPIO_Init                           0x08002d64   Section        0  gpio.o(i.MX_GPIO_Init)
    i.MX_SPI1_Init                           0x08002fac   Section        0  spi.o(i.MX_SPI1_Init)
    i.MX_TIM21_Init                          0x08002ff0   Section        0  tim.o(i.MX_TIM21_Init)
    i.MX_TIM22_Init                          0x0800304c   Section        0  tim.o(i.MX_TIM22_Init)
    i.MX_TIM2_Init                           0x080030a8   Section        0  tim.o(i.MX_TIM2_Init)
    i.MX_TIM3_Init                           0x0800312c   Section        0  tim.o(i.MX_TIM3_Init)
    i.MX_TIM6_Init                           0x080031f8   Section        0  tim.o(i.MX_TIM6_Init)
    i.MX_USART1_UART_Init                    0x08003250   Section        0  usart.o(i.MX_USART1_UART_Init)
    i.Motor_Initialization                   0x08003328   Section        0  step_motor.o(i.Motor_Initialization)
    i.NMI_Handler                            0x080033b0   Section        0  stm32l0xx_it.o(i.NMI_Handler)
    i.OC1Config                              0x080033b4   Section        0  stm32l0xx_ll_tim.o(i.OC1Config)
    OC1Config                                0x080033b5   Thumb Code   182  stm32l0xx_ll_tim.o(i.OC1Config)
    i.OC2Config                              0x080034b0   Section        0  stm32l0xx_ll_tim.o(i.OC2Config)
    OC2Config                                0x080034b1   Thumb Code   182  stm32l0xx_ll_tim.o(i.OC2Config)
    i.OC3Config                              0x080035b0   Section        0  stm32l0xx_ll_tim.o(i.OC3Config)
    OC3Config                                0x080035b1   Thumb Code   172  stm32l0xx_ll_tim.o(i.OC3Config)
    i.OC4Config                              0x0800369c   Section        0  stm32l0xx_ll_tim.o(i.OC4Config)
    OC4Config                                0x0800369d   Thumb Code   172  stm32l0xx_ll_tim.o(i.OC4Config)
    i.OFF_STEP_TIMER                         0x08003788   Section        0  step_motor.o(i.OFF_STEP_TIMER)
    i.ON_STEP_TIMER                          0x080037cc   Section        0  step_motor.o(i.ON_STEP_TIMER)
    i.PendSV_Handler                         0x080037fc   Section        0  stm32l0xx_it.o(i.PendSV_Handler)
    i.RCC_GetHCLKClockFreq                   0x08003800   Section        0  stm32l0xx_ll_rcc.o(i.RCC_GetHCLKClockFreq)
    RCC_GetHCLKClockFreq                     0x08003801   Thumb Code    18  stm32l0xx_ll_rcc.o(i.RCC_GetHCLKClockFreq)
    i.RCC_GetPCLK1ClockFreq                  0x0800381c   Section        0  stm32l0xx_ll_rcc.o(i.RCC_GetPCLK1ClockFreq)
    RCC_GetPCLK1ClockFreq                    0x0800381d   Thumb Code    16  stm32l0xx_ll_rcc.o(i.RCC_GetPCLK1ClockFreq)
    i.RCC_GetPCLK2ClockFreq                  0x08003834   Section        0  stm32l0xx_ll_rcc.o(i.RCC_GetPCLK2ClockFreq)
    RCC_GetPCLK2ClockFreq                    0x08003835   Thumb Code    16  stm32l0xx_ll_rcc.o(i.RCC_GetPCLK2ClockFreq)
    i.RCC_GetSystemClockFreq                 0x0800384c   Section        0  stm32l0xx_ll_rcc.o(i.RCC_GetSystemClockFreq)
    RCC_GetSystemClockFreq                   0x0800384d   Thumb Code    64  stm32l0xx_ll_rcc.o(i.RCC_GetSystemClockFreq)
    i.RCC_PLL_GetFreqDomain_SYS              0x080038a0   Section        0  stm32l0xx_ll_rcc.o(i.RCC_PLL_GetFreqDomain_SYS)
    RCC_PLL_GetFreqDomain_SYS                0x080038a1   Thumb Code    58  stm32l0xx_ll_rcc.o(i.RCC_PLL_GetFreqDomain_SYS)
    i.ReadReg_INA                            0x080038f0   Section        0  ina239_power.o(i.ReadReg_INA)
    i.RingBuffer_getNewDataCount             0x0800395c   Section        0  rs485.o(i.RingBuffer_getNewDataCount)
    i.RingBuffer_tryread                     0x0800397c   Section        0  rs485.o(i.RingBuffer_tryread)
    i.RingBuffer_trywrite                    0x08003a3c   Section        0  rs485.o(i.RingBuffer_trywrite)
    i.SPI1_IRQHandler                        0x08003a98   Section        0  stm32l0xx_it.o(i.SPI1_IRQHandler)
    i.SPI_DMAAbortOnError                    0x08003aa8   Section        0  stm32l0xx_hal_spi.o(i.SPI_DMAAbortOnError)
    SPI_DMAAbortOnError                      0x08003aa9   Thumb Code    16  stm32l0xx_hal_spi.o(i.SPI_DMAAbortOnError)
    i.SPI_EndRxTransaction                   0x08003ab8   Section        0  stm32l0xx_hal_spi.o(i.SPI_EndRxTransaction)
    SPI_EndRxTransaction                     0x08003ab9   Thumb Code    92  stm32l0xx_hal_spi.o(i.SPI_EndRxTransaction)
    i.SPI_EndRxTxTransaction                 0x08003b14   Section        0  stm32l0xx_hal_spi.o(i.SPI_EndRxTxTransaction)
    SPI_EndRxTxTransaction                   0x08003b15   Thumb Code    88  stm32l0xx_hal_spi.o(i.SPI_EndRxTxTransaction)
    i.SPI_WaitFlagStateUntilTimeout          0x08003b74   Section        0  stm32l0xx_hal_spi.o(i.SPI_WaitFlagStateUntilTimeout)
    SPI_WaitFlagStateUntilTimeout            0x08003b75   Thumb Code   180  stm32l0xx_hal_spi.o(i.SPI_WaitFlagStateUntilTimeout)
    i.SVC_Handler                            0x08003c2c   Section        0  stm32l0xx_it.o(i.SVC_Handler)
    i.SetDutyCycleBDC                        0x08003c30   Section        0  bdc_motor.o(i.SetDutyCycleBDC)
    i.Sleep_Reset                            0x08003c54   Section        0  power.o(i.Sleep_Reset)
    i.StartUpConfig                          0x08003c58   Section        0  config.o(i.StartUpConfig)
    i.StepGenerate_IRQHandler_Callback       0x08003c98   Section        0  step_motor.o(i.StepGenerate_IRQHandler_Callback)
    i.SwitchControl                          0x08003d38   Section        0  periphery.o(i.SwitchControl)
    i.SysTick_Handler                        0x08003dd8   Section        0  stm32l0xx_it.o(i.SysTick_Handler)
    i.SystemClock_Config                     0x08003de0   Section        0  main.o(i.SystemClock_Config)
    i.SystemInit                             0x08003eb8   Section        0  system_stm32l0xx.o(i.SystemInit)
    i.TIM21_IRQHandler                       0x08003f0c   Section        0  stm32l0xx_it.o(i.TIM21_IRQHandler)
    i.TIM22_IRQHandler                       0x08003f20   Section        0  stm32l0xx_it.o(i.TIM22_IRQHandler)
    i.TIM2_IRQHandler                        0x08003f30   Section        0  stm32l0xx_it.o(i.TIM2_IRQHandler)
    i.TIM6_DAC_IRQHandler                    0x08003f3c   Section        0  stm32l0xx_it.o(i.TIM6_DAC_IRQHandler)
    i.USART1_IRQHandler                      0x08003f58   Section        0  stm32l0xx_it.o(i.USART1_IRQHandler)
    i.WriteReg_INA                           0x08003f60   Section        0  ina239_power.o(i.WriteReg_INA)
    i.__ARM_clz                              0x08003fc4   Section        0  depilogue.o(i.__ARM_clz)
    i.__NVIC_DisableIRQ                      0x08003ff4   Section        0  periphery.o(i.__NVIC_DisableIRQ)
    __NVIC_DisableIRQ                        0x08003ff5   Thumb Code    26  periphery.o(i.__NVIC_DisableIRQ)
    i.__NVIC_DisableIRQ                      0x08004014   Section        0  bdc_motor.o(i.__NVIC_DisableIRQ)
    __NVIC_DisableIRQ                        0x08004015   Thumb Code    26  bdc_motor.o(i.__NVIC_DisableIRQ)
    i.__NVIC_EnableIRQ                       0x08004034   Section        0  tim.o(i.__NVIC_EnableIRQ)
    __NVIC_EnableIRQ                         0x08004035   Thumb Code    18  tim.o(i.__NVIC_EnableIRQ)
    i.__NVIC_EnableIRQ                       0x0800404c   Section        0  periphery.o(i.__NVIC_EnableIRQ)
    __NVIC_EnableIRQ                         0x0800404d   Thumb Code    18  periphery.o(i.__NVIC_EnableIRQ)
    i.__NVIC_EnableIRQ                       0x08004064   Section        0  bdc_motor.o(i.__NVIC_EnableIRQ)
    __NVIC_EnableIRQ                         0x08004065   Thumb Code    18  bdc_motor.o(i.__NVIC_EnableIRQ)
    i.__NVIC_EnableIRQ                       0x0800407c   Section        0  step_motor.o(i.__NVIC_EnableIRQ)
    __NVIC_EnableIRQ                         0x0800407d   Thumb Code    18  step_motor.o(i.__NVIC_EnableIRQ)
    i.__NVIC_SetPriority                     0x08004094   Section        0  tim.o(i.__NVIC_SetPriority)
    __NVIC_SetPriority                       0x08004095   Thumb Code    60  tim.o(i.__NVIC_SetPriority)
    i.__NVIC_SetPriority                     0x080040d8   Section        0  stm32l0xx_hal_cortex.o(i.__NVIC_SetPriority)
    __NVIC_SetPriority                       0x080040d9   Thumb Code    60  stm32l0xx_hal_cortex.o(i.__NVIC_SetPriority)
    i.__scatterload_copy                     0x0800411c   Section       14  handlers.o(i.__scatterload_copy)
    i.__scatterload_null                     0x0800412a   Section        2  handlers.o(i.__scatterload_null)
    i.__scatterload_zeroinit                 0x0800412c   Section       14  handlers.o(i.__scatterload_zeroinit)
    i.assert_failed                          0x0800413a   Section        0  main.o(i.assert_failed)
    i.bdc_OFF                                0x0800413c   Section        0  bdc_motor.o(i.bdc_OFF)
    i.bdc_ON                                 0x080041f0   Section        0  bdc_motor.o(i.bdc_ON)
    i.bdc_TIM2_Init                          0x080042f0   Section        0  bdc_motor.o(i.bdc_TIM2_Init)
    i.bdc_speed_down                         0x08004418   Section        0  bdc_motor.o(i.bdc_speed_down)
    i.bdc_speed_up                           0x08004490   Section        0  bdc_motor.o(i.bdc_speed_up)
    i.flashPage_Init                         0x08004508   Section        0  flash_work.o(i.flashPage_Init)
    i.flashPage_addr                         0x08004544   Section        0  flash_work.o(i.flashPage_addr)
    i.flashPage_erase                        0x08004550   Section        0  flash_work.o(i.flashPage_erase)
    i.flashPage_read32                       0x0800457c   Section        0  flash_work.o(i.flashPage_read32)
    i.flashPage_write32                      0x080045a4   Section        0  flash_work.o(i.flashPage_write32)
    i.flash_StartUp                          0x080045e8   Section        0  flash_work.o(i.flash_StartUp)
    i.ina239_StartUp                         0x08004624   Section        0  ina239_power.o(i.ina239_StartUp)
    i.irq_disable                            0x08004790   Section        0  periphery.o(i.irq_disable)
    i.irq_enable                             0x080047be   Section        0  periphery.o(i.irq_enable)
    i.main                                   0x080047ec   Section        0  main.o(i.main)
    i.rs485_IRQHandler                       0x0800484c   Section        0  rs485.o(i.rs485_IRQHandler)
    i.rs485_StartUp                          0x08004884   Section        0  rs485.o(i.rs485_StartUp)
    i.rs485_transmit_off                     0x080048c0   Section        0  rs485.o(i.rs485_transmit_off)
    i.rs485_transmit_on                      0x080048f0   Section        0  rs485.o(i.rs485_transmit_on)
    i.rs485_transmit_preparing               0x0800492c   Section        0  rs485.o(i.rs485_transmit_preparing)
    i.rs485_transmiting                      0x08004998   Section        0  rs485.o(i.rs485_transmiting)
    i.step_StartUp                           0x080049c8   Section        0  step_motor.o(i.step_StartUp)
    .constdata                               0x08004a1c   Section       14  tim.o(.constdata)
    OFFSET_TAB_CCMRx                         0x08004a1c   Data           7  tim.o(.constdata)
    SHIFT_TAB_OCxx                           0x08004a23   Data           7  tim.o(.constdata)
    .constdata                               0x08004a2a   Section       25  system_stm32l0xx.o(.constdata)
    .constdata                               0x08004a43   Section        8  system_stm32l0xx.o(.constdata)
    .constdata                               0x08004a4b   Section       21  bdc_motor.o(.constdata)
    OFFSET_TAB_CCMRx                         0x08004a4b   Data           7  bdc_motor.o(.constdata)
    SHIFT_TAB_ICxx                           0x08004a52   Data           7  bdc_motor.o(.constdata)
    SHIFT_TAB_CCxP                           0x08004a59   Data           7  bdc_motor.o(.constdata)
    .constdata                               0x08004a60   Section       15  rs485.o(.constdata)
    RingBuffer_header                        0x08004a60   Data          15  rs485.o(.constdata)
    .constdata                               0x08004a6f   Section       34  ina239_power.o(.constdata)
    INA_REG                                  0x08004a6f   Data          34  ina239_power.o(.constdata)
    .data                                    0x20000000   Section       12  stm32l0xx_hal.o(.data)
    .data                                    0x2000000c   Section        4  system_stm32l0xx.o(.data)
    .data                                    0x20000010   Section       32  config.o(.data)
    .data                                    0x20000030   Section        1  config.o(.data)
    .data                                    0x20000031   Section        1  config.o(.data)
    .data                                    0x20000032   Section        1  config.o(.data)
    .data                                    0x20000034   Section        4  config.o(.data)
    .data                                    0x20000038   Section        4  config.o(.data)
    .data                                    0x2000003c   Section        4  config.o(.data)
    .data                                    0x20000040   Section        4  config.o(.data)
    .data                                    0x20000044   Section        4  config.o(.data)
    .data                                    0x20000048   Section        1  config.o(.data)
    .data                                    0x20000049   Section        1  config.o(.data)
    .data                                    0x2000004a   Section        1  config.o(.data)
    .data                                    0x2000004b   Section        3  periphery.o(.data)
    .data                                    0x20000050   Section       20  bdc_motor.o(.data)
    .data                                    0x20000064   Section       10  rs485.o(.data)
    .data                                    0x20000070   Section       20  currentbdc.o(.data)
    .data                                    0x20000084   Section       28  ina239_power.o(.data)
    .data                                    0x200000a0   Section        4  flash_work.o(.data)
    .bss                                     0x200000a4   Section       88  spi.o(.bss)
    .bss                                     0x200000fc   Section       24  stm32l0xx_hal_flash.o(.bss)
    .bss                                     0x20000114   Section      128  rs485.o(.bss)
    .bss                                     0x20000194   Section       16  ina239_power.o(.bss)
    .bss                                     0x200001a4   Section       12  flash_work.o(.bss)
    STACK                                    0x200001b0   Section     1024  startup_stm32l072xx.o(STACK)

    Global Symbols

    Symbol Name                              Value     Ov Type        Size  Object(Section)

    BuildAttributes$$THM_ISAv3M$S$PE$A:L22$X:L11$S22$IEEE1$IW$USESV6$~STKCKD$USESV7$~SHL$OTIME$ROPI$EBA8$MICROLIB$REQ8$PRES8$EABIv2 0x00000000   Number         0  anon$$obj.o ABSOLUTE
    __ARM_use_no_argv                        0x00000000   Number         0  main.o ABSOLUTE
    __arm_fini_                               - Undefined Weak Reference
    __cpp_initialize__aeabi_                  - Undefined Weak Reference
    __cxa_finalize                            - Undefined Weak Reference
    __decompress                              - Undefined Weak Reference
    _clock_init                               - Undefined Weak Reference
    _microlib_exit                            - Undefined Weak Reference
    __Vectors_Size                           0x000000c0   Number         0  startup_stm32l072xx.o ABSOLUTE
    __Vectors                                0x08000000   Data           4  startup_stm32l072xx.o(RESET)
    __Vectors_End                            0x080000c0   Data           0  startup_stm32l072xx.o(RESET)
    __main                                   0x080000c1   Thumb Code     0  entry.o(.ARM.Collect$$$$00000000)
    _main_stk                                0x080000c1   Thumb Code     0  entry2.o(.ARM.Collect$$$$00000001)
    _main_scatterload                        0x080000c5   Thumb Code     0  entry5.o(.ARM.Collect$$$$00000004)
    __main_after_scatterload                 0x080000c9   Thumb Code     0  entry5.o(.ARM.Collect$$$$00000004)
    _main_clock                              0x080000c9   Thumb Code     0  entry7b.o(.ARM.Collect$$$$00000008)
    _main_cpp_init                           0x080000c9   Thumb Code     0  entry8b.o(.ARM.Collect$$$$0000000A)
    _main_init                               0x080000c9   Thumb Code     0  entry9a.o(.ARM.Collect$$$$0000000B)
    __rt_lib_shutdown_fini                   0x080000d1   Thumb Code     0  entry12b.o(.ARM.Collect$$$$0000000E)
    __rt_final_cpp                           0x080000d5   Thumb Code     0  entry10a.o(.ARM.Collect$$$$0000000F)
    __rt_final_exit                          0x080000d5   Thumb Code     0  entry11a.o(.ARM.Collect$$$$00000011)
    Reset_Handler                            0x080000d9   Thumb Code     8  startup_stm32l072xx.o(.text)
    ADC1_COMP_IRQHandler                     0x080000eb   Thumb Code     0  startup_stm32l072xx.o(.text)
    DMA1_Channel1_IRQHandler                 0x080000eb   Thumb Code     0  startup_stm32l072xx.o(.text)
    DMA1_Channel2_3_IRQHandler               0x080000eb   Thumb Code     0  startup_stm32l072xx.o(.text)
    DMA1_Channel4_5_6_7_IRQHandler           0x080000eb   Thumb Code     0  startup_stm32l072xx.o(.text)
    EXTI0_1_IRQHandler                       0x080000eb   Thumb Code     0  startup_stm32l072xx.o(.text)
    EXTI2_3_IRQHandler                       0x080000eb   Thumb Code     0  startup_stm32l072xx.o(.text)
    EXTI4_15_IRQHandler                      0x080000eb   Thumb Code     0  startup_stm32l072xx.o(.text)
    FLASH_IRQHandler                         0x080000eb   Thumb Code     0  startup_stm32l072xx.o(.text)
    I2C1_IRQHandler                          0x080000eb   Thumb Code     0  startup_stm32l072xx.o(.text)
    I2C2_IRQHandler                          0x080000eb   Thumb Code     0  startup_stm32l072xx.o(.text)
    I2C3_IRQHandler                          0x080000eb   Thumb Code     0  startup_stm32l072xx.o(.text)
    LPTIM1_IRQHandler                        0x080000eb   Thumb Code     0  startup_stm32l072xx.o(.text)
    PVD_IRQHandler                           0x080000eb   Thumb Code     0  startup_stm32l072xx.o(.text)
    RCC_CRS_IRQHandler                       0x080000eb   Thumb Code     0  startup_stm32l072xx.o(.text)
    RNG_LPUART1_IRQHandler                   0x080000eb   Thumb Code     0  startup_stm32l072xx.o(.text)
    RTC_IRQHandler                           0x080000eb   Thumb Code     0  startup_stm32l072xx.o(.text)
    SPI2_IRQHandler                          0x080000eb   Thumb Code     0  startup_stm32l072xx.o(.text)
    TIM3_IRQHandler                          0x080000eb   Thumb Code     0  startup_stm32l072xx.o(.text)
    TIM7_IRQHandler                          0x080000eb   Thumb Code     0  startup_stm32l072xx.o(.text)
    TSC_IRQHandler                           0x080000eb   Thumb Code     0  startup_stm32l072xx.o(.text)
    USART2_IRQHandler                        0x080000eb   Thumb Code     0  startup_stm32l072xx.o(.text)
    USART4_5_IRQHandler                      0x080000eb   Thumb Code     0  startup_stm32l072xx.o(.text)
    USB_IRQHandler                           0x080000eb   Thumb Code     0  startup_stm32l072xx.o(.text)
    WWDG_IRQHandler                          0x080000eb   Thumb Code     0  startup_stm32l072xx.o(.text)
    __aeabi_uidiv                            0x080000f5   Thumb Code     0  uidiv.o(.text)
    __aeabi_uidivmod                         0x080000f5   Thumb Code    44  uidiv.o(.text)
    __aeabi_memset                           0x08000121   Thumb Code    14  memseta.o(.text)
    __aeabi_memset4                          0x08000121   Thumb Code     0  memseta.o(.text)
    __aeabi_memset8                          0x08000121   Thumb Code     0  memseta.o(.text)
    __aeabi_memclr                           0x0800012f   Thumb Code     4  memseta.o(.text)
    __aeabi_memclr4                          0x0800012f   Thumb Code     0  memseta.o(.text)
    __aeabi_memclr8                          0x0800012f   Thumb Code     0  memseta.o(.text)
    _memset$wrapper                          0x08000133   Thumb Code    18  memseta.o(.text)
    __aeabi_dadd                             0x08000145   Thumb Code   330  dadd.o(.text)
    __aeabi_dsub                             0x0800028f   Thumb Code    12  dadd.o(.text)
    __aeabi_drsub                            0x0800029b   Thumb Code    12  dadd.o(.text)
    __aeabi_dmul                             0x080002ad   Thumb Code   202  dmul.o(.text)
    __aeabi_ddiv                             0x0800037d   Thumb Code   234  ddiv.o(.text)
    __aeabi_i2d                              0x0800046d   Thumb Code    34  dflti.o(.text)
    __aeabi_ui2d                             0x08000495   Thumb Code    24  dfltui.o(.text)
    __aeabi_d2uiz                            0x080004b1   Thumb Code    50  dfixui.o(.text)
    __aeabi_f2d                              0x080004ed   Thumb Code    40  f2d.o(.text)
    __aeabi_d2f                              0x08000515   Thumb Code    56  d2f.o(.text)
    __aeabi_llsl                             0x0800054d   Thumb Code    32  llshl.o(.text)
    _ll_shift_l                              0x0800054d   Thumb Code     0  llshl.o(.text)
    __aeabi_llsr                             0x0800056d   Thumb Code    34  llushr.o(.text)
    _ll_ushift_r                             0x0800056d   Thumb Code     0  llushr.o(.text)
    __aeabi_lasr                             0x0800058f   Thumb Code    38  llsshr.o(.text)
    _ll_sshift_r                             0x0800058f   Thumb Code     0  llsshr.o(.text)
    __I$use$fp                               0x080005b5   Thumb Code     0  iusefp.o(.text)
    _float_round                             0x080005b5   Thumb Code    16  fepilogue.o(.text)
    _float_epilogue                          0x080005c5   Thumb Code   114  fepilogue.o(.text)
    _double_round                            0x08000637   Thumb Code    26  depilogue.o(.text)
    _double_epilogue                         0x08000651   Thumb Code   164  depilogue.o(.text)
    __scatterload                            0x080006f5   Thumb Code    28  init.o(.text)
    __scatterload_rt2                        0x080006f5   Thumb Code     0  init.o(.text)
    Acceleration_IRQHandler_Callback         0x08000719   Thumb Code    94  step_motor.o(i.Acceleration_IRQHandler_Callback)
    BatPercentCalc                           0x08000789   Thumb Code    76  ina239_power.o(i.BatPercentCalc)
    ButtonFlagControl                        0x080007ed   Thumb Code   568  periphery.o(i.ButtonFlagControl)
    CurrentBDC_GET                           0x08000a55   Thumb Code    96  currentbdc.o(i.CurrentBDC_GET)
    CurrentBDC_StartUp                       0x08000ad1   Thumb Code    58  currentbdc.o(i.CurrentBDC_StartUp)
    Encoder_IRQHandler_Callback              0x08000b19   Thumb Code    54  bdc_motor.o(i.Encoder_IRQHandler_Callback)
    Error_Handler                            0x08000b61   Thumb Code     2  main.o(i.Error_Handler)
    FLASH_PageErase                          0x08000b65   Thumb Code    34  stm32l0xx_hal_flash_ex.o(i.FLASH_PageErase)
    FLASH_WaitForLastOperation               0x08000c21   Thumb Code   106  stm32l0xx_hal_flash.o(i.FLASH_WaitForLastOperation)
    FloatToUint                              0x08000c91   Thumb Code     2  flash_work.o(i.FloatToUint)
    HAL_DMA_Abort_IT                         0x08000c93   Thumb Code    76  stm32l0xx_hal_dma.o(i.HAL_DMA_Abort_IT)
    HAL_FLASHEx_Erase                        0x08000ce1   Thumb Code   222  stm32l0xx_hal_flash_ex.o(i.HAL_FLASHEx_Erase)
    HAL_FLASH_Program                        0x08000e11   Thumb Code    92  stm32l0xx_hal_flash.o(i.HAL_FLASH_Program)
    HAL_FLASH_Unlock                         0x08000eb5   Thumb Code    70  stm32l0xx_hal_flash.o(i.HAL_FLASH_Unlock)
    HAL_GPIO_Init                            0x08000f11   Thumb Code   656  stm32l0xx_hal_gpio.o(i.HAL_GPIO_Init)
    HAL_GetTick                              0x08001201   Thumb Code     6  stm32l0xx_hal.o(i.HAL_GetTick)
    HAL_IncTick                              0x0800120d   Thumb Code    12  stm32l0xx_hal.o(i.HAL_IncTick)
    HAL_Init                                 0x0800121d   Thumb Code    36  stm32l0xx_hal.o(i.HAL_Init)
    HAL_InitTick                             0x08001245   Thumb Code    58  stm32l0xx_hal.o(i.HAL_InitTick)
    HAL_MspInit                              0x08001289   Thumb Code    62  stm32l0xx_hal_msp.o(i.HAL_MspInit)
    HAL_NVIC_EnableIRQ                       0x080012cd   Thumb Code    32  stm32l0xx_hal_cortex.o(i.HAL_NVIC_EnableIRQ)
    HAL_NVIC_SetPriority                     0x0800132d   Thumb Code    28  stm32l0xx_hal_cortex.o(i.HAL_NVIC_SetPriority)
    HAL_PWR_ConfigPVD                        0x08001385   Thumb Code   194  stm32l0xx_hal_pwr.o(i.HAL_PWR_ConfigPVD)
    HAL_PWR_EnablePVD                        0x08001491   Thumb Code    12  stm32l0xx_hal_pwr.o(i.HAL_PWR_EnablePVD)
    HAL_SPI_ErrorCallback                    0x080014a1   Thumb Code     2  stm32l0xx_hal_spi.o(i.HAL_SPI_ErrorCallback)
    HAL_SPI_IRQHandler                       0x080014a5   Thumb Code   244  stm32l0xx_hal_spi.o(i.HAL_SPI_IRQHandler)
    HAL_SPI_Init                             0x0800159d   Thumb Code   530  stm32l0xx_hal_spi.o(i.HAL_SPI_Init)
    HAL_SPI_MspInit                          0x080017f1   Thumb Code    90  spi.o(i.HAL_SPI_MspInit)
    HAL_SPI_Receive                          0x08001859   Thumb Code   352  stm32l0xx_hal_spi.o(i.HAL_SPI_Receive)
    HAL_SPI_Transmit                         0x080019f5   Thumb Code   396  stm32l0xx_hal_spi.o(i.HAL_SPI_Transmit)
    HAL_SPI_TransmitReceive                  0x08001bbd   Thumb Code   546  stm32l0xx_hal_spi.o(i.HAL_SPI_TransmitReceive)
    HAL_SYSTICK_Config                       0x08001e1d   Thumb Code    38  stm32l0xx_hal_cortex.o(i.HAL_SYSTICK_Config)
    HardFault_Handler                        0x08001e4d   Thumb Code     2  stm32l0xx_it.o(i.HardFault_Handler)
    INA_ADCRANGE                             0x08001e51   Thumb Code    20  ina239_power.o(i.INA_ADCRANGE)
    INA_CONVDLY                              0x08001e69   Thumb Code    18  ina239_power.o(i.INA_CONVDLY)
    INA_CURRLSB                              0x08001e7d   Thumb Code    26  ina239_power.o(i.INA_CURRLSB)
    INA_INIT                                 0x08001e9d   Thumb Code    60  ina239_power.o(i.INA_INIT)
    INA_MODE                                 0x08001ee9   Thumb Code    14  ina239_power.o(i.INA_MODE)
    INA_SysRESET                             0x08001efd   Thumb Code    16  ina239_power.o(i.INA_SysRESET)
    LL_ADC_Init                              0x08001f0d   Thumb Code   194  stm32l0xx_ll_adc.o(i.LL_ADC_Init)
    LL_ADC_REG_Init                          0x08002011   Thumb Code   262  stm32l0xx_ll_adc.o(i.LL_ADC_REG_Init)
    LL_GPIO_Init                             0x080021ad   Thumb Code   372  stm32l0xx_ll_gpio.o(i.LL_GPIO_Init)
    LL_RCC_GetSystemClocksFreq               0x080023b1   Thumb Code    32  stm32l0xx_ll_rcc.o(i.LL_RCC_GetSystemClocksFreq)
    LL_RCC_GetUSARTClockFreq                 0x080023d1   Thumb Code   140  stm32l0xx_ll_rcc.o(i.LL_RCC_GetUSARTClockFreq)
    LL_SetSystemCoreClock                    0x080024e1   Thumb Code     6  stm32l0xx_ll_utils.o(i.LL_SetSystemCoreClock)
    LL_TIM_DeInit                            0x080024fd   Thumb Code   158  stm32l0xx_ll_tim.o(i.LL_TIM_DeInit)
    LL_TIM_Init                              0x080026f1   Thumb Code   192  stm32l0xx_ll_tim.o(i.LL_TIM_Init)
    LL_TIM_OC_Init                           0x080027fd   Thumb Code    68  stm32l0xx_ll_tim.o(i.LL_TIM_OC_Init)
    LL_USART_Init                            0x08002875   Thumb Code   418  stm32l0xx_ll_usart.o(i.LL_USART_Init)
    LL_mDelay                                0x08002a71   Thumb Code    28  stm32l0xx_ll_utils.o(i.LL_mDelay)
    MOTOR_START_DOWN                         0x08002a91   Thumb Code   150  step_motor.o(i.MOTOR_START_DOWN)
    MOTOR_START_UP                           0x08002b3d   Thumb Code   146  step_motor.o(i.MOTOR_START_UP)
    MOTOR_STOP                               0x08002be5   Thumb Code   126  step_motor.o(i.MOTOR_STOP)
    MX_ADC_Init                              0x08002c71   Thumb Code   218  adc.o(i.MX_ADC_Init)
    MX_GPIO_Init                             0x08002d65   Thumb Code   574  gpio.o(i.MX_GPIO_Init)
    MX_SPI1_Init                             0x08002fad   Thumb Code    58  spi.o(i.MX_SPI1_Init)
    MX_TIM21_Init                            0x08002ff1   Thumb Code    86  tim.o(i.MX_TIM21_Init)
    MX_TIM22_Init                            0x0800304d   Thumb Code    86  tim.o(i.MX_TIM22_Init)
    MX_TIM2_Init                             0x080030a9   Thumb Code   132  tim.o(i.MX_TIM2_Init)
    MX_TIM3_Init                             0x0800312d   Thumb Code   188  tim.o(i.MX_TIM3_Init)
    MX_TIM6_Init                             0x080031f9   Thumb Code    76  tim.o(i.MX_TIM6_Init)
    MX_USART1_UART_Init                      0x08003251   Thumb Code   200  usart.o(i.MX_USART1_UART_Init)
    Motor_Initialization                     0x08003329   Thumb Code   110  step_motor.o(i.Motor_Initialization)
    NMI_Handler                              0x080033b1   Thumb Code     2  stm32l0xx_it.o(i.NMI_Handler)
    OFF_STEP_TIMER                           0x08003789   Thumb Code    56  step_motor.o(i.OFF_STEP_TIMER)
    ON_STEP_TIMER                            0x080037cd   Thumb Code    42  step_motor.o(i.ON_STEP_TIMER)
    PendSV_Handler                           0x080037fd   Thumb Code     2  stm32l0xx_it.o(i.PendSV_Handler)
    ReadReg_INA                              0x080038f1   Thumb Code   100  ina239_power.o(i.ReadReg_INA)
    RingBuffer_getNewDataCount               0x0800395d   Thumb Code    26  rs485.o(i.RingBuffer_getNewDataCount)
    RingBuffer_tryread                       0x0800397d   Thumb Code   176  rs485.o(i.RingBuffer_tryread)
    RingBuffer_trywrite                      0x08003a3d   Thumb Code    74  rs485.o(i.RingBuffer_trywrite)
    SPI1_IRQHandler                          0x08003a99   Thumb Code    10  stm32l0xx_it.o(i.SPI1_IRQHandler)
    SVC_Handler                              0x08003c2d   Thumb Code     2  stm32l0xx_it.o(i.SVC_Handler)
    SetDutyCycleBDC                          0x08003c31   Thumb Code    30  bdc_motor.o(i.SetDutyCycleBDC)
    Sleep_Reset                              0x08003c55   Thumb Code     2  power.o(i.Sleep_Reset)
    StartUpConfig                            0x08003c59   Thumb Code    54  config.o(i.StartUpConfig)
    StepGenerate_IRQHandler_Callback         0x08003c99   Thumb Code   144  step_motor.o(i.StepGenerate_IRQHandler_Callback)
    SwitchControl                            0x08003d39   Thumb Code   150  periphery.o(i.SwitchControl)
    SysTick_Handler                          0x08003dd9   Thumb Code     8  stm32l0xx_it.o(i.SysTick_Handler)
    SystemClock_Config                       0x08003de1   Thumb Code   200  main.o(i.SystemClock_Config)
    SystemInit                               0x08003eb9   Thumb Code    66  system_stm32l0xx.o(i.SystemInit)
    TIM21_IRQHandler                         0x08003f0d   Thumb Code    12  stm32l0xx_it.o(i.TIM21_IRQHandler)
    TIM22_IRQHandler                         0x08003f21   Thumb Code    10  stm32l0xx_it.o(i.TIM22_IRQHandler)
    TIM2_IRQHandler                          0x08003f31   Thumb Code    12  stm32l0xx_it.o(i.TIM2_IRQHandler)
    TIM6_DAC_IRQHandler                      0x08003f3d   Thumb Code    24  stm32l0xx_it.o(i.TIM6_DAC_IRQHandler)
    USART1_IRQHandler                        0x08003f59   Thumb Code     8  stm32l0xx_it.o(i.USART1_IRQHandler)
    WriteReg_INA                             0x08003f61   Thumb Code    92  ina239_power.o(i.WriteReg_INA)
    __ARM_clz                                0x08003fc5   Thumb Code    46  depilogue.o(i.__ARM_clz)
    __scatterload_copy                       0x0800411d   Thumb Code    14  handlers.o(i.__scatterload_copy)
    __scatterload_null                       0x0800412b   Thumb Code     2  handlers.o(i.__scatterload_null)
    __scatterload_zeroinit                   0x0800412d   Thumb Code    14  handlers.o(i.__scatterload_zeroinit)
    assert_failed                            0x0800413b   Thumb Code     2  main.o(i.assert_failed)
    bdc_OFF                                  0x0800413d   Thumb Code   158  bdc_motor.o(i.bdc_OFF)
    bdc_ON                                   0x080041f1   Thumb Code   230  bdc_motor.o(i.bdc_ON)
    bdc_TIM2_Init                            0x080042f1   Thumb Code   276  bdc_motor.o(i.bdc_TIM2_Init)
    bdc_speed_down                           0x08004419   Thumb Code   112  bdc_motor.o(i.bdc_speed_down)
    bdc_speed_up                             0x08004491   Thumb Code   112  bdc_motor.o(i.bdc_speed_up)
    flashPage_Init                           0x08004509   Thumb Code    54  flash_work.o(i.flashPage_Init)
    flashPage_addr                           0x08004545   Thumb Code     8  flash_work.o(i.flashPage_addr)
    flashPage_erase                          0x08004551   Thumb Code    36  flash_work.o(i.flashPage_erase)
    flashPage_read32                         0x0800457d   Thumb Code    36  flash_work.o(i.flashPage_read32)
    flashPage_write32                        0x080045a5   Thumb Code    64  flash_work.o(i.flashPage_write32)
    flash_StartUp                            0x080045e9   Thumb Code    50  flash_work.o(i.flash_StartUp)
    ina239_StartUp                           0x08004625   Thumb Code   302  ina239_power.o(i.ina239_StartUp)
    irq_disable                              0x08004791   Thumb Code    46  periphery.o(i.irq_disable)
    irq_enable                               0x080047bf   Thumb Code    46  periphery.o(i.irq_enable)
    main                                     0x080047ed   Thumb Code    90  main.o(i.main)
    rs485_IRQHandler                         0x0800484d   Thumb Code    48  rs485.o(i.rs485_IRQHandler)
    rs485_StartUp                            0x08004885   Thumb Code    56  rs485.o(i.rs485_StartUp)
    rs485_transmit_off                       0x080048c1   Thumb Code    38  rs485.o(i.rs485_transmit_off)
    rs485_transmit_on                        0x080048f1   Thumb Code    54  rs485.o(i.rs485_transmit_on)
    rs485_transmit_preparing                 0x0800492d   Thumb Code    76  rs485.o(i.rs485_transmit_preparing)
    rs485_transmiting                        0x08004999   Thumb Code    34  rs485.o(i.rs485_transmiting)
    step_StartUp                             0x080049c9   Thumb Code    68  step_motor.o(i.step_StartUp)
    AHBPrescTable                            0x08004a2a   Data          16  system_stm32l0xx.o(.constdata)
    PLLMulTable                              0x08004a3a   Data           9  system_stm32l0xx.o(.constdata)
    APBPrescTable                            0x08004a43   Data           8  system_stm32l0xx.o(.constdata)
    Region$$Table$$Base                      0x08004a94   Number         0  anon$$obj.o(Region$$Table)
    Region$$Table$$Limit                     0x08004ab4   Number         0  anon$$obj.o(Region$$Table)
    uwTickFreq                               0x20000000   Data           1  stm32l0xx_hal.o(.data)
    uwTickPrio                               0x20000004   Data           4  stm32l0xx_hal.o(.data)
    uwTick                                   0x20000008   Data           4  stm32l0xx_hal.o(.data)
    SystemCoreClock                          0x2000000c   Data           4  system_stm32l0xx.o(.data)
    tx_str                                   0x20000010   Data          32  config.o(.data)
    weight                                   0x20000030   Data           1  config.o(.data)
    speed                                    0x20000031   Data           1  config.o(.data)
    battery                                  0x20000032   Data           1  config.o(.data)
    GLOBAL_FLAG_RX                           0x20000034   Data           4  config.o(.data)
    GLOBAL_FLAG_TX                           0x20000038   Data           4  config.o(.data)
    step                                     0x2000003c   Data           4  config.o(.data)
    Freq_step                                0x20000040   Data           4  config.o(.data)
    Max_freq_step                            0x20000044   Data           4  config.o(.data)
    keystrokeCounter                         0x20000048   Data           1  config.o(.data)
    Battery_Status                           0x20000049   Data           1  config.o(.data)
    BDC_PWM_Freqency                         0x2000004a   Data           1  config.o(.data)
    Button_Status                            0x2000004b   Data           1  periphery.o(.data)
    NumButPressed                            0x2000004c   Data           1  periphery.o(.data)
    bdcSpeed_flag                            0x2000004d   Data           1  periphery.o(.data)
    Encoder_Period                           0x20000050   Data           2  bdc_motor.o(.data)
    Encoder_DutyCicle                        0x20000052   Data           2  bdc_motor.o(.data)
    DutyToBDC                                0x20000054   Data           2  bdc_motor.o(.data)
    Encoder_Freqency                         0x20000058   Data           4  bdc_motor.o(.data)
    Encoder_Speed                            0x2000005c   Data           4  bdc_motor.o(.data)
    quantityCounter                          0x20000060   Data           4  bdc_motor.o(.data)
    RingBuffer_flag                          0x20000064   Data           1  rs485.o(.data)
    RingBuffer_head                          0x20000066   Data           2  rs485.o(.data)
    RingBuffer_tail                          0x20000068   Data           2  rs485.o(.data)
    RingBuffer_temp                          0x2000006a   Data           2  rs485.o(.data)
    TxBuffer_Count                           0x2000006c   Data           2  rs485.o(.data)
    ADC_Data                                 0x20000070   Data           2  currentbdc.o(.data)
    wait_loop_index                          0x20000072   Data           2  currentbdc.o(.data)
    ADCAL_Time                               0x20000074   Data           2  currentbdc.o(.data)
    ADC_mVolt                                0x20000076   Data           2  currentbdc.o(.data)
    BDC_mAmp                                 0x20000078   Data           4  currentbdc.o(.data)
    Filter_out                               0x2000007c   Data           4  currentbdc.o(.data)
    BDC_mAmp_filtered                        0x20000080   Data           4  currentbdc.o(.data)
    INA_ADCRANGE_VALUE                       0x20000084   Data           1  ina239_power.o(.data)
    RemainBatCapacity_mWh                    0x20000088   Data           4  ina239_power.o(.data)
    Percent_temp                             0x2000008c   Data           4  ina239_power.o(.data)
    INA_Voltage_mV                           0x20000090   Data           4  ina239_power.o(.data)
    INA_Current_mA                           0x20000094   Data           4  ina239_power.o(.data)
    INA_Current_mA_temp                      0x20000098   Data           4  ina239_power.o(.data)
    INA_Power_mW                             0x2000009c   Data           4  ina239_power.o(.data)
    GLOBAL_FLASH_FLAG                        0x200000a0   Data           1  flash_work.o(.data)
    flash_ok                                 0x200000a1   Data           1  flash_work.o(.data)
    NbDataOnPage                             0x200000a2   Data           2  flash_work.o(.data)
    hspi1                                    0x200000a4   Data          88  spi.o(.bss)
    pFlash                                   0x200000fc   Data          24  stm32l0xx_hal_flash.o(.bss)
    RingBuffer                               0x20000114   Data         128  rs485.o(.bss)
    INA_REG_Readed                           0x20000194   Data          16  ina239_power.o(.bss)
    EraseInitStruct                          0x200001a4   Data          12  flash_work.o(.bss)
    __initial_sp                             0x200005b0   Data           0  startup_stm32l072xx.o(STACK)



==============================================================================

Memory Map of the image

  Image Entry point : 0x080000c1

  Load Region LR_IROM1 (Base: 0x08000000, Size: 0x00004b58, Max: 0x00020000, ABSOLUTE)

    Execution Region ER_IROM1 (Exec base: 0x08000000, Load base: 0x08000000, Size: 0x00004ab4, Max: 0x00020000, ABSOLUTE)

    Exec Addr    Load Addr    Size         Type   Attr      Idx    E Section Name        Object

    0x08000000   0x08000000   0x000000c0   Data   RO            3    RESET               startup_stm32l072xx.o
    0x080000c0   0x080000c0   0x00000000   Code   RO         3933  * .ARM.Collect$$$$00000000  mc_p.l(entry.o)
    0x080000c0   0x080000c0   0x00000004   Code   RO         3960    .ARM.Collect$$$$00000001  mc_p.l(entry2.o)
    0x080000c4   0x080000c4   0x00000004   Code   RO         3963    .ARM.Collect$$$$00000004  mc_p.l(entry5.o)
    0x080000c8   0x080000c8   0x00000000   Code   RO         3965    .ARM.Collect$$$$00000008  mc_p.l(entry7b.o)
    0x080000c8   0x080000c8   0x00000000   Code   RO         3967    .ARM.Collect$$$$0000000A  mc_p.l(entry8b.o)
    0x080000c8   0x080000c8   0x00000008   Code   RO         3968    .ARM.Collect$$$$0000000B  mc_p.l(entry9a.o)
    0x080000d0   0x080000d0   0x00000004   Code   RO         3975    .ARM.Collect$$$$0000000E  mc_p.l(entry12b.o)
    0x080000d4   0x080000d4   0x00000000   Code   RO         3970    .ARM.Collect$$$$0000000F  mc_p.l(entry10a.o)
    0x080000d4   0x080000d4   0x00000000   Code   RO         3972    .ARM.Collect$$$$00000011  mc_p.l(entry11a.o)
    0x080000d4   0x080000d4   0x00000004   Code   RO         3961    .ARM.Collect$$$$00002712  mc_p.l(entry2.o)
    0x080000d8   0x080000d8   0x0000001c   Code   RO            4    .text               startup_stm32l072xx.o
    0x080000f4   0x080000f4   0x0000002c   Code   RO         3936    .text               mc_p.l(uidiv.o)
    0x08000120   0x08000120   0x00000024   Code   RO         3940    .text               mc_p.l(memseta.o)
    0x08000144   0x08000144   0x00000168   Code   RO         3942    .text               mf_p.l(dadd.o)
    0x080002ac   0x080002ac   0x000000d0   Code   RO         3944    .text               mf_p.l(dmul.o)
    0x0800037c   0x0800037c   0x000000f0   Code   RO         3946    .text               mf_p.l(ddiv.o)
    0x0800046c   0x0800046c   0x00000028   Code   RO         3950    .text               mf_p.l(dflti.o)
    0x08000494   0x08000494   0x0000001c   Code   RO         3952    .text               mf_p.l(dfltui.o)
    0x080004b0   0x080004b0   0x0000003c   Code   RO         3954    .text               mf_p.l(dfixui.o)
    0x080004ec   0x080004ec   0x00000028   Code   RO         3956    .text               mf_p.l(f2d.o)
    0x08000514   0x08000514   0x00000038   Code   RO         3958    .text               mf_p.l(d2f.o)
    0x0800054c   0x0800054c   0x00000020   Code   RO         3976    .text               mc_p.l(llshl.o)
    0x0800056c   0x0800056c   0x00000022   Code   RO         3978    .text               mc_p.l(llushr.o)
    0x0800058e   0x0800058e   0x00000026   Code   RO         3980    .text               mc_p.l(llsshr.o)
    0x080005b4   0x080005b4   0x00000000   Code   RO         3982    .text               mc_p.l(iusefp.o)
    0x080005b4   0x080005b4   0x00000082   Code   RO         3983    .text               mf_p.l(fepilogue.o)
    0x08000636   0x08000636   0x000000be   Code   RO         3985    .text               mf_p.l(depilogue.o)
    0x080006f4   0x080006f4   0x00000024   Code   RO         3989    .text               mc_p.l(init.o)
    0x08000718   0x08000718   0x00000070   Code   RO         3571    i.Acceleration_IRQHandler_Callback  step_motor.o
    0x08000788   0x08000788   0x00000064   Code   RO         3744    i.BatPercentCalc    ina239_power.o
    0x080007ec   0x080007ec   0x00000268   Code   RO         3300    i.ButtonFlagControl  periphery.o
    0x08000a54   0x08000a54   0x0000007c   Code   RO         3709    i.CurrentBDC_GET    currentbdc.o
    0x08000ad0   0x08000ad0   0x00000048   Code   RO         3710    i.CurrentBDC_StartUp  currentbdc.o
    0x08000b18   0x08000b18   0x00000048   Code   RO         3379    i.Encoder_IRQHandler_Callback  bdc_motor.o
    0x08000b60   0x08000b60   0x00000002   Code   RO           12    i.Error_Handler     main.o
    0x08000b62   0x08000b62   0x00000002   PAD
    0x08000b64   0x08000b64   0x0000002c   Code   RO         2053    i.FLASH_PageErase   stm32l0xx_hal_flash_ex.o
    0x08000b90   0x08000b90   0x00000090   Code   RO         1950    i.FLASH_SetErrorCode  stm32l0xx_hal_flash.o
    0x08000c20   0x08000c20   0x00000070   Code   RO         1951    i.FLASH_WaitForLastOperation  stm32l0xx_hal_flash.o
    0x08000c90   0x08000c90   0x00000002   Code   RO         3863    i.FloatToUint       flash_work.o
    0x08000c92   0x08000c92   0x0000004c   Code   RO         2245    i.HAL_DMA_Abort_IT  stm32l0xx_hal_dma.o
    0x08000cde   0x08000cde   0x00000002   PAD
    0x08000ce0   0x08000ce0   0x00000130   Code   RO         2062    i.HAL_FLASHEx_Erase  stm32l0xx_hal_flash_ex.o
    0x08000e10   0x08000e10   0x000000a4   Code   RO         1960    i.HAL_FLASH_Program  stm32l0xx_hal_flash.o
    0x08000eb4   0x08000eb4   0x0000005c   Code   RO         1962    i.HAL_FLASH_Unlock  stm32l0xx_hal_flash.o
    0x08000f10   0x08000f10   0x000002f0   Code   RO         2184    i.HAL_GPIO_Init     stm32l0xx_hal_gpio.o
    0x08001200   0x08001200   0x0000000c   Code   RO          966    i.HAL_GetTick       stm32l0xx_hal.o
    0x0800120c   0x0800120c   0x00000010   Code   RO          972    i.HAL_IncTick       stm32l0xx_hal.o
    0x0800121c   0x0800121c   0x00000028   Code   RO          973    i.HAL_Init          stm32l0xx_hal.o
    0x08001244   0x08001244   0x00000044   Code   RO          974    i.HAL_InitTick      stm32l0xx_hal.o
    0x08001288   0x08001288   0x00000044   Code   RO          541    i.HAL_MspInit       stm32l0xx_hal_msp.o
    0x080012cc   0x080012cc   0x00000060   Code   RO         2513    i.HAL_NVIC_EnableIRQ  stm32l0xx_hal_cortex.o
    0x0800132c   0x0800132c   0x00000058   Code   RO         2517    i.HAL_NVIC_SetPriority  stm32l0xx_hal_cortex.o
    0x08001384   0x08001384   0x0000010c   Code   RO         2336    i.HAL_PWR_ConfigPVD  stm32l0xx_hal_pwr.o
    0x08001490   0x08001490   0x00000010   Code   RO         2344    i.HAL_PWR_EnablePVD  stm32l0xx_hal_pwr.o
    0x080014a0   0x080014a0   0x00000002   Code   RO         2695    i.HAL_SPI_ErrorCallback  stm32l0xx_hal_spi.o
    0x080014a2   0x080014a2   0x00000002   PAD
    0x080014a4   0x080014a4   0x000000f8   Code   RO         2698    i.HAL_SPI_IRQHandler  stm32l0xx_hal_spi.o
    0x0800159c   0x0800159c   0x00000254   Code   RO         2699    i.HAL_SPI_Init      stm32l0xx_hal_spi.o
    0x080017f0   0x080017f0   0x00000068   Code   RO          302    i.HAL_SPI_MspInit   spi.o
    0x08001858   0x08001858   0x0000019c   Code   RO         2702    i.HAL_SPI_Receive   stm32l0xx_hal_spi.o
    0x080019f4   0x080019f4   0x000001c8   Code   RO         2707    i.HAL_SPI_Transmit  stm32l0xx_hal_spi.o
    0x08001bbc   0x08001bbc   0x00000260   Code   RO         2708    i.HAL_SPI_TransmitReceive  stm32l0xx_hal_spi.o
    0x08001e1c   0x08001e1c   0x00000030   Code   RO         2521    i.HAL_SYSTICK_Config  stm32l0xx_hal_cortex.o
    0x08001e4c   0x08001e4c   0x00000002   Code   RO          455    i.HardFault_Handler  stm32l0xx_it.o
    0x08001e4e   0x08001e4e   0x00000002   PAD
    0x08001e50   0x08001e50   0x00000018   Code   RO         3745    i.INA_ADCRANGE      ina239_power.o
    0x08001e68   0x08001e68   0x00000012   Code   RO         3747    i.INA_CONVDLY       ina239_power.o
    0x08001e7a   0x08001e7a   0x00000002   PAD
    0x08001e7c   0x08001e7c   0x00000020   Code   RO         3750    i.INA_CURRLSB       ina239_power.o
    0x08001e9c   0x08001e9c   0x0000004c   Code   RO         3751    i.INA_INIT          ina239_power.o
    0x08001ee8   0x08001ee8   0x00000014   Code   RO         3752    i.INA_MODE          ina239_power.o
    0x08001efc   0x08001efc   0x00000010   Code   RO         3753    i.INA_SysRESET      ina239_power.o
    0x08001f0c   0x08001f0c   0x00000104   Code   RO          616    i.LL_ADC_Init       stm32l0xx_ll_adc.o
    0x08002010   0x08002010   0x0000014c   Code   RO          617    i.LL_ADC_REG_Init   stm32l0xx_ll_adc.o
    0x0800215c   0x0800215c   0x00000018   Code   RO          339    i.LL_APB1_GRP1_EnableClock  tim.o
    0x08002174   0x08002174   0x00000010   Code   RO         3038    i.LL_APB1_GRP1_ForceReset  stm32l0xx_ll_tim.o
    0x08002184   0x08002184   0x00000010   Code   RO         3039    i.LL_APB1_GRP1_ReleaseReset  stm32l0xx_ll_tim.o
    0x08002194   0x08002194   0x00000018   Code   RO          340    i.LL_APB2_GRP1_EnableClock  tim.o
    0x080021ac   0x080021ac   0x000001c4   Code   RO          562    i.LL_GPIO_Init      stm32l0xx_ll_gpio.o
    0x08002370   0x08002370   0x0000000e   Code   RO         3302    i.LL_GPIO_IsInputPinSet  periphery.o
    0x0800237e   0x0800237e   0x00000002   PAD
    0x08002380   0x08002380   0x00000018   Code   RO          232    i.LL_IOP_GRP1_EnableClock  gpio.o
    0x08002398   0x08002398   0x00000018   Code   RO          341    i.LL_IOP_GRP1_EnableClock  tim.o
    0x080023b0   0x080023b0   0x00000020   Code   RO          730    i.LL_RCC_GetSystemClocksFreq  stm32l0xx_ll_rcc.o
    0x080023d0   0x080023d0   0x000000d0   Code   RO          731    i.LL_RCC_GetUSARTClockFreq  stm32l0xx_ll_rcc.o
    0x080024a0   0x080024a0   0x00000010   Code   RO          732    i.LL_RCC_GetUSARTClockSource  stm32l0xx_ll_rcc.o
    0x080024b0   0x080024b0   0x00000010   Code   RO          734    i.LL_RCC_HSI_IsReady  stm32l0xx_ll_rcc.o
    0x080024c0   0x080024c0   0x00000010   Code   RO          735    i.LL_RCC_IsActiveFlag_HSIDIV  stm32l0xx_ll_rcc.o
    0x080024d0   0x080024d0   0x00000010   Code   RO          736    i.LL_RCC_LSE_IsReady  stm32l0xx_ll_rcc.o
    0x080024e0   0x080024e0   0x0000000c   Code   RO          840    i.LL_SetSystemCoreClock  stm32l0xx_ll_utils.o
    0x080024ec   0x080024ec   0x0000000e   Code   RO         3303    i.LL_TIM_CC_IsEnabledChannel  periphery.o
    0x080024fa   0x080024fa   0x00000002   PAD
    0x080024fc   0x080024fc   0x000000f0   Code   RO         3040    i.LL_TIM_DeInit     stm32l0xx_ll_tim.o
    0x080025ec   0x080025ec   0x00000044   Code   RO         3380    i.LL_TIM_IC_SetActiveInput  bdc_motor.o
    0x08002630   0x08002630   0x00000044   Code   RO         3381    i.LL_TIM_IC_SetFilter  bdc_motor.o
    0x08002674   0x08002674   0x00000038   Code   RO         3382    i.LL_TIM_IC_SetPolarity  bdc_motor.o
    0x080026ac   0x080026ac   0x00000044   Code   RO         3383    i.LL_TIM_IC_SetPrescaler  bdc_motor.o
    0x080026f0   0x080026f0   0x0000010c   Code   RO         3045    i.LL_TIM_Init       stm32l0xx_ll_tim.o
    0x080027fc   0x080027fc   0x00000044   Code   RO         3046    i.LL_TIM_OC_Init    stm32l0xx_ll_tim.o
    0x08002840   0x08002840   0x00000010   Code   RO          342    i.LL_TIM_SetClockSource  tim.o
    0x08002850   0x08002850   0x0000000c   Code   RO          343    i.LL_TIM_SetTriggerOutput  tim.o
    0x0800285c   0x0800285c   0x00000018   Code   RO         3487    i.LL_USART_EnableIT_RXNE  rs485.o
    0x08002874   0x08002874   0x000001fc   Code   RO         3161    i.LL_USART_Init     stm32l0xx_ll_usart.o
    0x08002a70   0x08002a70   0x00000020   Code   RO          841    i.LL_mDelay         stm32l0xx_ll_utils.o
    0x08002a90   0x08002a90   0x000000ac   Code   RO         3575    i.MOTOR_START_DOWN  step_motor.o
    0x08002b3c   0x08002b3c   0x000000a8   Code   RO         3576    i.MOTOR_START_UP    step_motor.o
    0x08002be4   0x08002be4   0x0000008c   Code   RO         3577    i.MOTOR_STOP        step_motor.o
    0x08002c70   0x08002c70   0x000000f4   Code   RO          272    i.MX_ADC_Init       adc.o
    0x08002d64   0x08002d64   0x00000248   Code   RO          233    i.MX_GPIO_Init      gpio.o
    0x08002fac   0x08002fac   0x00000044   Code   RO          303    i.MX_SPI1_Init      spi.o
    0x08002ff0   0x08002ff0   0x0000005c   Code   RO          344    i.MX_TIM21_Init     tim.o
    0x0800304c   0x0800304c   0x0000005c   Code   RO          345    i.MX_TIM22_Init     tim.o
    0x080030a8   0x080030a8   0x00000084   Code   RO          346    i.MX_TIM2_Init      tim.o
    0x0800312c   0x0800312c   0x000000cc   Code   RO          347    i.MX_TIM3_Init      tim.o
    0x080031f8   0x080031f8   0x00000058   Code   RO          348    i.MX_TIM6_Init      tim.o
    0x08003250   0x08003250   0x000000d8   Code   RO          429    i.MX_USART1_UART_Init  usart.o
    0x08003328   0x08003328   0x00000088   Code   RO         3578    i.Motor_Initialization  step_motor.o
    0x080033b0   0x080033b0   0x00000002   Code   RO          456    i.NMI_Handler       stm32l0xx_it.o
    0x080033b2   0x080033b2   0x00000002   PAD
    0x080033b4   0x080033b4   0x000000fc   Code   RO         3049    i.OC1Config         stm32l0xx_ll_tim.o
    0x080034b0   0x080034b0   0x00000100   Code   RO         3050    i.OC2Config         stm32l0xx_ll_tim.o
    0x080035b0   0x080035b0   0x000000ec   Code   RO         3051    i.OC3Config         stm32l0xx_ll_tim.o
    0x0800369c   0x0800369c   0x000000ec   Code   RO         3052    i.OC4Config         stm32l0xx_ll_tim.o
    0x08003788   0x08003788   0x00000044   Code   RO         3579    i.OFF_STEP_TIMER    step_motor.o
    0x080037cc   0x080037cc   0x00000030   Code   RO         3580    i.ON_STEP_TIMER     step_motor.o
    0x080037fc   0x080037fc   0x00000002   Code   RO          457    i.PendSV_Handler    stm32l0xx_it.o
    0x080037fe   0x080037fe   0x00000002   PAD
    0x08003800   0x08003800   0x0000001c   Code   RO          737    i.RCC_GetHCLKClockFreq  stm32l0xx_ll_rcc.o
    0x0800381c   0x0800381c   0x00000018   Code   RO          738    i.RCC_GetPCLK1ClockFreq  stm32l0xx_ll_rcc.o
    0x08003834   0x08003834   0x00000018   Code   RO          739    i.RCC_GetPCLK2ClockFreq  stm32l0xx_ll_rcc.o
    0x0800384c   0x0800384c   0x00000054   Code   RO          740    i.RCC_GetSystemClockFreq  stm32l0xx_ll_rcc.o
    0x080038a0   0x080038a0   0x00000050   Code   RO          741    i.RCC_PLL_GetFreqDomain_SYS  stm32l0xx_ll_rcc.o
    0x080038f0   0x080038f0   0x0000006c   Code   RO         3757    i.ReadReg_INA       ina239_power.o
    0x0800395c   0x0800395c   0x00000020   Code   RO         3488    i.RingBuffer_getNewDataCount  rs485.o
    0x0800397c   0x0800397c   0x000000c0   Code   RO         3489    i.RingBuffer_tryread  rs485.o
    0x08003a3c   0x08003a3c   0x0000005c   Code   RO         3490    i.RingBuffer_trywrite  rs485.o
    0x08003a98   0x08003a98   0x00000010   Code   RO          458    i.SPI1_IRQHandler   stm32l0xx_it.o
    0x08003aa8   0x08003aa8   0x00000010   Code   RO         2726    i.SPI_DMAAbortOnError  stm32l0xx_hal_spi.o
    0x08003ab8   0x08003ab8   0x0000005c   Code   RO         2736    i.SPI_EndRxTransaction  stm32l0xx_hal_spi.o
    0x08003b14   0x08003b14   0x00000060   Code   RO         2737    i.SPI_EndRxTxTransaction  stm32l0xx_hal_spi.o
    0x08003b74   0x08003b74   0x000000b8   Code   RO         2742    i.SPI_WaitFlagStateUntilTimeout  stm32l0xx_hal_spi.o
    0x08003c2c   0x08003c2c   0x00000002   Code   RO          459    i.SVC_Handler       stm32l0xx_it.o
    0x08003c2e   0x08003c2e   0x00000002   PAD
    0x08003c30   0x08003c30   0x00000024   Code   RO         3384    i.SetDutyCycleBDC   bdc_motor.o
    0x08003c54   0x08003c54   0x00000002   Code   RO         3679    i.Sleep_Reset       power.o
    0x08003c56   0x08003c56   0x00000002   PAD
    0x08003c58   0x08003c58   0x00000040   Code   RO         3241    i.StartUpConfig     config.o
    0x08003c98   0x08003c98   0x000000a0   Code   RO         3581    i.StepGenerate_IRQHandler_Callback  step_motor.o
    0x08003d38   0x08003d38   0x000000a0   Code   RO         3304    i.SwitchControl     periphery.o
    0x08003dd8   0x08003dd8   0x00000008   Code   RO          460    i.SysTick_Handler   stm32l0xx_it.o
    0x08003de0   0x08003de0   0x000000d8   Code   RO           13    i.SystemClock_Config  main.o
    0x08003eb8   0x08003eb8   0x00000054   Code   RO         3206    i.SystemInit        system_stm32l0xx.o
    0x08003f0c   0x08003f0c   0x00000014   Code   RO          461    i.TIM21_IRQHandler  stm32l0xx_it.o
    0x08003f20   0x08003f20   0x00000010   Code   RO          462    i.TIM22_IRQHandler  stm32l0xx_it.o
    0x08003f30   0x08003f30   0x0000000c   Code   RO          463    i.TIM2_IRQHandler   stm32l0xx_it.o
    0x08003f3c   0x08003f3c   0x0000001c   Code   RO          464    i.TIM6_DAC_IRQHandler  stm32l0xx_it.o
    0x08003f58   0x08003f58   0x00000008   Code   RO          465    i.USART1_IRQHandler  stm32l0xx_it.o
    0x08003f60   0x08003f60   0x00000064   Code   RO         3758    i.WriteReg_INA      ina239_power.o
    0x08003fc4   0x08003fc4   0x0000002e   Code   RO         3987    i.__ARM_clz         mf_p.l(depilogue.o)
    0x08003ff2   0x08003ff2   0x00000002   PAD
    0x08003ff4   0x08003ff4   0x00000020   Code   RO         3305    i.__NVIC_DisableIRQ  periphery.o
    0x08004014   0x08004014   0x00000020   Code   RO         3385    i.__NVIC_DisableIRQ  bdc_motor.o
    0x08004034   0x08004034   0x00000018   Code   RO          349    i.__NVIC_EnableIRQ  tim.o
    0x0800404c   0x0800404c   0x00000018   Code   RO         3306    i.__NVIC_EnableIRQ  periphery.o
    0x08004064   0x08004064   0x00000018   Code   RO         3386    i.__NVIC_EnableIRQ  bdc_motor.o
    0x0800407c   0x0800407c   0x00000018   Code   RO         3583    i.__NVIC_EnableIRQ  step_motor.o
    0x08004094   0x08004094   0x00000044   Code   RO          350    i.__NVIC_SetPriority  tim.o
    0x080040d8   0x080040d8   0x00000044   Code   RO         2523    i.__NVIC_SetPriority  stm32l0xx_hal_cortex.o
    0x0800411c   0x0800411c   0x0000000e   Code   RO         3993    i.__scatterload_copy  mc_p.l(handlers.o)
    0x0800412a   0x0800412a   0x00000002   Code   RO         3994    i.__scatterload_null  mc_p.l(handlers.o)
    0x0800412c   0x0800412c   0x0000000e   Code   RO         3995    i.__scatterload_zeroinit  mc_p.l(handlers.o)
    0x0800413a   0x0800413a   0x00000002   Code   RO           14    i.assert_failed     main.o
    0x0800413c   0x0800413c   0x000000b4   Code   RO         3387    i.bdc_OFF           bdc_motor.o
    0x080041f0   0x080041f0   0x00000100   Code   RO         3388    i.bdc_ON            bdc_motor.o
    0x080042f0   0x080042f0   0x00000128   Code   RO         3390    i.bdc_TIM2_Init     bdc_motor.o
    0x08004418   0x08004418   0x00000078   Code   RO         3391    i.bdc_speed_down    bdc_motor.o
    0x08004490   0x08004490   0x00000078   Code   RO         3392    i.bdc_speed_up      bdc_motor.o
    0x08004508   0x08004508   0x0000003c   Code   RO         3865    i.flashPage_Init    flash_work.o
    0x08004544   0x08004544   0x0000000c   Code   RO         3866    i.flashPage_addr    flash_work.o
    0x08004550   0x08004550   0x0000002c   Code   RO         3867    i.flashPage_erase   flash_work.o
    0x0800457c   0x0800457c   0x00000028   Code   RO         3868    i.flashPage_read32  flash_work.o
    0x080045a4   0x080045a4   0x00000044   Code   RO         3869    i.flashPage_write32  flash_work.o
    0x080045e8   0x080045e8   0x0000003c   Code   RO         3870    i.flash_StartUp     flash_work.o
    0x08004624   0x08004624   0x0000016c   Code   RO         3759    i.ina239_StartUp    ina239_power.o
    0x08004790   0x08004790   0x0000002e   Code   RO         3307    i.irq_disable       periphery.o
    0x080047be   0x080047be   0x0000002e   Code   RO         3308    i.irq_enable        periphery.o
    0x080047ec   0x080047ec   0x00000060   Code   RO           15    i.main              main.o
    0x0800484c   0x0800484c   0x00000038   Code   RO         3491    i.rs485_IRQHandler  rs485.o
    0x08004884   0x08004884   0x0000003c   Code   RO         3492    i.rs485_StartUp     rs485.o
    0x080048c0   0x080048c0   0x00000030   Code   RO         3493    i.rs485_transmit_off  rs485.o
    0x080048f0   0x080048f0   0x0000003c   Code   RO         3494    i.rs485_transmit_on  rs485.o
    0x0800492c   0x0800492c   0x0000006c   Code   RO         3495    i.rs485_transmit_preparing  rs485.o
    0x08004998   0x08004998   0x00000030   Code   RO         3496    i.rs485_transmiting  rs485.o
    0x080049c8   0x080049c8   0x00000054   Code   RO         3584    i.step_StartUp      step_motor.o
    0x08004a1c   0x08004a1c   0x0000000e   Data   RO          351    .constdata          tim.o
    0x08004a2a   0x08004a2a   0x00000019   Data   RO         3207    .constdata          system_stm32l0xx.o
    0x08004a43   0x08004a43   0x00000008   Data   RO         3208    .constdata          system_stm32l0xx.o
    0x08004a4b   0x08004a4b   0x00000015   Data   RO         3393    .constdata          bdc_motor.o
    0x08004a60   0x08004a60   0x0000000f   Data   RO         3498    .constdata          rs485.o
    0x08004a6f   0x08004a6f   0x00000022   Data   RO         3762    .constdata          ina239_power.o
    0x08004a91   0x08004a91   0x00000003   PAD
    0x08004a94   0x08004a94   0x00000020   Data   RO         3991    Region$$Table       anon$$obj.o


    Execution Region RW_IRAM1 (Exec base: 0x20000000, Load base: 0x08004ab4, Size: 0x000005b0, Max: 0x00005000, ABSOLUTE)

    Exec Addr    Load Addr    Size         Type   Attr      Idx    E Section Name        Object

    0x20000000   0x08004ab4   0x0000000c   Data   RW          984    .data               stm32l0xx_hal.o
    0x2000000c   0x08004ac0   0x00000004   Data   RW         3209    .data               system_stm32l0xx.o
    0x20000010   0x08004ac4   0x00000020   Data   RW         3243    .data               config.o
    0x20000030   0x08004ae4   0x00000001   Data   RW         3244    .data               config.o
    0x20000031   0x08004ae5   0x00000001   Data   RW         3245    .data               config.o
    0x20000032   0x08004ae6   0x00000001   Data   RW         3246    .data               config.o
    0x20000033   0x08004ae7   0x00000001   PAD
    0x20000034   0x08004ae8   0x00000004   Data   RW         3247    .data               config.o
    0x20000038   0x08004aec   0x00000004   Data   RW         3248    .data               config.o
    0x2000003c   0x08004af0   0x00000004   Data   RW         3249    .data               config.o
    0x20000040   0x08004af4   0x00000004   Data   RW         3250    .data               config.o
    0x20000044   0x08004af8   0x00000004   Data   RW         3251    .data               config.o
    0x20000048   0x08004afc   0x00000001   Data   RW         3255    .data               config.o
    0x20000049   0x08004afd   0x00000001   Data   RW         3256    .data               config.o
    0x2000004a   0x08004afe   0x00000001   Data   RW         3257    .data               config.o
    0x2000004b   0x08004aff   0x00000003   Data   RW         3309    .data               periphery.o
    0x2000004e   0x08004b02   0x00000002   PAD
    0x20000050   0x08004b04   0x00000014   Data   RW         3394    .data               bdc_motor.o
    0x20000064   0x08004b18   0x0000000a   Data   RW         3499    .data               rs485.o
    0x2000006e   0x08004b22   0x00000002   PAD
    0x20000070   0x08004b24   0x00000014   Data   RW         3711    .data               currentbdc.o
    0x20000084   0x08004b38   0x0000001c   Data   RW         3763    .data               ina239_power.o
    0x200000a0   0x08004b54   0x00000004   Data   RW         3873    .data               flash_work.o
    0x200000a4        -       0x00000058   Zero   RW          304    .bss                spi.o
    0x200000fc        -       0x00000018   Zero   RW         1963    .bss                stm32l0xx_hal_flash.o
    0x20000114        -       0x00000080   Zero   RW         3497    .bss                rs485.o
    0x20000194        -       0x00000010   Zero   RW         3760    .bss                ina239_power.o
    0x200001a4        -       0x0000000c   Zero   RW         3872    .bss                flash_work.o
    0x200001b0        -       0x00000400   Zero   RW            1    STACK               startup_stm32l072xx.o


==============================================================================

Image component sizes


      Code (inc. data)   RO Data    RW Data    ZI Data      Debug   Object Name

       244         26          0          0          0      35114   adc.o
      1396        144         21         20          0      45959   bdc_motor.o
        64         10          0         58          0       9067   config.o
       196         42          0         20          0      27840   currentbdc.o
       286         36          0          4         12       5191   flash_work.o
       608         16          0          0          0      24607   gpio.o
       858        134         34         28         16      30264   ina239_power.o
       316         22          0          0          0     327716   main.o
       952         70          0          3          0      41719   periphery.o
         2          0          0          0          0        406   power.o
       720        114         15         10        128      26751   rs485.o
       172         24          0          0         88       1605   spi.o
        28          8        192          0       1024        636   startup_stm32l072xx.o
      1112        158          0          0          0      44182   step_motor.o
       136         24          0         12          0       8573   stm32l0xx_hal.o
       300        142          0          0          0      12189   stm32l0xx_hal_cortex.o
        76          0          0          0          0       1059   stm32l0xx_hal_dma.o
       512        110          0          0         24       5909   stm32l0xx_hal_flash.o
       348         92          0          0          0       2749   stm32l0xx_hal_flash_ex.o
       752         96          0          0          0       1544   stm32l0xx_hal_gpio.o
        68          6          0          0          0        514   stm32l0xx_hal_msp.o
       284         78          0          0          0       1680   stm32l0xx_hal_pwr.o
      2710        264          0          0          0      11035   stm32l0xx_hal_spi.o
       116         24          0          0          0      27423   stm32l0xx_it.o
       592        136          0          0          0      31420   stm32l0xx_ll_adc.o
       452         80          0          0          0       6975   stm32l0xx_ll_gpio.o
       544        158          0          0          0      22320   stm32l0xx_ll_rcc.o
      1588        442          0          0          0      36555   stm32l0xx_ll_tim.o
       508         90          0          0          0      21844   stm32l0xx_ll_usart.o
        44         10          0          0          0       5420   stm32l0xx_ll_utils.o
        84         18         33          4          0       1243   system_stm32l0xx.o
       800         76         14          0          0      42717   tim.o
       216         16          0          0          0      28994   usart.o

    ----------------------------------------------------------------------
     17106       2666        344        164       1292     891220   Object Totals
         0          0         32          0          0          0   (incl. Generated)
        22          0          3          5          0          0   (incl. Padding)

    ----------------------------------------------------------------------

      Code (inc. data)   RO Data    RW Data    ZI Data      Debug   Library Member Name

         0          0          0          0          0          0   entry.o
         0          0          0          0          0          0   entry10a.o
         0          0          0          0          0          0   entry11a.o
         4          0          0          0          0          0   entry12b.o
         8          4          0          0          0          0   entry2.o
         4          0          0          0          0          0   entry5.o
         0          0          0          0          0          0   entry7b.o
         0          0          0          0          0          0   entry8b.o
         8          4          0          0          0          0   entry9a.o
        30          0          0          0          0          0   handlers.o
        36          8          0          0          0         68   init.o
         0          0          0          0          0          0   iusefp.o
        32          0          0          0          0         68   llshl.o
        38          0          0          0          0         68   llsshr.o
        34          0          0          0          0         68   llushr.o
        36          0          0          0          0        100   memseta.o
        44          0          0          0          0         72   uidiv.o
        56          0          0          0          0         68   d2f.o
       360          6          0          0          0        140   dadd.o
       240          6          0          0          0         84   ddiv.o
       236          0          0          0          0        216   depilogue.o
        60         10          0          0          0         68   dfixui.o
        40          6          0          0          0         68   dflti.o
        28          4          0          0          0         68   dfltui.o
       208          6          0          0          0         88   dmul.o
        40          0          0          0          0         60   f2d.o
       130          0          0          0          0        144   fepilogue.o

    ----------------------------------------------------------------------
      1674         54          0          0          0       1448   Library Totals
         2          0          0          0          0          0   (incl. Padding)

    ----------------------------------------------------------------------

      Code (inc. data)   RO Data    RW Data    ZI Data      Debug   Library Name

       274         16          0          0          0        444   mc_p.l
      1398         38          0          0          0       1004   mf_p.l

    ----------------------------------------------------------------------
      1674         54          0          0          0       1448   Library Totals

    ----------------------------------------------------------------------

==============================================================================


      Code (inc. data)   RO Data    RW Data    ZI Data      Debug   

     18780       2720        344        164       1292     885648   Grand Totals
     18780       2720        344        164       1292     885648   ELF Image Totals
     18780       2720        344        164          0          0   ROM Totals

==============================================================================

    Total RO  Size (Code + RO Data)                19124 (  18.68kB)
    Total RW  Size (RW Data + ZI Data)              1456 (   1.42kB)
    Total ROM Size (Code + RO Data + RW Data)      19288 (  18.84kB)

==============================================================================

