<html>
<body>
<pre>
<h1>µVision Build Log</h1>
<h2>Tool Versions:</h2>
IDE-Version: µVision V5.33.0.0
Copyright (C) 2020 ARM Ltd and ARM Germany GmbH. All rights reserved.
License Information: Sergey Bolshakov, madin, LIC=JL28G-VFA9R-JJN6S-LGZ67-Z4PUH-ULS8E
 
Tool Versions:
Toolchain:       MDK-ARM Plus  Version: 5.33.0.0
Toolchain Path:  C:\Keil_v5\ARM\ARMCC\Bin
C Compiler:      Armcc.exe V5.06 update 7 (build 960)
Assembler:       Armasm.exe V5.06 update 7 (build 960)
Linker/Locator:  ArmLink.exe V5.06 update 7 (build 960)
Library Manager: ArmAr.exe V5.06 update 7 (build 960)
Hex Converter:   FromElf.exe V5.06 update 7 (build 960)
CPU DLL:         SARMCM3.DLL V5.33.0.0
Dialog DLL:      DARMCM1.DLL V1.19.4.0
Target DLL:      STLink\ST-LINKIII-KEIL_SWO.dll V3.0.8.0
Dialog DLL:      TARMCM1.DLL V1.14.3.0
 
<h2>Project:</h2>
E:\git\transportation_system_rev01\control system Rev01\MDK-ARM\Project_Dynamic_razgruz_L072SU.uvprojx
Project File Date:  02/01/2022

<h2>Output:</h2>
*** Using Compiler 'V5.06 update 7 (build 960)', folder: 'C:\Keil_v5\ARM\ARMCC\Bin'
Rebuild target 'Project_Dynamic_razgruz_L072SU'
assembling startup_stm32l072xx.s...
compiling main.c...
compiling iwdg.c...
compiling adc.c...
compiling gpio.c...
compiling usart.c...
compiling spi.c...
compiling tim.c...
compiling stm32l0xx_it.c...
compiling stm32l0xx_ll_gpio.c...
compiling stm32l0xx_ll_dma.c...
compiling stm32l0xx_ll_adc.c...
compiling stm32l0xx_ll_exti.c...
compiling stm32l0xx_ll_rcc.c...
compiling stm32l0xx_ll_utils.c...
compiling stm32l0xx_hal_msp.c...
compiling stm32l0xx_hal_i2c_ex.c...
compiling stm32l0xx_hal.c...
compiling stm32l0xx_hal_rcc.c...
compiling stm32l0xx_hal_i2c.c...
compiling stm32l0xx_hal_flash_ramfunc.c...
compiling stm32l0xx_hal_rcc_ex.c...
compiling stm32l0xx_hal_flash.c...
compiling stm32l0xx_hal_flash_ex.c...
compiling stm32l0xx_hal_gpio.c...
compiling stm32l0xx_hal_dma.c...
compiling stm32l0xx_hal_pwr.c...
compiling stm32l0xx_hal_pwr_ex.c...
compiling stm32l0xx_hal_cortex.c...
compiling stm32l0xx_hal_exti.c...
compiling stm32l0xx_hal_spi.c...
compiling stm32l0xx_hal_tim.c...
compiling stm32l0xx_hal_tim_ex.c...
compiling stm32l0xx_ll_tim.c...
compiling system_stm32l0xx.c...
compiling stm32l0xx_ll_usart.c...
compiling config.c...
compiling periphery.c...
compiling bdc_motor.c...
compiling rs485.c...
compiling CurrentBDC.c...
compiling step_motor.c...
compiling power.c...
compiling ina239_power.c...
compiling flash_work.c...
linking...
Program Size: Code=18360 RO-data=336 RW-data=168 ZI-data=1296  
FromELF: creating hex file...
".\Project_Dynamic_razgruz_L072SU\Project_Dynamic_razgruz_L072SU.axf" - 0 Error(s), 0 Warning(s).

<h2>Software Packages used:</h2>

Package Vendor: ARM
                http://www.keil.com/pack/ARM.CMSIS.5.7.0.pack
                ARM.CMSIS.5.7.0
                CMSIS (Cortex Microcontroller Software Interface Standard)
   * Component: CORE Version: 5.4.0

Package Vendor: Keil
                http://www.keil.com/pack/Keil.STM32L0xx_DFP.2.1.0.pack
                Keil.STM32L0xx_DFP.2.1.0
                STMicroelectronics STM32L0 Series Device Support, Drivers and Examples

<h2>Collection of Component include folders:</h2>
  .\RTE\_Project_Dynamic_razgruz_L072SU
  C:\Arm\Packs\ARM\CMSIS\5.7.0\CMSIS\Core\Include
  C:\Arm\Packs\Keil\STM32L0xx_DFP\2.1.0\Drivers\CMSIS\Device\ST\STM32L0xx\Include

<h2>Collection of Component Files used:</h2>

   * Component: ARM::CMSIS:CORE:5.4.0
Build Time Elapsed:  00:00:16
</pre>
</body>
</html>
